Component: ARM Compiler 6.16 Tool: armlink [5dfea300]

==============================================================================

Memory Map of the image

  Image Entry point : 0x08000189

  Load Region LR_IROM1 (Base: 0x08000000, Size: 0x0001c0c8, Max: 0x00100000, ABSOLUTE)

    Execution Region ER_IROM1 (Base: 0x08000000, Size: 0x0001bf50, Max: 0x00100000, ABSOLUTE)

    Base Addr    Size         Type   Attr      Idx    E Section Name        Object

    0x08000000   0x00000188   Data   RO        34920    RESET               BUILD/DISCO_L475VG_IOT01A/ARMC6/mbed-os/targets/TARGET_STM/TARGET_STM32L4/TARGET_STM32L475xG/TOOLCHAIN_ARM/startup_stm32l475xx.o
    0x08000188   0x00000008   Code   RO        36521  * !!!main             /Library/Application Support/Mbed Studio/mbed-studio-tools/ac6/bin/../lib/armlib/c_w.l(__main.o)
    0x08000190   0x00000034   Code   RO        37921    !!!scatter          /Library/Application Support/Mbed Studio/mbed-studio-tools/ac6/bin/../lib/armlib/c_w.l(__scatter.o)
    0x080001c4   0x0000003a   Code   RO        37919    !!dczerorl          /Library/Application Support/Mbed Studio/mbed-studio-tools/ac6/bin/../lib/armlib/c_w.l(__dczerorl.o)
    0x080001fe   0x00000002   PAD
    0x08000200   0x0000001a   Code   RO        37923    !!handler_copy      /Library/Application Support/Mbed Studio/mbed-studio-tools/ac6/bin/../lib/armlib/c_w.l(__scatter_copy.o)
    0x0800021a   0x00000002   PAD
    0x0800021c   0x0000001c   Code   RO        37925    !!handler_zi        /Library/Application Support/Mbed Studio/mbed-studio-tools/ac6/bin/../lib/armlib/c_w.l(__scatter_zi.o)
    0x08000238   0x00000000   Code   RO        36387    .ARM.Collect$$_printf_percent$$00000000  /Library/Application Support/Mbed Studio/mbed-studio-tools/ac6/bin/../lib/armlib/c_w.l(_printf_percent.o)
    0x08000238   0x00000006   Code   RO        36379    .ARM.Collect$$_printf_percent$$00000001  /Library/Application Support/Mbed Studio/mbed-studio-tools/ac6/bin/../lib/armlib/c_w.l(_printf_n.o)
    0x0800023e   0x00000006   Code   RO        36381    .ARM.Collect$$_printf_percent$$00000002  /Library/Application Support/Mbed Studio/mbed-studio-tools/ac6/bin/../lib/armlib/c_w.l(_printf_p.o)
    0x08000244   0x00000006   Code   RO        36386    .ARM.Collect$$_printf_percent$$00000003  /Library/Application Support/Mbed Studio/mbed-studio-tools/ac6/bin/../lib/armlib/c_w.l(_printf_f.o)
    0x0800024a   0x00000006   Code   RO        37054    .ARM.Collect$$_printf_percent$$00000004  /Library/Application Support/Mbed Studio/mbed-studio-tools/ac6/bin/../lib/armlib/c_w.l(_printf_e.o)
    0x08000250   0x00000006   Code   RO        37055    .ARM.Collect$$_printf_percent$$00000005  /Library/Application Support/Mbed Studio/mbed-studio-tools/ac6/bin/../lib/armlib/c_w.l(_printf_g.o)
    0x08000256   0x00000006   Code   RO        37056    .ARM.Collect$$_printf_percent$$00000006  /Library/Application Support/Mbed Studio/mbed-studio-tools/ac6/bin/../lib/armlib/c_w.l(_printf_a.o)
    0x0800025c   0x0000000a   Code   RO        37061    .ARM.Collect$$_printf_percent$$00000007  /Library/Application Support/Mbed Studio/mbed-studio-tools/ac6/bin/../lib/armlib/c_w.l(_printf_ll.o)
    0x08000266   0x00000006   Code   RO        36383    .ARM.Collect$$_printf_percent$$00000008  /Library/Application Support/Mbed Studio/mbed-studio-tools/ac6/bin/../lib/armlib/c_w.l(_printf_i.o)
    0x0800026c   0x00000006   Code   RO        36384    .ARM.Collect$$_printf_percent$$00000009  /Library/Application Support/Mbed Studio/mbed-studio-tools/ac6/bin/../lib/armlib/c_w.l(_printf_d.o)
    0x08000272   0x00000006   Code   RO        36385    .ARM.Collect$$_printf_percent$$0000000A  /Library/Application Support/Mbed Studio/mbed-studio-tools/ac6/bin/../lib/armlib/c_w.l(_printf_u.o)
    0x08000278   0x00000006   Code   RO        36382    .ARM.Collect$$_printf_percent$$0000000B  /Library/Application Support/Mbed Studio/mbed-studio-tools/ac6/bin/../lib/armlib/c_w.l(_printf_o.o)
    0x0800027e   0x00000006   Code   RO        36380    .ARM.Collect$$_printf_percent$$0000000C  /Library/Application Support/Mbed Studio/mbed-studio-tools/ac6/bin/../lib/armlib/c_w.l(_printf_x.o)
    0x08000284   0x00000006   Code   RO        37058    .ARM.Collect$$_printf_percent$$0000000D  /Library/Application Support/Mbed Studio/mbed-studio-tools/ac6/bin/../lib/armlib/c_w.l(_printf_lli.o)
    0x0800028a   0x00000006   Code   RO        37059    .ARM.Collect$$_printf_percent$$0000000E  /Library/Application Support/Mbed Studio/mbed-studio-tools/ac6/bin/../lib/armlib/c_w.l(_printf_lld.o)
    0x08000290   0x00000006   Code   RO        37060    .ARM.Collect$$_printf_percent$$0000000F  /Library/Application Support/Mbed Studio/mbed-studio-tools/ac6/bin/../lib/armlib/c_w.l(_printf_llu.o)
    0x08000296   0x00000006   Code   RO        37064    .ARM.Collect$$_printf_percent$$00000010  /Library/Application Support/Mbed Studio/mbed-studio-tools/ac6/bin/../lib/armlib/c_w.l(_printf_llo.o)
[...]
    0x080114a4   0x00000004   Code   RO          336    .text._platform_post_stackheap_init  BUILD/DISCO_L475VG_IOT01A/ARMC6/mbed-os/cmsis/CMSIS_5/CMSIS/RTOS2/RTX/Source/rtx_lib.o
    0x080114a8   0x00000004   Code   RO        29594    .text._scanf_mbtowc  BUILD/DISCO_L475VG_IOT01A/ARMC6/mbed-os/platform/source/mbed_retarget.o
    0x080114ac   0x00000004   Code   RO        29472    .text._sys_close    BUILD/DISCO_L475VG_IOT01A/ARMC6/mbed-os/platform/source/mbed_retarget.o
    0x080114b0   0x00000002   Code   RO        29480    .text._sys_exit     BUILD/DISCO_L475VG_IOT01A/ARMC6/mbed-os/platform/source/mbed_retarget.o
    0x080114b2   0x0000002a   Code   RO        29500    .text._sys_flen     BUILD/DISCO_L475VG_IOT01A/ARMC6/mbed-os/platform/source/mbed_retarget.o
    0x080114dc   0x00000004   Code   RO        29488    .text._sys_istty    BUILD/DISCO_L475VG_IOT01A/ARMC6/mbed-os/platform/source/mbed_retarget.o
    0x080114e0   0x0000008a   Code   RO        29468    .text._sys_open     BUILD/DISCO_L475VG_IOT01A/ARMC6/mbed-os/platform/source/mbed_retarget.o
    0x0801156a   0x00000006   Code   RO        29490    .text._sys_seek     BUILD/DISCO_L475VG_IOT01A/ARMC6/mbed-os/platform/source/mbed_retarget.o
    0x08011570   0x00000130   Code   RO        29476    .text._sys_write    BUILD/DISCO_L475VG_IOT01A/ARMC6/mbed-os/platform/source/mbed_retarget.o
    0x080116a0   0x00000018   Code   RO        29482    .text._ttywrch      BUILD/DISCO_L475VG_IOT01A/ARMC6/mbed-os/platform/source/mbed_retarget.o
    0x080116b8   0x00000016   Code   RO        29681    .text._wait_us_ticks  BUILD/DISCO_L475VG_IOT01A/ARMC6/mbed-os/platform/source/mbed_wait_api_no_rtos.o
    0x080116ce   0x00000004   Code   RO        37293    .text.abort_message  /Library/Application Support/Mbed Studio/mbed-studio-tools/ac6/bin/../lib/libcxx/libcppabi_w.l(abort_message.cpp.o)
    0x080116d2   0x00000002   Code   RO        28675    .text.block_us_ticker_free  BUILD/DISCO_L475VG_IOT01A/ARMC6/mbed-os/hal/source/mbed_us_ticker_api.o
    0x080116d4   0x00000134   Code   RO        35184    .text.can_irq       BUILD/DISCO_L475VG_IOT01A/ARMC6/mbed-os/targets/TARGET_STM/can_api.o
    0x08011808   0x0000003c   Code   RO        29474    .text.close         BUILD/DISCO_L475VG_IOT01A/ARMC6/mbed-os/platform/source/mbed_retarget.o
    0x08011844   0x0000000a   Code   RO         9737    .text.common_write_16_bit  BUILD/DISCO_L475VG_IOT01A/ARMC6/mbed-os/connectivity/libraries/nanostack-libservice/source/libBits/common_functions.o
    0x0801184e   0x0000000c   Code   RO        29275    .text.core_util_are_interrupts_enabled  BUILD/DISCO_L475VG_IOT01A/ARMC6/mbed-os/platform/source/mbed_critical.o
    0x0801185a   0x00000016   Code   RO        29230    .text.core_util_atomic_load_u64  BUILD/DISCO_L475VG_IOT01A/ARMC6/mbed-os/platform/source/mbed_atomic_impl.o
    0x08011870   0x00000088   Code   RO        29281    .text.core_util_critical_section_enter  BUILD/DISCO_L475VG_IOT01A/ARMC6/mbed-os/platform/source/mbed_critical.o
    0x080118f8   0x00000018   Code   RO        29283    .text.core_util_critical_section_exit  BUILD/DISCO_L475VG_IOT01A/ARMC6/mbed-os/platform/source/mbed_critical.o
    0x08011910   0x0000000c   Code   RO        29277    .text.core_util_is_isr_active  BUILD/DISCO_L475VG_IOT01A/ARMC6/mbed-os/platform/source/mbed_critical.o
    0x0801191c   0x00000054   Code   RO        35528    .text.debug         BUILD/DISCO_L475VG_IOT01A/ARMC6/mbed-os/targets/TARGET_STM/serial_api.o
    0x08011970   0x00000064   Code   RO        35577    .text.debug         BUILD/DISCO_L475VG_IOT01A/ARMC6/mbed-os/targets/TARGET_STM/stm_spi_api.o
    0x080119d4   0x00000082   Code   RO        27908    .text.equeue_alloc  BUILD/DISCO_L475VG_IOT01A/ARMC6/mbed-os/events/source/equeue.o
    0x08011a56   0x00000024   Code   RO        27902    .text.equeue_create  BUILD/DISCO_L475VG_IOT01A/ARMC6/mbed-os/events/source/equeue.o
    0x08011a7a   0x00000072   Code   RO        27904    .text.equeue_create_inplace  BUILD/DISCO_L475VG_IOT01A/ARMC6/mbed-os/events/source/equeue.o
    0x08011aec   0x00000086   Code   RO        27910    .text.equeue_dealloc  BUILD/DISCO_L475VG_IOT01A/ARMC6/mbed-os/events/source/equeue.o
    0x08011b72   0x00000002   PAD
    0x08011b74   0x000001aa   Code   RO        27930    .text.equeue_dispatch  BUILD/DISCO_L475VG_IOT01A/ARMC6/mbed-os/events/source/equeue.o
    0x08011d1e   0x00000002   PAD
    0x08011d20   0x000000b4   Code   RO        27912    .text.equeue_enqueue  BUILD/DISCO_L475VG_IOT01A/ARMC6/mbed-os/events/source/equeue.o
    0x08011dd4   0x00000004   Code   RO        27964    .text.equeue_mutex_lock  BUILD/DISCO_L475VG_IOT01A/ARMC6/mbed-os/events/source/equeue_mbed.o
    0x08011dd8   0x00000004   Code   RO        27966    .text.equeue_mutex_unlock  BUILD/DISCO_L475VG_IOT01A/ARMC6/mbed-os/events/source/equeue_mbed.o
    0x08011ddc   0x00000048   Code   RO        27914    .text.equeue_post   BUILD/DISCO_L475VG_IOT01A/ARMC6/mbed-os/events/source/equeue.o
    0x08011e24   0x00000014   Code   RO        27968    .text.equeue_sema_create  BUILD/DISCO_L475VG_IOT01A/ARMC6/mbed-os/events/source/equeue_mbed.o
    0x08011e38   0x00000006   Code   RO        27972    .text.equeue_sema_signal  BUILD/DISCO_L475VG_IOT01A/ARMC6/mbed-os/events/source/equeue_mbed.o
    0x08011e3e   0x00000018   Code   RO        27974    .text.equeue_sema_wait  BUILD/DISCO_L475VG_IOT01A/ARMC6/mbed-os/events/source/equeue_mbed.o
    0x08011e56   0x00000032   Code   RO        27958    .text.equeue_tick   BUILD/DISCO_L475VG_IOT01A/ARMC6/mbed-os/events/source/equeue_mbed.o
    0x08011e88   0x00000004   Code   RO        27956    .text.equeue_tick_init  BUILD/DISCO_L475VG_IOT01A/ARMC6/mbed-os/events/source/equeue_mbed.o
    0x08011e8c   0x00000070   Code   RO        29288    .text.error         BUILD/DISCO_L475VG_IOT01A/ARMC6/mbed-os/platform/source/mbed_error.o
    0x08011efc   0x00000034   Code   RO          783    .text.error_msg     BUILD/DISCO_L475VG_IOT01A/ARMC6/mbed-os/cmsis/device/rtos/source/mbed_rtx_handlers.o
    0x08011f30   0x0000002e   Code   RO        29546    .text.exit          BUILD/DISCO_L475VG_IOT01A/ARMC6/mbed-os/platform/source/mbed_retarget.o
    0x08011f5e   0x0000002c   Code   RO        29498    .text.fsync         BUILD/DISCO_L475VG_IOT01A/ARMC6/mbed-os/platform/source/mbed_retarget.o
    0x08011f8a   0x0000000a   Code   RO        28578    .text.get_lp_ticker_data  BUILD/DISCO_L475VG_IOT01A/ARMC6/mbed-os/hal/source/mbed_lp_ticker_api.o
    0x08011f94   0x00000072   Code   RO        35518    .text.get_uart_index  BUILD/DISCO_L475VG_IOT01A/ARMC6/mbed-os/targets/TARGET_STM/serial_api.o
    0x08012006   0x0000000a   Code   RO        28669    .text.get_us_ticker_data  BUILD/DISCO_L475VG_IOT01A/ARMC6/mbed-os/hal/source/mbed_us_ticker_api.o
    0x08012010   0x0000002e   Code   RO        35209    .text.gpio_dir      BUILD/DISCO_L475VG_IOT01A/ARMC6/mbed-os/targets/TARGET_STM/gpio_api.o
    0x0801203e   0x0000004a   Code   RO        35205    .text.gpio_init     BUILD/DISCO_L475VG_IOT01A/ARMC6/mbed-os/targets/TARGET_STM/gpio_api.o
    0x08012088   0x00000006   Code   RO        28556    .text.gpio_init_in  BUILD/DISCO_L475VG_IOT01A/ARMC6/mbed-os/hal/source/mbed_gpio.o
    0x0801208e   0x00000026   Code   RO        28558    .text.gpio_init_in_ex  BUILD/DISCO_L475VG_IOT01A/ARMC6/mbed-os/hal/source/mbed_gpio.o
    0x080120b4   0x00000062   Code   RO        28564    .text.gpio_init_inout  BUILD/DISCO_L475VG_IOT01A/ARMC6/mbed-os/hal/source/mbed_gpio.o
    0x08012116   0x00000006   Code   RO        28560    .text.gpio_init_out  BUILD/DISCO_L475VG_IOT01A/ARMC6/mbed-os/hal/source/mbed_gpio.o
    0x0801211c   0x00000034   Code   RO        28562    .text.gpio_init_out_ex  BUILD/DISCO_L475VG_IOT01A/ARMC6/mbed-os/hal/source/mbed_gpio.o
    0x08012150   0x00000008   Code   RO        35219    .text.gpio_irq0     BUILD/DISCO_L475VG_IOT01A/ARMC6/mbed-os/targets/TARGET_STM/gpio_irq_api.o
    0x08012158   0x00000008   Code   RO        35221    .text.gpio_irq1     BUILD/DISCO_L475VG_IOT01A/ARMC6/mbed-os/targets/TARGET_STM/gpio_irq_api.o
    0x08012160   0x00000008   Code   RO        35223    .text.gpio_irq2     BUILD/DISCO_L475VG_IOT01A/ARMC6/mbed-os/targets/TARGET_STM/gpio_irq_api.o
    0x08012168   0x00000008   Code   RO        35225    .text.gpio_irq3     BUILD/DISCO_L475VG_IOT01A/ARMC6/mbed-os/targets/TARGET_STM/gpio_irq_api.o
    0x08012170   0x00000008   Code   RO        35227    .text.gpio_irq4     BUILD/DISCO_L475VG_IOT01A/ARMC6/mbed-os/targets/TARGET_STM/gpio_irq_api.o
    0x08012178   0x00000008   Code   RO        35229    .text.gpio_irq5     BUILD/DISCO_L475VG_IOT01A/ARMC6/mbed-os/targets/TARGET_STM/gpio_irq_api.o
    0x08012180   0x00000008   Code   RO        35231    .text.gpio_irq6     BUILD/DISCO_L475VG_IOT01A/ARMC6/mbed-os/targets/TARGET_STM/gpio_irq_api.o
    0x08012188   0x000000bc   Code   RO        35237    .text.gpio_irq_disable  BUILD/DISCO_L475VG_IOT01A/ARMC6/mbed-os/targets/TARGET_STM/gpio_irq_api.o
    0x08012244   0x000000a8   Code   RO        35233    .text.gpio_irq_enable  BUILD/DISCO_L475VG_IOT01A/ARMC6/mbed-os/targets/TARGET_STM/gpio_irq_api.o
    0x080122ec   0x00000074   Code   RO        35235    .text.gpio_irq_free  BUILD/DISCO_L475VG_IOT01A/ARMC6/mbed-os/targets/TARGET_STM/gpio_irq_api.o
    0x08012360   0x000001a4   Code   RO        35217    .text.gpio_irq_init  BUILD/DISCO_L475VG_IOT01A/ARMC6/mbed-os/targets/TARGET_STM/gpio_irq_api.o
    0x08012504   0x0000007a   Code   RO        35239    .text.gpio_irq_set  BUILD/DISCO_L475VG_IOT01A/ARMC6/mbed-os/targets/TARGET_STM/gpio_irq_api.o
    0x0801257e   0x00000008   Code   RO        35207    .text.gpio_mode     BUILD/DISCO_L475VG_IOT01A/ARMC6/mbed-os/targets/TARGET_STM/gpio_api.o
    0x08012586   0x00000002   PAD
    0x08012588   0x00000068   Code   RO        35203    .text.gpio_set      BUILD/DISCO_L475VG_IOT01A/ARMC6/mbed-os/targets/TARGET_STM/gpio_api.o
    0x080125f0   0x00000026   Code   RO        28542    .text.hal_critical_section_enter  BUILD/DISCO_L475VG_IOT01A/ARMC6/mbed-os/hal/source/mbed_critical_section_api.o
    0x08012616   0x00000002   PAD
    0x08012618   0x00000084   Code   RO        28544    .text.hal_critical_section_exit  BUILD/DISCO_L475VG_IOT01A/ARMC6/mbed-os/hal/source/mbed_critical_section_api.o
    0x0801269c   0x0000015c   Code   RO        35557    .text.hal_deepsleep  BUILD/DISCO_L475VG_IOT01A/ARMC6/mbed-os/targets/TARGET_STM/sleep.o
    0x080127f8   0x00000022   Code   RO        35555    .text.hal_sleep     BUILD/DISCO_L475VG_IOT01A/ARMC6/mbed-os/targets/TARGET_STM/sleep.o
    0x0801281a   0x00000110   Code   RO        29290    .text.handle_error  BUILD/DISCO_L475VG_IOT01A/ARMC6/mbed-os/platform/source/mbed_error.o
    0x0801292a   0x00000002   PAD
    0x0801292c   0x000000d0   Code   RO        35241    .text.handle_interrupt_in  BUILD/DISCO_L475VG_IOT01A/ARMC6/mbed-os/targets/TARGET_STM/gpio_irq_api.o
    0x080129fc   0x0000001c   Code   RO        35267    .text.i2c1_irq      BUILD/DISCO_L475VG_IOT01A/ARMC6/mbed-os/targets/TARGET_STM/i2c_api.o
    0x08012a18   0x0000001c   Code   RO        35269    .text.i2c2_irq      BUILD/DISCO_L475VG_IOT01A/ARMC6/mbed-os/targets/TARGET_STM/i2c_api.o
    0x08012a34   0x0000001c   Code   RO        35271    .text.i2c3_irq      BUILD/DISCO_L475VG_IOT01A/ARMC6/mbed-os/targets/TARGET_STM/i2c_api.o
    0x08012a50   0x00000096   Code   RO        35261    .text.i2c_ev_err_enable  BUILD/DISCO_L475VG_IOT01A/ARMC6/mbed-os/targets/TARGET_STM/i2c_api.o
    0x08012ae6   0x00000002   PAD
    0x08012ae8   0x00000164   Code   RO        35279    .text.i2c_frequency  BUILD/DISCO_L475VG_IOT01A/ARMC6/mbed-os/targets/TARGET_STM/i2c_api.o
    0x08012c4c   0x000000b4   Code   RO        34976    .text.i2c_get_pclk  BUILD/DISCO_L475VG_IOT01A/ARMC6/mbed-os/targets/TARGET_STM/TARGET_STM32L4/i2c_device.o
    0x08012d00   0x00000190   Code   RO        35289    .text.i2c_get_timing  BUILD/DISCO_L475VG_IOT01A/ARMC6/mbed-os/targets/TARGET_STM/i2c_api.o
    0x08012e90   0x00000080   Code   RO        35273    .text.i2c_hw_reset  BUILD/DISCO_L475VG_IOT01A/ARMC6/mbed-os/targets/TARGET_STM/i2c_api.o
    0x08012f10   0x0000006e   Code   RO        35285    .text.i2c_init      BUILD/DISCO_L475VG_IOT01A/ARMC6/mbed-os/targets/TARGET_STM/i2c_api.o
    0x08012f7e   0x00000002   PAD
    0x08012f80   0x0000015c   Code   RO        35277    .text.i2c_init_internal  BUILD/DISCO_L475VG_IOT01A/ARMC6/mbed-os/targets/TARGET_STM/i2c_api.o
    0x080130dc   0x00000134   Code   RO        35311    .text.i2c_read      BUILD/DISCO_L475VG_IOT01A/ARMC6/mbed-os/targets/TARGET_STM/i2c_api.o
    0x08013210   0x00000058   Code   RO        35321    .text.i2c_slave_address  BUILD/DISCO_L475VG_IOT01A/ARMC6/mbed-os/targets/TARGET_STM/i2c_api.o
    0x08013268   0x00000134   Code   RO        35313    .text.i2c_write     BUILD/DISCO_L475VG_IOT01A/ARMC6/mbed-os/targets/TARGET_STM/i2c_api.o
    0x0801339c   0x000000b8   Code   RO        35637    .text.init_32bit_timer  BUILD/DISCO_L475VG_IOT01A/ARMC6/mbed-os/targets/TARGET_STM/us_ticker.o
    0x08013454   0x0000005c   Code   RO        35565    .text.init_spi      BUILD/DISCO_L475VG_IOT01A/ARMC6/mbed-os/targets/TARGET_STM/stm_spi_api.o
    0x080134b0   0x00000092   Code   RO        35520    .text.init_uart     BUILD/DISCO_L475VG_IOT01A/ARMC6/mbed-os/targets/TARGET_STM/serial_api.o
    0x08013542   0x00000002   PAD
    0x08013544   0x0000017c   Code   RO        28639    .text.initialize    BUILD/DISCO_L475VG_IOT01A/ARMC6/mbed-os/hal/source/mbed_ticker_api.o
    0x080136c0   0x0000006c   Code   RO        28649    .text.insert_event  BUILD/DISCO_L475VG_IOT01A/ARMC6/mbed-os/hal/source/mbed_ticker_api.o
    0x0801372c   0x000000ac   Code   RO         9803    .text.ip4tos        BUILD/DISCO_L475VG_IOT01A/ARMC6/mbed-os/connectivity/libraries/nanostack-libservice/source/libip4string/ip4tos.o
    0x080137d8   0x000000ac   Code   RO         9811    .text.ip6tos        BUILD/DISCO_L475VG_IOT01A/ARMC6/mbed-os/connectivity/libraries/nanostack-libservice/source/libip6string/ip6tos.o
    0x08013884   0x00000028   Code   RO        29462    .text.isatty        BUILD/DISCO_L475VG_IOT01A/ARMC6/mbed-os/platform/source/mbed_retarget.o
    0x080138ac   0x00000028   Code   RO        35369    .text.lp_ticker_clear_interrupt  BUILD/DISCO_L475VG_IOT01A/ARMC6/mbed-os/targets/TARGET_STM/lp_ticker.o
    0x080138d4   0x00000074   Code   RO        35361    .text.lp_ticker_disable_interrupt  BUILD/DISCO_L475VG_IOT01A/ARMC6/mbed-os/targets/TARGET_STM/lp_ticker.o
    0x08013948   0x00000036   Code   RO        35371    .text.lp_ticker_fire_interrupt  BUILD/DISCO_L475VG_IOT01A/ARMC6/mbed-os/targets/TARGET_STM/lp_ticker.o
    0x0801397e   0x00000004   Code   RO        35373    .text.lp_ticker_free  BUILD/DISCO_L475VG_IOT01A/ARMC6/mbed-os/targets/TARGET_STM/lp_ticker.o
    0x08013982   0x0000000a   Code   RO        35357    .text.lp_ticker_get_info  BUILD/DISCO_L475VG_IOT01A/ARMC6/mbed-os/targets/TARGET_STM/lp_ticker.o
    0x0801398c   0x00000194   Code   RO        35359    .text.lp_ticker_init  BUILD/DISCO_L475VG_IOT01A/ARMC6/mbed-os/targets/TARGET_STM/lp_ticker.o
    0x08013b20   0x00000018   Code   RO        28582    .text.lp_ticker_irq_handler  BUILD/DISCO_L475VG_IOT01A/ARMC6/mbed-os/hal/source/mbed_lp_ticker_api.o
    0x08013b38   0x00000012   Code   RO        35365    .text.lp_ticker_read  BUILD/DISCO_L475VG_IOT01A/ARMC6/mbed-os/targets/TARGET_STM/lp_ticker.o
    0x08013b4a   0x00000002   PAD
    0x08013b4c   0x00000114   Code   RO        35367    .text.lp_ticker_set_interrupt  BUILD/DISCO_L475VG_IOT01A/ARMC6/mbed-os/targets/TARGET_STM/lp_ticker.o
    0x08013c60   0x00000032   Code   RO        29492    .text.lseek         BUILD/DISCO_L475VG_IOT01A/ARMC6/mbed-os/platform/source/mbed_retarget.o
    0x08013c92   0x0000007e   Code   RO           62    .text.main          BUILD/DISCO_L475VG_IOT01A/ARMC6/main.o
    0x08013d10   0x0000001a   Code   RO        29164    .text.mbed_assert_internal  BUILD/DISCO_L475VG_IOT01A/ARMC6/mbed-os/platform/source/mbed_assert.o
    0x08013d2a   0x00000002   PAD
    0x08013d2c   0x00000062   Code   RO        29264    .text.mbed_die      BUILD/DISCO_L475VG_IOT01A/ARMC6/mbed-os/platform/source/mbed_board.o
    0x08013d8e   0x00000002   PAD
    0x08013d90   0x00000124   Code   RO        29312    .text.mbed_error    BUILD/DISCO_L475VG_IOT01A/ARMC6/mbed-os/platform/source/mbed_error.o
    0x08013eb4   0x0000006a   Code   RO        29300    .text.mbed_error_initialize  BUILD/DISCO_L475VG_IOT01A/ARMC6/mbed-os/platform/source/mbed_error.o
    0x08013f1e   0x00000020   Code   RO        29266    .text.mbed_error_printf  BUILD/DISCO_L475VG_IOT01A/ARMC6/mbed-os/platform/source/mbed_board.o
    0x08013f3e   0x00000002   PAD
    0x08013f40   0x00000052   Code   RO        29270    .text.mbed_error_puts  BUILD/DISCO_L475VG_IOT01A/ARMC6/mbed-os/platform/source/mbed_board.o
    0x08013f92   0x00000034   Code   RO        29268    .text.mbed_error_vprintf  BUILD/DISCO_L475VG_IOT01A/ARMC6/mbed-os/platform/source/mbed_board.o
    0x08013fc6   0x00000002   PAD
    0x08013fc8   0x00000100   Code   RO        29147    .text.mbed_fault_handler  BUILD/DISCO_L475VG_IOT01A/ARMC6/mbed-os/platform/source/TARGET_CORTEX_M/mbed_fault_handler.o
    0x080140c8   0x0000000c   Code   RO        29308    .text.mbed_get_error_in_progress  BUILD/DISCO_L475VG_IOT01A/ARMC6/mbed-os/platform/source/mbed_error.o
    0x080140d4   0x0000003e   Code   RO        29294    .text.mbed_halt_system  BUILD/DISCO_L475VG_IOT01A/ARMC6/mbed-os/platform/source/mbed_error.o
    0x08014112   0x00000002   PAD
    0x08014114   0x0000003c   Code   RO          724    .text.mbed_init     BUILD/DISCO_L475VG_IOT01A/ARMC6/mbed-os/cmsis/device/rtos/source/mbed_boot.o
    0x08014150   0x000000b4   Code   RO        28683    .text.mbed_mpu_init  BUILD/DISCO_L475VG_IOT01A/ARMC6/mbed-os/hal/source/mpu/mbed_mpu_v7m.o
    0x08014204   0x00000004   Code   RO          740    .text.mbed_rtos_init  BUILD/DISCO_L475VG_IOT01A/ARMC6/mbed-os/cmsis/device/rtos/source/mbed_rtos_rtx.o
    0x08014208   0x0000002c   Code   RO          744    .text.mbed_rtos_init_singleton_mutex  BUILD/DISCO_L475VG_IOT01A/ARMC6/mbed-os/cmsis/device/rtos/source/mbed_rtos_rtx.o
    0x08014234   0x000000a8   Code   RO          742    .text.mbed_rtos_start  BUILD/DISCO_L475VG_IOT01A/ARMC6/mbed-os/cmsis/device/rtos/source/mbed_rtos_rtx.o
    0x080142dc   0x0000003e   Code   RO        35402    .text.mbed_sdk_init  BUILD/DISCO_L475VG_IOT01A/ARMC6/mbed-os/targets/TARGET_STM/mbed_overrides.o
    0x0801431a   0x0000001e   Code   RO          728    .text.mbed_start    BUILD/DISCO_L475VG_IOT01A/ARMC6/mbed-os/cmsis/device/rtos/source/mbed_boot.o
    0x08014338   0x00000020   Code   RO        26414    .text.mbed_tiny_compute_crc32  BUILD/DISCO_L475VG_IOT01A/ARMC6/mbed-os/drivers/source/MbedCRC.o
    0x08014358   0x0000001a   Code   RO          706    .text.mbed_toolchain_init  BUILD/DISCO_L475VG_IOT01A/ARMC6/mbed-os/cmsis/device/rtos/TOOLCHAIN_ARM_STD/mbed_boot_arm_std.o
    0x08014372   0x0000002e   Code   RO         9793    .text.ns_list_remove_  BUILD/DISCO_L475VG_IOT01A/ARMC6/mbed-os/connectivity/libraries/nanostack-libservice/source/libList/ns_list.o
    0x080143a0   0x00000054   Code   RO        25316    .text.nsapi_dns_add_server  BUILD/DISCO_L475VG_IOT01A/ARMC6/mbed-os/connectivity/netsocket/source/nsapi_dns.o
    0x080143f4   0x000000be   Code   RO        29470    .text.open          BUILD/DISCO_L475VG_IOT01A/ARMC6/mbed-os/platform/source/mbed_retarget.o
    0x080144b2   0x0000002e   Code   RO          202    .text.osDelay       BUILD/DISCO_L475VG_IOT01A/ARMC6/mbed-os/cmsis/CMSIS_5/CMSIS/RTOS2/RTX/Source/rtx_delay.o
    0x080144e0   0x0000002e   Code   RO          228    .text.osEventFlagsDelete  BUILD/DISCO_L475VG_IOT01A/ARMC6/mbed-os/cmsis/CMSIS_5/CMSIS/RTOS2/RTX/Source/rtx_evflags.o
    0x0801450e   0x00000032   Code   RO          212    .text.osEventFlagsNew  BUILD/DISCO_L475VG_IOT01A/ARMC6/mbed-os/cmsis/CMSIS_5/CMSIS/RTOS2/RTX/Source/rtx_evflags.o
    0x08014540   0x00000056   Code   RO          216    .text.osEventFlagsSet  BUILD/DISCO_L475VG_IOT01A/ARMC6/mbed-os/cmsis/CMSIS_5/CMSIS/RTOS2/RTX/Source/rtx_evflags.o
    0x08014596   0x0000004e   Code   RO          226    .text.osEventFlagsWait  BUILD/DISCO_L475VG_IOT01A/ARMC6/mbed-os/cmsis/CMSIS_5/CMSIS/RTOS2/RTX/Source/rtx_evflags.o
    0x080145e4   0x00000032   Code   RO          286    .text.osKernelGetState  BUILD/DISCO_L475VG_IOT01A/ARMC6/mbed-os/cmsis/CMSIS_5/CMSIS/RTOS2/RTX/Source/rtx_kernel.o
    0x08014616   0x0000002a   Code   RO          302    .text.osKernelGetTickCount  BUILD/DISCO_L475VG_IOT01A/ARMC6/mbed-os/cmsis/CMSIS_5/CMSIS/RTOS2/RTX/Source/rtx_kernel.o
    0x08014640   0x00000032   Code   RO          280    .text.osKernelInitialize  BUILD/DISCO_L475VG_IOT01A/ARMC6/mbed-os/cmsis/CMSIS_5/CMSIS/RTOS2/RTX/Source/rtx_kernel.o
    0x08014672   0x00000026   Code   RO          300    .text.osKernelResume  BUILD/DISCO_L475VG_IOT01A/ARMC6/mbed-os/cmsis/CMSIS_5/CMSIS/RTOS2/RTX/Source/rtx_kernel.o
    0x08014698   0x0000002e   Code   RO          290    .text.osKernelStart  BUILD/DISCO_L475VG_IOT01A/ARMC6/mbed-os/cmsis/CMSIS_5/CMSIS/RTOS2/RTX/Source/rtx_kernel.o
    0x080146c6   0x0000002c   Code   RO          298    .text.osKernelSuspend  BUILD/DISCO_L475VG_IOT01A/ARMC6/mbed-os/cmsis/CMSIS_5/CMSIS/RTOS2/RTX/Source/rtx_kernel.o
    0x080146f2   0x0000007c   Code   RO          417    .text.osMessageQueueGet  BUILD/DISCO_L475VG_IOT01A/ARMC6/mbed-os/cmsis/CMSIS_5/CMSIS/RTOS2/RTX/Source/rtx_msgqueue.o
    0x0801476e   0x00000084   Code   RO          415    .text.osMessageQueuePut  BUILD/DISCO_L475VG_IOT01A/ARMC6/mbed-os/cmsis/CMSIS_5/CMSIS/RTOS2/RTX/Source/rtx_msgqueue.o
    0x080147f2   0x0000002e   Code   RO          465    .text.osMutexAcquire  BUILD/DISCO_L475VG_IOT01A/ARMC6/mbed-os/cmsis/CMSIS_5/CMSIS/RTOS2/RTX/Source/rtx_mutex.o
    0x08014820   0x0000002e   Code   RO          471    .text.osMutexDelete  BUILD/DISCO_L475VG_IOT01A/ARMC6/mbed-os/cmsis/CMSIS_5/CMSIS/RTOS2/RTX/Source/rtx_mutex.o
    0x0801484e   0x00000032   Code   RO          461    .text.osMutexNew    BUILD/DISCO_L475VG_IOT01A/ARMC6/mbed-os/cmsis/CMSIS_5/CMSIS/RTOS2/RTX/Source/rtx_mutex.o
    0x08014880   0x0000002e   Code   RO          467    .text.osMutexRelease  BUILD/DISCO_L475VG_IOT01A/ARMC6/mbed-os/cmsis/CMSIS_5/CMSIS/RTOS2/RTX/Source/rtx_mutex.o
    0x080148ae   0x00000002   PAD
    0x080148b0   0x000000fc   Code   RO          759    .text.osRtxErrorNotify  BUILD/DISCO_L475VG_IOT01A/ARMC6/mbed-os/cmsis/device/rtos/source/mbed_rtx_handlers.o
    0x080149ac   0x00000038   Code   RO          232    .text.osRtxEventFlagsPostProcess  BUILD/DISCO_L475VG_IOT01A/ARMC6/mbed-os/cmsis/CMSIS_5/CMSIS/RTOS2/RTX/Source/rtx_evflags.o
    0x080149e4   0x00000004   Code   RO          757    .text.osRtxIdleThread  BUILD/DISCO_L475VG_IOT01A/ARMC6/mbed-os/cmsis/device/rtos/source/mbed_rtx_handlers.o
    0x080149e8   0x00000016   Code   RO          278    .text.osRtxKernelErrorNotify  BUILD/DISCO_L475VG_IOT01A/ARMC6/mbed-os/cmsis/CMSIS_5/CMSIS/RTOS2/RTX/Source/rtx_kernel.o
    0x080149fe   0x00000002   PAD
    0x08014a00   0x00000086   Code   RO          355    .text.osRtxMemoryAlloc  BUILD/DISCO_L475VG_IOT01A/ARMC6/mbed-os/cmsis/CMSIS_5/CMSIS/RTOS2/RTX/Source/rtx_memory.o
    0x08014a86   0x00000002   PAD
    0x08014a88   0x0000004e   Code   RO          357    .text.osRtxMemoryFree  BUILD/DISCO_L475VG_IOT01A/ARMC6/mbed-os/cmsis/CMSIS_5/CMSIS/RTOS2/RTX/Source/rtx_memory.o
    0x08014ad6   0x00000038   Code   RO          353    .text.osRtxMemoryInit  BUILD/DISCO_L475VG_IOT01A/ARMC6/mbed-os/cmsis/CMSIS_5/CMSIS/RTOS2/RTX/Source/rtx_memory.o
    0x08014b0e   0x0000003a   Code   RO          363    .text.osRtxMemoryPoolAlloc  BUILD/DISCO_L475VG_IOT01A/ARMC6/mbed-os/cmsis/CMSIS_5/CMSIS/RTOS2/RTX/Source/rtx_mempool.o
    0x08014b48   0x0000004a   Code   RO          365    .text.osRtxMemoryPoolFree  BUILD/DISCO_L475VG_IOT01A/ARMC6/mbed-os/cmsis/CMSIS_5/CMSIS/RTOS2/RTX/Source/rtx_mempool.o
    0x08014b92   0x00000002   PAD
    0x08014b94   0x00000052   Code   RO          361    .text.osRtxMemoryPoolInit  BUILD/DISCO_L475VG_IOT01A/ARMC6/mbed-os/cmsis/CMSIS_5/CMSIS/RTOS2/RTX/Source/rtx_mempool.o
    0x08014be6   0x000000d6   Code   RO          439    .text.osRtxMessageQueuePostProcess  BUILD/DISCO_L475VG_IOT01A/ARMC6/mbed-os/cmsis/CMSIS_5/CMSIS/RTOS2/RTX/Source/rtx_msgqueue.o
    0x08014cbc   0x0000002c   Code   RO          407    .text.osRtxMessageQueueTimerSetup  BUILD/DISCO_L475VG_IOT01A/ARMC6/mbed-os/cmsis/CMSIS_5/CMSIS/RTOS2/RTX/Source/rtx_msgqueue.o
    0x08014ce8   0x0000004a   Code   RO          457    .text.osRtxMutexOwnerRelease  BUILD/DISCO_L475VG_IOT01A/ARMC6/mbed-os/cmsis/CMSIS_5/CMSIS/RTOS2/RTX/Source/rtx_mutex.o
    0x08014d32   0x00000002   PAD
    0x08014d34   0x00000050   Code   RO          459    .text.osRtxMutexOwnerRestore  BUILD/DISCO_L475VG_IOT01A/ARMC6/mbed-os/cmsis/CMSIS_5/CMSIS/RTOS2/RTX/Source/rtx_mutex.o
    0x08014d84   0x000000a4   Code   RO          517    .text.osRtxPendSV_Handler  BUILD/DISCO_L475VG_IOT01A/ARMC6/mbed-os/cmsis/CMSIS_5/CMSIS/RTOS2/RTX/Source/rtx_system.o
    0x08014e28   0x00000076   Code   RO          519    .text.osRtxPostProcess  BUILD/DISCO_L475VG_IOT01A/ARMC6/mbed-os/cmsis/CMSIS_5/CMSIS/RTOS2/RTX/Source/rtx_system.o
    0x08014e9e   0x00000036   Code   RO          503    .text.osRtxSemaphorePostProcess  BUILD/DISCO_L475VG_IOT01A/ARMC6/mbed-os/cmsis/CMSIS_5/CMSIS/RTOS2/RTX/Source/rtx_semaphore.o
    0x08014ed4   0x000000a2   Code   RO          547    .text.osRtxThreadDelayInsert  BUILD/DISCO_L475VG_IOT01A/ARMC6/mbed-os/cmsis/CMSIS_5/CMSIS/RTOS2/RTX/Source/rtx_thread.o
    0x08014f76   0x00000046   Code   RO          543    .text.osRtxThreadDelayRemove  BUILD/DISCO_L475VG_IOT01A/ARMC6/mbed-os/cmsis/CMSIS_5/CMSIS/RTOS2/RTX/Source/rtx_thread.o
    0x08014fbc   0x000000a2   Code   RO          533    .text.osRtxThreadDelayTick  BUILD/DISCO_L475VG_IOT01A/ARMC6/mbed-os/cmsis/CMSIS_5/CMSIS/RTOS2/RTX/Source/rtx_thread.o
    0x0801505e   0x00000026   Code   RO          629    .text.osRtxThreadDestroy  BUILD/DISCO_L475VG_IOT01A/ARMC6/mbed-os/cmsis/CMSIS_5/CMSIS/RTOS2/RTX/Source/rtx_thread.o
    0x08015084   0x000000f8   Code   RO          539    .text.osRtxThreadDispatch  BUILD/DISCO_L475VG_IOT01A/ARMC6/mbed-os/cmsis/CMSIS_5/CMSIS/RTOS2/RTX/Source/rtx_thread.o
    0x0801517c   0x00000064   Code   RO          621    .text.osRtxThreadFree  BUILD/DISCO_L475VG_IOT01A/ARMC6/mbed-os/cmsis/CMSIS_5/CMSIS/RTOS2/RTX/Source/rtx_thread.o
    0x080151e0   0x00000020   Code   RO          627    .text.osRtxThreadJoinWakeup  BUILD/DISCO_L475VG_IOT01A/ARMC6/mbed-os/cmsis/CMSIS_5/CMSIS/RTOS2/RTX/Source/rtx_thread.o
    0x08015200   0x00000012   Code   RO          525    .text.osRtxThreadListGet  BUILD/DISCO_L475VG_IOT01A/ARMC6/mbed-os/cmsis/CMSIS_5/CMSIS/RTOS2/RTX/Source/rtx_thread.o
    0x08015212   0x00000002   PAD
    0x08015214   0x0000002a   Code   RO          523    .text.osRtxThreadListPut  BUILD/DISCO_L475VG_IOT01A/ARMC6/mbed-os/cmsis/CMSIS_5/CMSIS/RTOS2/RTX/Source/rtx_thread.o
    0x0801523e   0x00000014   Code   RO          529    .text.osRtxThreadListRemove  BUILD/DISCO_L475VG_IOT01A/ARMC6/mbed-os/cmsis/CMSIS_5/CMSIS/RTOS2/RTX/Source/rtx_thread.o
    0x08015252   0x00000002   PAD
    0x08015254   0x00000046   Code   RO          527    .text.osRtxThreadListSort  BUILD/DISCO_L475VG_IOT01A/ARMC6/mbed-os/cmsis/CMSIS_5/CMSIS/RTOS2/RTX/Source/rtx_thread.o
    0x0801529a   0x0000002a   Code   RO          597    .text.osRtxThreadPostProcess  BUILD/DISCO_L475VG_IOT01A/ARMC6/mbed-os/cmsis/CMSIS_5/CMSIS/RTOS2/RTX/Source/rtx_thread.o
    0x080152c4   0x0000003a   Code   RO          531    .text.osRtxThreadReadyPut  BUILD/DISCO_L475VG_IOT01A/ARMC6/mbed-os/cmsis/CMSIS_5/CMSIS/RTOS2/RTX/Source/rtx_thread.o
    0x080152fe   0x00000014   Code   RO          535    .text.osRtxThreadRegPtr  BUILD/DISCO_L475VG_IOT01A/ARMC6/mbed-os/cmsis/CMSIS_5/CMSIS/RTOS2/RTX/Source/rtx_thread.o
    0x08015312   0x00000048   Code   RO          549    .text.osRtxThreadStartup  BUILD/DISCO_L475VG_IOT01A/ARMC6/mbed-os/cmsis/CMSIS_5/CMSIS/RTOS2/RTX/Source/rtx_thread.o
    0x0801535a   0x00000010   Code   RO          537    .text.osRtxThreadSwitch  BUILD/DISCO_L475VG_IOT01A/ARMC6/mbed-os/cmsis/CMSIS_5/CMSIS/RTOS2/RTX/Source/rtx_thread.o
    0x0801536a   0x00000048   Code   RO          545    .text.osRtxThreadWaitEnter  BUILD/DISCO_L475VG_IOT01A/ARMC6/mbed-os/cmsis/CMSIS_5/CMSIS/RTOS2/RTX/Source/rtx_thread.o
    0x080153b2   0x00000002   PAD
    0x080153b4   0x00000062   Code   RO          541    .text.osRtxThreadWaitExit  BUILD/DISCO_L475VG_IOT01A/ARMC6/mbed-os/cmsis/CMSIS_5/CMSIS/RTOS2/RTX/Source/rtx_thread.o
    0x08015416   0x0000007a   Code   RO          515    .text.osRtxTick_Handler  BUILD/DISCO_L475VG_IOT01A/ARMC6/mbed-os/cmsis/CMSIS_5/CMSIS/RTOS2/RTX/Source/rtx_system.o
    0x08015490   0x00000024   Code   RO          647    .text.osRtxTimerSetup  BUILD/DISCO_L475VG_IOT01A/ARMC6/mbed-os/cmsis/CMSIS_5/CMSIS/RTOS2/RTX/Source/rtx_timer.o
    0x080154b4   0x00000022   Code   RO          651    .text.osRtxTimerThread  BUILD/DISCO_L475VG_IOT01A/ARMC6/mbed-os/cmsis/CMSIS_5/CMSIS/RTOS2/RTX/Source/rtx_timer.o
    0x080154d6   0x00000002   PAD
    0x080154d8   0x00000078   Code   RO          649    .text.osRtxTimerTick  BUILD/DISCO_L475VG_IOT01A/ARMC6/mbed-os/cmsis/CMSIS_5/CMSIS/RTOS2/RTX/Source/rtx_timer.o
    0x08015550   0x0000002e   Code   RO          499    .text.osSemaphoreDelete  BUILD/DISCO_L475VG_IOT01A/ARMC6/mbed-os/cmsis/CMSIS_5/CMSIS/RTOS2/RTX/Source/rtx_semaphore.o
    0x0801557e   0x00000032   Code   RO          487    .text.osSemaphoreNew  BUILD/DISCO_L475VG_IOT01A/ARMC6/mbed-os/cmsis/CMSIS_5/CMSIS/RTOS2/RTX/Source/rtx_semaphore.o
    0x080155b0   0x00000076   Code   RO          493    .text.osSemaphoreRelease  BUILD/DISCO_L475VG_IOT01A/ARMC6/mbed-os/cmsis/CMSIS_5/CMSIS/RTOS2/RTX/Source/rtx_semaphore.o
    0x08015626   0x00000002   PAD
    0x08015628   0x0000001a   Code   RO          581    .text.osThreadExit  BUILD/DISCO_L475VG_IOT01A/ARMC6/mbed-os/cmsis/CMSIS_5/CMSIS/RTOS2/RTX/Source/rtx_thread.o
    0x08015642   0x0000002a   Code   RO          557    .text.osThreadGetId  BUILD/DISCO_L475VG_IOT01A/ARMC6/mbed-os/cmsis/CMSIS_5/CMSIS/RTOS2/RTX/Source/rtx_thread.o
    0x0801566c   0x00000032   Code   RO          553    .text.osThreadNew   BUILD/DISCO_L475VG_IOT01A/ARMC6/mbed-os/cmsis/CMSIS_5/CMSIS/RTOS2/RTX/Source/rtx_thread.o
    0x0801569e   0x00000038   Code   RO          583    .text.osThreadTerminate  BUILD/DISCO_L475VG_IOT01A/ARMC6/mbed-os/cmsis/CMSIS_5/CMSIS/RTOS2/RTX/Source/rtx_thread.o
    0x080156d6   0x00000002   PAD
    0x080156d8   0x0000013c   Code   RO        35408    .text.pin_function  BUILD/DISCO_L475VG_IOT01A/ARMC6/mbed-os/targets/TARGET_STM/pinmap.o
    0x08015814   0x00000088   Code   RO        35410    .text.pin_mode      BUILD/DISCO_L475VG_IOT01A/ARMC6/mbed-os/targets/TARGET_STM/pinmap.o
    0x0801589c   0x00000026   Code   RO        28599    .text.pinmap_find_function  BUILD/DISCO_L475VG_IOT01A/ARMC6/mbed-os/hal/source/mbed_pinmap_common.o
    0x080158c2   0x00000002   PAD
    0x080158c4   0x00000044   Code   RO        28593    .text.pinmap_merge  BUILD/DISCO_L475VG_IOT01A/ARMC6/mbed-os/hal/source/mbed_pinmap_common.o
    0x08015908   0x00000078   Code   RO        28597    .text.pinmap_peripheral  BUILD/DISCO_L475VG_IOT01A/ARMC6/mbed-os/hal/source/mbed_pinmap_common.o
    0x08015980   0x00000038   Code   RO        35301    .text.prep_for_restart_if_needed  BUILD/DISCO_L475VG_IOT01A/ARMC6/mbed-os/targets/TARGET_STM/i2c_api.o
    0x080159b8   0x00000170   Code   RO        29149    .text.print_context_info  BUILD/DISCO_L475VG_IOT01A/ARMC6/mbed-os/platform/source/TARGET_CORTEX_M/mbed_fault_handler.o
    0x08015b28   0x000001f0   Code   RO        29292    .text.print_error_report  BUILD/DISCO_L475VG_IOT01A/ARMC6/mbed-os/platform/source/mbed_error.o
    0x08015d18   0x00000036   Code   RO        35435    .text.pwmout_init   BUILD/DISCO_L475VG_IOT01A/ARMC6/mbed-os/targets/TARGET_STM/pwmout_api.o
    0x08015d4e   0x00000002   PAD
    0x08015d50   0x00000210   Code   RO        35431    .text.pwmout_init_direct  BUILD/DISCO_L475VG_IOT01A/ARMC6/mbed-os/targets/TARGET_STM/pwmout_api.o
    0x08015f60   0x00000018   Code   RO        35443    .text.pwmout_period  BUILD/DISCO_L475VG_IOT01A/ARMC6/mbed-os/targets/TARGET_STM/pwmout_api.o
    0x08015f78   0x00000168   Code   RO        35433    .text.pwmout_period_us  BUILD/DISCO_L475VG_IOT01A/ARMC6/mbed-os/targets/TARGET_STM/pwmout_api.o
    0x080160e0   0x00000154   Code   RO        35439    .text.pwmout_write  BUILD/DISCO_L475VG_IOT01A/ARMC6/mbed-os/targets/TARGET_STM/pwmout_api.o
    0x08016234   0x00000038   Code   RO        35653    .text.restore_timer_ctx  BUILD/DISCO_L475VG_IOT01A/ARMC6/mbed-os/targets/TARGET_STM/us_ticker.o
    0x0801626c   0x0000000e   Code   RO          811    .text.rtos_idle_loop  BUILD/DISCO_L475VG_IOT01A/ARMC6/mbed-os/cmsis/device/rtos/source/mbed_rtx_idle.o
    0x0801627a   0x00000038   Code   RO        35651    .text.save_timer_ctx  BUILD/DISCO_L475VG_IOT01A/ARMC6/mbed-os/targets/TARGET_STM/us_ticker.o
    0x080162b2   0x00000002   PAD
    0x080162b4   0x0000013c   Code   RO        28645    .text.schedule_interrupt  BUILD/DISCO_L475VG_IOT01A/ARMC6/mbed-os/hal/source/mbed_ticker_api.o
    0x080163f0   0x0000008e   Code   RO        35526    .text.serial_baud   BUILD/DISCO_L475VG_IOT01A/ARMC6/mbed-os/targets/TARGET_STM/serial_api.o
    0x0801647e   0x00000002   PAD
    0x08016480   0x00000072   Code   RO        34998    .text.serial_getc   BUILD/DISCO_L475VG_IOT01A/ARMC6/mbed-os/targets/TARGET_STM/TARGET_STM32L4/serial_device.o
    0x080164f2   0x00000002   PAD
    0x080164f4   0x000001d0   Code   RO        35516    .text.serial_init_direct  BUILD/DISCO_L475VG_IOT01A/ARMC6/mbed-os/targets/TARGET_STM/serial_api.o
    0x080166c4   0x00000092   Code   RO        35548    .text.serial_is_tx_ongoing  BUILD/DISCO_L475VG_IOT01A/ARMC6/mbed-os/targets/TARGET_STM/serial_api.o
    0x08016756   0x00000002   PAD
    0x08016758   0x0000002a   Code   RO        35000    .text.serial_putc   BUILD/DISCO_L475VG_IOT01A/ARMC6/mbed-os/targets/TARGET_STM/TARGET_STM32L4/serial_device.o
    0x08016782   0x00000024   Code   RO        35540    .text.serial_readable  BUILD/DISCO_L475VG_IOT01A/ARMC6/mbed-os/targets/TARGET_STM/serial_api.o
    0x080167a6   0x0000001a   Code   RO        35542    .text.serial_writable  BUILD/DISCO_L475VG_IOT01A/ARMC6/mbed-os/targets/TARGET_STM/serial_api.o
    0x080167c0   0x00000060   Code   RO        29421    .text.sleep_manager_lock_deep_sleep_internal  BUILD/DISCO_L475VG_IOT01A/ARMC6/mbed-os/platform/source/mbed_power_mgmt.o
    0x08016820   0x00000024   Code   RO        29429    .text.sleep_manager_sleep_auto  BUILD/DISCO_L475VG_IOT01A/ARMC6/mbed-os/platform/source/mbed_power_mgmt.o
    0x08016844   0x00000064   Code   RO        29423    .text.sleep_manager_unlock_deep_sleep_internal  BUILD/DISCO_L475VG_IOT01A/ARMC6/mbed-os/platform/source/mbed_power_mgmt.o
    0x080168a8   0x000000a8   Code   RO        35575    .text.spi_format    BUILD/DISCO_L475VG_IOT01A/ARMC6/mbed-os/targets/TARGET_STM/stm_spi_api.o
    0x08016950   0x00000054   Code   RO        35581    .text.spi_frequency  BUILD/DISCO_L475VG_IOT01A/ARMC6/mbed-os/targets/TARGET_STM/stm_spi_api.o
    0x080169a4   0x00000048   Code   RO        35579    .text.spi_get_baudrate  BUILD/DISCO_L475VG_IOT01A/ARMC6/mbed-os/targets/TARGET_STM/stm_spi_api.o
    0x080169ec   0x0000005c   Code   RO        35036    .text.spi_get_clock_freq  BUILD/DISCO_L475VG_IOT01A/ARMC6/mbed-os/targets/TARGET_STM/TARGET_STM32L4/spi_api.o
    0x08016a48   0x00000060   Code   RO        35567    .text.spi_get_peripheral_name  BUILD/DISCO_L475VG_IOT01A/ARMC6/mbed-os/targets/TARGET_STM/stm_spi_api.o
    0x08016aa8   0x000000dc   Code   RO        35571    .text.spi_init      BUILD/DISCO_L475VG_IOT01A/ARMC6/mbed-os/targets/TARGET_STM/stm_spi_api.o
    0x08016b84   0x000001c8   Code   RO        35569    .text.spi_init_direct  BUILD/DISCO_L475VG_IOT01A/ARMC6/mbed-os/targets/TARGET_STM/stm_spi_api.o
    0x08016d4c   0x00000184   Code   RO        35587    .text.spi_master_block_write  BUILD/DISCO_L475VG_IOT01A/ARMC6/mbed-os/targets/TARGET_STM/stm_spi_api.o
    0x08016ed0   0x0000012a   Code   RO        35585    .text.spi_master_one_wire_transfer  BUILD/DISCO_L475VG_IOT01A/ARMC6/mbed-os/targets/TARGET_STM/stm_spi_api.o
    0x08016ffa   0x00000002   PAD
    0x08016ffc   0x000000a6   Code   RO        35583    .text.spi_master_write  BUILD/DISCO_L475VG_IOT01A/ARMC6/mbed-os/targets/TARGET_STM/stm_spi_api.o
    0x080170a2   0x00000002   PAD
    0x080170a4   0x00000080   Code   RO         9807    .text.stoip4        BUILD/DISCO_L475VG_IOT01A/ARMC6/mbed-os/connectivity/libraries/nanostack-libservice/source/libip4string/stoip4.o
    0x08017124   0x0000013a   Code   RO         9817    .text.stoip6        BUILD/DISCO_L475VG_IOT01A/ARMC6/mbed-os/connectivity/libraries/nanostack-libservice/source/libip6string/stoip6.o
    0x0801725e   0x00000026   Code   RO          206    .text.svcRtxDelay   BUILD/DISCO_L475VG_IOT01A/ARMC6/mbed-os/cmsis/CMSIS_5/CMSIS/RTOS2/RTX/Source/rtx_delay.o
    0x08017284   0x0000006c   Code   RO          242    .text.svcRtxEventFlagsDelete  BUILD/DISCO_L475VG_IOT01A/ARMC6/mbed-os/cmsis/CMSIS_5/CMSIS/RTOS2/RTX/Source/rtx_evflags.o
    0x080172f0   0x00000080   Code   RO          230    .text.svcRtxEventFlagsNew  BUILD/DISCO_L475VG_IOT01A/ARMC6/mbed-os/cmsis/CMSIS_5/CMSIS/RTOS2/RTX/Source/rtx_evflags.o
    0x08017370   0x00000088   Code   RO          238    .text.svcRtxEventFlagsSet  BUILD/DISCO_L475VG_IOT01A/ARMC6/mbed-os/cmsis/CMSIS_5/CMSIS/RTOS2/RTX/Source/rtx_evflags.o
    0x080173f8   0x00000068   Code   RO          240    .text.svcRtxEventFlagsWait  BUILD/DISCO_L475VG_IOT01A/ARMC6/mbed-os/cmsis/CMSIS_5/CMSIS/RTOS2/RTX/Source/rtx_evflags.o
    0x08017460   0x0000000c   Code   RO          288    .text.svcRtxKernelGetState  BUILD/DISCO_L475VG_IOT01A/ARMC6/mbed-os/cmsis/CMSIS_5/CMSIS/RTOS2/RTX/Source/rtx_kernel.o
    0x0801746c   0x0000000c   Code   RO          304    .text.svcRtxKernelGetTickCount  BUILD/DISCO_L475VG_IOT01A/ARMC6/mbed-os/cmsis/CMSIS_5/CMSIS/RTOS2/RTX/Source/rtx_kernel.o
    0x08017478   0x00000148   Code   RO          318    .text.svcRtxKernelInitialize  BUILD/DISCO_L475VG_IOT01A/ARMC6/mbed-os/cmsis/CMSIS_5/CMSIS/RTOS2/RTX/Source/rtx_kernel.o
    0x080175c0   0x00000092   Code   RO          330    .text.svcRtxKernelResume  BUILD/DISCO_L475VG_IOT01A/ARMC6/mbed-os/cmsis/CMSIS_5/CMSIS/RTOS2/RTX/Source/rtx_kernel.o
    0x08017652   0x000000a8   Code   RO          320    .text.svcRtxKernelStart  BUILD/DISCO_L475VG_IOT01A/ARMC6/mbed-os/cmsis/CMSIS_5/CMSIS/RTOS2/RTX/Source/rtx_kernel.o
    0x080176fa   0x00000060   Code   RO          328    .text.svcRtxKernelSuspend  BUILD/DISCO_L475VG_IOT01A/ARMC6/mbed-os/cmsis/CMSIS_5/CMSIS/RTOS2/RTX/Source/rtx_kernel.o
    0x0801775a   0x000000f6   Code   RO          449    .text.svcRtxMessageQueueGet  BUILD/DISCO_L475VG_IOT01A/ARMC6/mbed-os/cmsis/CMSIS_5/CMSIS/RTOS2/RTX/Source/rtx_msgqueue.o
    0x08017850   0x00000150   Code   RO          409    .text.svcRtxMessageQueueNew  BUILD/DISCO_L475VG_IOT01A/ARMC6/mbed-os/cmsis/CMSIS_5/CMSIS/RTOS2/RTX/Source/rtx_msgqueue.o
    0x080179a0   0x000000c0   Code   RO          445    .text.svcRtxMessageQueuePut  BUILD/DISCO_L475VG_IOT01A/ARMC6/mbed-os/cmsis/CMSIS_5/CMSIS/RTOS2/RTX/Source/rtx_msgqueue.o
    0x08017a60   0x000000b0   Code   RO          477    .text.svcRtxMutexAcquire  BUILD/DISCO_L475VG_IOT01A/ARMC6/mbed-os/cmsis/CMSIS_5/CMSIS/RTOS2/RTX/Source/rtx_mutex.o
    0x08017b10   0x000000b6   Code   RO          483    .text.svcRtxMutexDelete  BUILD/DISCO_L475VG_IOT01A/ARMC6/mbed-os/cmsis/CMSIS_5/CMSIS/RTOS2/RTX/Source/rtx_mutex.o
    0x08017bc6   0x00000078   Code   RO          473    .text.svcRtxMutexNew  BUILD/DISCO_L475VG_IOT01A/ARMC6/mbed-os/cmsis/CMSIS_5/CMSIS/RTOS2/RTX/Source/rtx_mutex.o
    0x08017c3e   0x00000002   PAD
    0x08017c40   0x000000d2   Code   RO          479    .text.svcRtxMutexRelease  BUILD/DISCO_L475VG_IOT01A/ARMC6/mbed-os/cmsis/CMSIS_5/CMSIS/RTOS2/RTX/Source/rtx_mutex.o
    0x08017d12   0x00000002   PAD
    0x08017d14   0x0000006c   Code   RO          511    .text.svcRtxSemaphoreDelete  BUILD/DISCO_L475VG_IOT01A/ARMC6/mbed-os/cmsis/CMSIS_5/CMSIS/RTOS2/RTX/Source/rtx_semaphore.o
    0x08017d80   0x000000a0   Code   RO          501    .text.svcRtxSemaphoreNew  BUILD/DISCO_L475VG_IOT01A/ARMC6/mbed-os/cmsis/CMSIS_5/CMSIS/RTOS2/RTX/Source/rtx_semaphore.o
    0x08017e20   0x00000066   Code   RO          509    .text.svcRtxSemaphoreRelease  BUILD/DISCO_L475VG_IOT01A/ARMC6/mbed-os/cmsis/CMSIS_5/CMSIS/RTOS2/RTX/Source/rtx_semaphore.o
    0x08017e86   0x00000052   Code   RO          625    .text.svcRtxThreadExit  BUILD/DISCO_L475VG_IOT01A/ARMC6/mbed-os/cmsis/CMSIS_5/CMSIS/RTOS2/RTX/Source/rtx_thread.o
    0x08017ed8   0x0000000c   Code   RO          559    .text.svcRtxThreadGetId  BUILD/DISCO_L475VG_IOT01A/ARMC6/mbed-os/cmsis/CMSIS_5/CMSIS/RTOS2/RTX/Source/rtx_thread.o
    0x08017ee4   0x00000220   Code   RO          551    .text.svcRtxThreadNew  BUILD/DISCO_L475VG_IOT01A/ARMC6/mbed-os/cmsis/CMSIS_5/CMSIS/RTOS2/RTX/Source/rtx_thread.o
    0x08018104   0x000000c6   Code   RO          631    .text.svcRtxThreadTerminate  BUILD/DISCO_L475VG_IOT01A/ARMC6/mbed-os/cmsis/CMSIS_5/CMSIS/RTOS2/RTX/Source/rtx_thread.o
    0x080181ca   0x00000004   Code   RO        29314    .text.system_reset  BUILD/DISCO_L475VG_IOT01A/ARMC6/mbed-os/platform/source/mbed_error.o
    0x080181ce   0x00000032   Code   RO        28651    .text.ticker_insert_event_us  BUILD/DISCO_L475VG_IOT01A/ARMC6/mbed-os/hal/source/mbed_ticker_api.o
    0x08018200   0x00000062   Code   RO        28641    .text.ticker_irq_handler  BUILD/DISCO_L475VG_IOT01A/ARMC6/mbed-os/hal/source/mbed_ticker_api.o
    0x08018262   0x00000022   Code   RO        28657    .text.ticker_read_us  BUILD/DISCO_L475VG_IOT01A/ARMC6/mbed-os/hal/source/mbed_ticker_api.o
    0x08018284   0x00000036   Code   RO        28653    .text.ticker_remove_event  BUILD/DISCO_L475VG_IOT01A/ARMC6/mbed-os/hal/source/mbed_ticker_api.o
    0x080182ba   0x0000001a   Code   RO        28637    .text.ticker_set_handler  BUILD/DISCO_L475VG_IOT01A/ARMC6/mbed-os/hal/source/mbed_ticker_api.o
    0x080182d4   0x0000002a   Code   RO        35635    .text.timer_irq_handler  BUILD/DISCO_L475VG_IOT01A/ARMC6/mbed-os/targets/TARGET_STM/us_ticker.o
    0x080182fe   0x0000002a   Code   RO          763    .text.trap_rtx_error  BUILD/DISCO_L475VG_IOT01A/ARMC6/mbed-os/cmsis/device/rtos/source/mbed_rtx_handlers.o
    0x08018328   0x00000086   Code   RO        28643    .text.update_present_time  BUILD/DISCO_L475VG_IOT01A/ARMC6/mbed-os/hal/source/mbed_ticker_api.o
    0x080183ae   0x00000012   Code   RO        35649    .text.us_ticker_clear_interrupt  BUILD/DISCO_L475VG_IOT01A/ARMC6/mbed-os/targets/TARGET_STM/us_ticker.o
    0x080183c0   0x00000014   Code   RO        35647    .text.us_ticker_disable_interrupt  BUILD/DISCO_L475VG_IOT01A/ARMC6/mbed-os/targets/TARGET_STM/us_ticker.o
    0x080183d4   0x00000022   Code   RO        35645    .text.us_ticker_fire_interrupt  BUILD/DISCO_L475VG_IOT01A/ARMC6/mbed-os/targets/TARGET_STM/us_ticker.o
    0x080183f6   0x0000000a   Code   RO        35633    .text.us_ticker_get_info  BUILD/DISCO_L475VG_IOT01A/ARMC6/mbed-os/targets/TARGET_STM/us_ticker.o
    0x08018400   0x00000018   Code   RO        35639    .text.us_ticker_init  BUILD/DISCO_L475VG_IOT01A/ARMC6/mbed-os/targets/TARGET_STM/us_ticker.o
    0x08018418   0x00000018   Code   RO        28673    .text.us_ticker_irq_handler  BUILD/DISCO_L475VG_IOT01A/ARMC6/mbed-os/hal/source/mbed_us_ticker_api.o
    0x08018430   0x0000000c   Code   RO        35641    .text.us_ticker_read  BUILD/DISCO_L475VG_IOT01A/ARMC6/mbed-os/targets/TARGET_STM/us_ticker.o
    0x0801843c   0x0000001c   Code   RO        35643    .text.us_ticker_set_interrupt  BUILD/DISCO_L475VG_IOT01A/ARMC6/mbed-os/targets/TARGET_STM/us_ticker.o
    0x08018458   0x00000034   Code   RO        29685    .text.wait_ns       BUILD/DISCO_L475VG_IOT01A/ARMC6/mbed-os/platform/source/mbed_wait_api_no_rtos.o
    0x0801848c   0x00000032   Code   RO        29478    .text.write         BUILD/DISCO_L475VG_IOT01A/ARMC6/mbed-os/platform/source/mbed_retarget.o
    0x080184be   0x0000003e   Code   RO        37677    CL$$btod_d2e        /Library/Application Support/Mbed Studio/mbed-studio-tools/ac6/bin/../lib/armlib/c_w.l(btod.o)
    0x080184fc   0x00000046   Code   RO        37679    CL$$btod_d2e_denorm_low  /Library/Application Support/Mbed Studio/mbed-studio-tools/ac6/bin/../lib/armlib/c_w.l(btod.o)
    0x08018542   0x00000060   Code   RO        37678    CL$$btod_d2e_norm_op1  /Library/Application Support/Mbed Studio/mbed-studio-tools/ac6/bin/../lib/armlib/c_w.l(btod.o)
    0x080185a2   0x00000002   PAD
    0x080185a4   0x00000338   Code   RO        37687    CL$$btod_div_common  /Library/Application Support/Mbed Studio/mbed-studio-tools/ac6/bin/../lib/armlib/c_w.l(btod.o)
    0x080188dc   0x00000084   Code   RO        37685    CL$$btod_e2d        /Library/Application Support/Mbed Studio/mbed-studio-tools/ac6/bin/../lib/armlib/c_w.l(btod.o)
    0x08018960   0x000000dc   Code   RO        37684    CL$$btod_e2e        /Library/Application Support/Mbed Studio/mbed-studio-tools/ac6/bin/../lib/armlib/c_w.l(btod.o)
    0x08018a3c   0x0000002a   Code   RO        37681    CL$$btod_ediv       /Library/Application Support/Mbed Studio/mbed-studio-tools/ac6/bin/../lib/armlib/c_w.l(btod.o)
    0x08018a66   0x0000002a   Code   RO        37683    CL$$btod_edivd      /Library/Application Support/Mbed Studio/mbed-studio-tools/ac6/bin/../lib/armlib/c_w.l(btod.o)
    0x08018a90   0x0000002a   Code   RO        37680    CL$$btod_emul       /Library/Application Support/Mbed Studio/mbed-studio-tools/ac6/bin/../lib/armlib/c_w.l(btod.o)
    0x08018aba   0x0000002a   Code   RO        37682    CL$$btod_emuld      /Library/Application Support/Mbed Studio/mbed-studio-tools/ac6/bin/../lib/armlib/c_w.l(btod.o)
    0x08018ae4   0x00000244   Code   RO        37686    CL$$btod_mult_common  /Library/Application Support/Mbed Studio/mbed-studio-tools/ac6/bin/../lib/armlib/c_w.l(btod.o)
    0x08018d28   0x00000030   Code   RO        37583    i.__ARM_fpclassify  /Library/Application Support/Mbed Studio/mbed-studio-tools/ac6/bin/../lib/armlib/m_wm.l(fpclassify.o)
    0x08018d58   0x000000f8   Code   RO        37860    i.__hardfp___mathlib_tofloat  /Library/Application Support/Mbed Studio/mbed-studio-tools/ac6/bin/../lib/armlib/m_wm.l(narrow.o)
    0x08018e50   0x000002d8   Code   RO        36954    i.__hardfp_atan     /Library/Application Support/Mbed Studio/mbed-studio-tools/ac6/bin/../lib/armlib/m_wm.l(atan.o)
    0x08019128   0x000000d0   Code   RO        37902    i.__hardfp_ldexp    /Library/Application Support/Mbed Studio/mbed-studio-tools/ac6/bin/../lib/armlib/m_wm.l(ldexp.o)
    0x080191f8   0x000000f8   Code   RO        37585    i.__kernel_poly     /Library/Application Support/Mbed Studio/mbed-studio-tools/ac6/bin/../lib/armlib/m_wm.l(poly.o)
    0x080192f0   0x00000014   Code   RO        37564    i.__mathlib_dbl_infnan  /Library/Application Support/Mbed Studio/mbed-studio-tools/ac6/bin/../lib/armlib/m_wm.l(dunder.o)
    0x08019304   0x00000004   PAD
    0x08019308   0x00000020   Code   RO        37567    i.__mathlib_dbl_overflow  /Library/Application Support/Mbed Studio/mbed-studio-tools/ac6/bin/../lib/armlib/m_wm.l(dunder.o)
    0x08019328   0x00000020   Code   RO        37569    i.__mathlib_dbl_underflow  /Library/Application Support/Mbed Studio/mbed-studio-tools/ac6/bin/../lib/armlib/m_wm.l(dunder.o)
    0x08019348   0x00000012   Code   RO        37861    i.__mathlib_narrow  /Library/Application Support/Mbed Studio/mbed-studio-tools/ac6/bin/../lib/armlib/m_wm.l(narrow.o)
    0x0801935a   0x00000014   Code   RO        37904    i.__support_ldexp   /Library/Application Support/Mbed Studio/mbed-studio-tools/ac6/bin/../lib/armlib/m_wm.l(ldexp.o)
    0x0801936e   0x0000000e   Code   RO        36367    i._is_digit         /Library/Application Support/Mbed Studio/mbed-studio-tools/ac6/bin/../lib/armlib/c_w.l(__printf_wp.o)
    0x0801937c   0x00000018   Code   RO        37579    i.fabs              /Library/Application Support/Mbed Studio/mbed-studio-tools/ac6/bin/../lib/armlib/m_wm.l(fabs.o)
    0x08019394   0x0000001a   Code   RO        36414    i.fputc             /Library/Application Support/Mbed Studio/mbed-studio-tools/ac6/bin/../lib/armlib/c_w.l(fputc.o)
    0x080193ae   0x00000002   PAD
    0x080193b0   0x0000008c   Code   RO        37888    i.frexp             /Library/Application Support/Mbed Studio/mbed-studio-tools/ac6/bin/../lib/armlib/m_wm.l(frexp.o)
    0x0801943c   0x0000002c   Code   RO        37122    locale$$code        /Library/Application Support/Mbed Studio/mbed-studio-tools/ac6/bin/../lib/armlib/c_w.l(lc_ctype_c.o)
    0x08019468   0x0000002c   Code   RO        37728    locale$$code        /Library/Application Support/Mbed Studio/mbed-studio-tools/ac6/bin/../lib/armlib/c_w.l(lc_numeric_c.o)
    0x08019494   0x00000018   Code   RO        37205    x$fpl$basic         /Library/Application Support/Mbed Studio/mbed-studio-tools/ac6/bin/../lib/armlib/fz_wm.l(basic.o)
    0x080194ac   0x00000062   Code   RO        36529    x$fpl$d2f           /Library/Application Support/Mbed Studio/mbed-studio-tools/ac6/bin/../lib/armlib/fz_wm.l(d2f.o)
    0x0801950e   0x00000002   PAD
    0x08019510   0x00000150   Code   RO        36531    x$fpl$dadd          /Library/Application Support/Mbed Studio/mbed-studio-tools/ac6/bin/../lib/armlib/fz_wm.l(daddsub_clz.o)
    0x08019660   0x00000010   Code   RO        37912    x$fpl$dcheck1       /Library/Application Support/Mbed Studio/mbed-studio-tools/ac6/bin/../lib/armlib/fz_wm.l(dcheck1.o)
    0x08019670   0x00000018   Code   RO        37770    x$fpl$dcmpinf       /Library/Application Support/Mbed Studio/mbed-studio-tools/ac6/bin/../lib/armlib/fz_wm.l(dcmpi.o)
    0x08019688   0x000002b4   Code   RO        36540    x$fpl$ddiv          /Library/Application Support/Mbed Studio/mbed-studio-tools/ac6/bin/../lib/armlib/fz_wm.l(ddiv.o)
    0x0801993c   0x00000078   Code   RO        37207    x$fpl$deqf          /Library/Application Support/Mbed Studio/mbed-studio-tools/ac6/bin/../lib/armlib/fz_wm.l(deqf.o)
    0x080199b4   0x0000005a   Code   RO        36547    x$fpl$dfixu         /Library/Application Support/Mbed Studio/mbed-studio-tools/ac6/bin/../lib/armlib/fz_wm.l(dfixu.o)
    0x08019a0e   0x00000002   PAD
    0x08019a10   0x00000078   Code   RO        37209    x$fpl$dgeqf         /Library/Application Support/Mbed Studio/mbed-studio-tools/ac6/bin/../lib/armlib/fz_wm.l(dgeqf.o)
    0x08019a88   0x00000078   Code   RO        37211    x$fpl$dleqf         /Library/Application Support/Mbed Studio/mbed-studio-tools/ac6/bin/../lib/armlib/fz_wm.l(dleqf.o)
    0x08019b00   0x00000154   Code   RO        36557    x$fpl$dmul          /Library/Application Support/Mbed Studio/mbed-studio-tools/ac6/bin/../lib/armlib/fz_wm.l(dmul.o)
    0x08019c54   0x0000009c   Code   RO        37213    x$fpl$dnaninf       /Library/Application Support/Mbed Studio/mbed-studio-tools/ac6/bin/../lib/armlib/fz_wm.l(dnaninf.o)
    0x08019cf0   0x0000000c   Code   RO        37215    x$fpl$dretinf       /Library/Application Support/Mbed Studio/mbed-studio-tools/ac6/bin/../lib/armlib/fz_wm.l(dretinf.o)
    0x08019cfc   0x0000006c   Code   RO        37884    x$fpl$drleqf        /Library/Application Support/Mbed Studio/mbed-studio-tools/ac6/bin/../lib/armlib/fz_wm.l(drleqf.o)
    0x08019d68   0x00000016   Code   RO        36532    x$fpl$drsb          /Library/Application Support/Mbed Studio/mbed-studio-tools/ac6/bin/../lib/armlib/fz_wm.l(daddsub_clz.o)
    0x08019d7e   0x00000002   PAD
    0x08019d80   0x000001dc   Code   RO        36533    x$fpl$dsub          /Library/Application Support/Mbed Studio/mbed-studio-tools/ac6/bin/../lib/armlib/fz_wm.l(daddsub_clz.o)
    0x08019f5c   0x00000056   Code   RO        36559    x$fpl$f2d           /Library/Application Support/Mbed Studio/mbed-studio-tools/ac6/bin/../lib/armlib/fz_wm.l(f2d.o)
    0x08019fb2   0x00000054   Code   RO        36537    x$fpl$fcmp          /Library/Application Support/Mbed Studio/mbed-studio-tools/ac6/bin/../lib/armlib/fz_wm.l(dcmp.o)
    0x0801a006   0x0000008c   Code   RO        37217    x$fpl$fnaninf       /Library/Application Support/Mbed Studio/mbed-studio-tools/ac6/bin/../lib/armlib/fz_wm.l(fnaninf.o)
    0x0801a092   0x0000001a   Code   RO        37772    x$fpl$fpinit        /Library/Application Support/Mbed Studio/mbed-studio-tools/ac6/bin/../lib/armlib/fz_wm.l(fpinit.o)
    0x0801a0ac   0x0000000a   Code   RO        37219    x$fpl$fretinf       /Library/Application Support/Mbed Studio/mbed-studio-tools/ac6/bin/../lib/armlib/fz_wm.l(fretinf.o)
    0x0801a0b6   0x00000006   Code   RO        37774    x$fpl$ieeestatus    /Library/Application Support/Mbed Studio/mbed-studio-tools/ac6/bin/../lib/armlib/fz_wm.l(istatus.o)
    0x0801a0bc   0x00000004   Code   RO        36563    x$fpl$printf1       /Library/Application Support/Mbed Studio/mbed-studio-tools/ac6/bin/../lib/armlib/fz_wm.l(printf1.o)
    0x0801a0c0   0x00000004   Code   RO        37221    x$fpl$printf2       /Library/Application Support/Mbed Studio/mbed-studio-tools/ac6/bin/../lib/armlib/fz_wm.l(printf2.o)
    0x0801a0c4   0x00000064   Code   RO        37914    x$fpl$retnan        /Library/Application Support/Mbed Studio/mbed-studio-tools/ac6/bin/../lib/armlib/fz_wm.l(retnan.o)
    0x0801a128   0x0000005c   Code   RO        37910    x$fpl$scalbn        /Library/Application Support/Mbed Studio/mbed-studio-tools/ac6/bin/../lib/armlib/fz_wm.l(scalbn.o)
    0x0801a184   0x00000004   Code   RO        37227    x$fpl$scanf1        /Library/Application Support/Mbed Studio/mbed-studio-tools/ac6/bin/../lib/armlib/fz_wm.l(scanf1.o)
    0x0801a188   0x00000008   Code   RO        37854    x$fpl$scanf2        /Library/Application Support/Mbed Studio/mbed-studio-tools/ac6/bin/../lib/armlib/fz_wm.l(scanf2.o)
    0x0801a190   0x00000030   Code   RO        37916    x$fpl$trapveneer    /Library/Application Support/Mbed Studio/mbed-studio-tools/ac6/bin/../lib/armlib/fz_wm.l(trapv.o)
    0x0801a1c0   0x00000000   Code   RO        37229    x$fpl$usenofp       /Library/Application Support/Mbed Studio/mbed-studio-tools/ac6/bin/../lib/armlib/fz_wm.l(usenofp.o)
    0x0801a1c0   0x00000008   Data   RO        36328    .constdata          /Library/Application Support/Mbed Studio/mbed-studio-tools/ac6/bin/../lib/armlib/c_w.l(_printf_wctomb.o)
    0x0801a1c8   0x00000028   Data   RO        36355    .constdata          /Library/Application Support/Mbed Studio/mbed-studio-tools/ac6/bin/../lib/armlib/c_w.l(_printf_hex_int_ll_ptr.o)
    0x0801a1f0   0x00000011   Data   RO        36375    .constdata          /Library/Application Support/Mbed Studio/mbed-studio-tools/ac6/bin/../lib/armlib/c_w.l(__printf_flags_ss_wp.o)
    0x0801a201   0x00000007   PAD
    0x0801a208   0x00000098   Data   RO        36957    .constdata          /Library/Application Support/Mbed Studio/mbed-studio-tools/ac6/bin/../lib/armlib/m_wm.l(atan.o)
    0x0801a2a0   0x00000026   Data   RO        37636    .constdata          /Library/Application Support/Mbed Studio/mbed-studio-tools/ac6/bin/../lib/armlib/c_w.l(_printf_fp_hex.o)
    0x0801a2c6   0x00000002   PAD
    0x0801a2c8   0x00000094   Data   RO        37675    .constdata          /Library/Application Support/Mbed Studio/mbed-studio-tools/ac6/bin/../lib/armlib/c_w.l(bigflt0.o)
    0x0801a35c   0x000000a8   Data   RO          342    .rodata             BUILD/DISCO_L475VG_IOT01A/ARMC6/mbed-os/cmsis/CMSIS_5/CMSIS/RTOS2/RTX/Source/rtx_lib.o
    0x0801a404   0x00000010   Data   RO          751    .rodata..L__const.mbed_rtos_init_singleton_mutex.singleton_mutex_attr  BUILD/DISCO_L475VG_IOT01A/ARMC6/mbed-os/cmsis/device/rtos/source/mbed_rtos_rtx.o
    0x0801a414   0x0000017d   Data   RO        36070    .rodata..Lconstinit.1  BUILD/DISCO_L475VG_IOT01A/ARMC6/wifi-ism43362/ISM43362/ISM43362.o
    0x0801a591   0x00000003   PAD
    0x0801a594   0x00000028   Data   RO        32366    .rodata..Lswitch.table.I2C_ITSlaveCplt.1  BUILD/DISCO_L475VG_IOT01A/ARMC6/mbed-os/targets/TARGET_STM/TARGET_STM32L4/STM32Cube_FW/STM32L4xx_HAL_Driver/stm32l4xx_hal_i2c.o
    0x0801a5bc   0x00000010   Data   RO        34891    .rodata.AHBPrescTable  BUILD/DISCO_L475VG_IOT01A/ARMC6/mbed-os/targets/TARGET_STM/TARGET_STM32L4/STM32Cube_FW/system_stm32l4xx.o
    0x0801a5cc   0x00000008   Data   RO        34892    .rodata.APBPrescTable  BUILD/DISCO_L475VG_IOT01A/ARMC6/mbed-os/targets/TARGET_STM/TARGET_STM32L4/STM32Cube_FW/system_stm32l4xx.o
    0x0801a5d4   0x00000030   Data   RO        34893    .rodata.MSIRangeTable  BUILD/DISCO_L475VG_IOT01A/ARMC6/mbed-os/targets/TARGET_STM/TARGET_STM32L4/STM32Cube_FW/system_stm32l4xx.o
    0x0801a604   0x0000003c   Data   RO        34901    .rodata.PinMap_I2C_SCL  BUILD/DISCO_L475VG_IOT01A/ARMC6/mbed-os/targets/TARGET_STM/TARGET_STM32L4/TARGET_STM32L475xG/TARGET_DISCO_L475VG_IOT01A/PeripheralPins.o
    0x0801a640   0x0000003c   Data   RO        34900    .rodata.PinMap_I2C_SDA  BUILD/DISCO_L475VG_IOT01A/ARMC6/mbed-os/targets/TARGET_STM/TARGET_STM32L4/TARGET_STM32L475xG/TARGET_DISCO_L475VG_IOT01A/PeripheralPins.o
    0x0801a67c   0x0000033c   Data   RO        34902    .rodata.PinMap_PWM  BUILD/DISCO_L475VG_IOT01A/ARMC6/mbed-os/targets/TARGET_STM/TARGET_STM32L4/TARGET_STM32L475xG/TARGET_DISCO_L475VG_IOT01A/PeripheralPins.o
    0x0801a9b8   0x0000006c   Data   RO        34908    .rodata.PinMap_SPI_MISO  BUILD/DISCO_L475VG_IOT01A/ARMC6/mbed-os/targets/TARGET_STM/TARGET_STM32L4/TARGET_STM32L475xG/TARGET_DISCO_L475VG_IOT01A/PeripheralPins.o
    0x0801aa24   0x0000006c   Data   RO        34907    .rodata.PinMap_SPI_MOSI  BUILD/DISCO_L475VG_IOT01A/ARMC6/mbed-os/targets/TARGET_STM/TARGET_STM32L4/TARGET_STM32L475xG/TARGET_DISCO_L475VG_IOT01A/PeripheralPins.o
    0x0801aa90   0x0000006c   Data   RO        34909    .rodata.PinMap_SPI_SCLK  BUILD/DISCO_L475VG_IOT01A/ARMC6/mbed-os/targets/TARGET_STM/TARGET_STM32L4/TARGET_STM32L475xG/TARGET_DISCO_L475VG_IOT01A/PeripheralPins.o
    0x0801aafc   0x0000006c   Data   RO        34910    .rodata.PinMap_SPI_SSEL  BUILD/DISCO_L475VG_IOT01A/ARMC6/mbed-os/targets/TARGET_STM/TARGET_STM32L4/TARGET_STM32L475xG/TARGET_DISCO_L475VG_IOT01A/PeripheralPins.o
    0x0801ab68   0x00000001   Data   RO        36650    .rodata._ZSt7nothrow  /Library/Application Support/Mbed Studio/mbed-studio-tools/ac6/bin/../lib/libcxx/libcpp_w.l(new.cpp.o)
    0x0801ab69   0x00000003   PAD
    0x0801ab6c   0x00000064   Data   RO        36009    .rodata._ZTV11BufferedSpi  BUILD/DISCO_L475VG_IOT01A/ARMC6/wifi-ism43362/ISM43362/ATParser/BufferedSpi/BufferedSpi.o
    0x0801abd0   0x00000050   Data   RO        29602    .rodata._ZTV12DirectSerial  BUILD/DISCO_L475VG_IOT01A/ARMC6/mbed-os/platform/source/mbed_retarget.o
    0x0801ac20   0x00000058   Data   RO        24878    .rodata._ZTV14InternetSocket  BUILD/DISCO_L475VG_IOT01A/ARMC6/mbed-os/connectivity/netsocket/source/InternetSocket.o
    0x0801ac78   0x00000084   Data   RO        24944    .rodata._ZTV16NetworkInterface  BUILD/DISCO_L475VG_IOT01A/ARMC6/mbed-os/connectivity/netsocket/source/NetworkInterface.o
    0x0801acfc   0x000001e8   Data   RO        36182    .rodata._ZTV17ISM43362Interface  BUILD/DISCO_L475VG_IOT01A/ARMC6/wifi-ism43362/ISM43362Interface.o
    0x0801aee4   0x00000058   Data   RO        25192    .rodata._ZTV9TCPSocket  BUILD/DISCO_L475VG_IOT01A/ARMC6/mbed-os/connectivity/netsocket/source/TCPSocket.o
    0x0801af3c   0x00000058   Data   RO        25295    .rodata._ZTV9UDPSocket  BUILD/DISCO_L475VG_IOT01A/ARMC6/mbed-os/connectivity/netsocket/source/UDPSocket.o
    0x0801af94   0x0000000c   Data   RO        26807    .rodata._ZTVN4mbed10TimerEventE  BUILD/DISCO_L475VG_IOT01A/ARMC6/mbed-os/drivers/source/TimerEvent.o
    0x0801afa0   0x00000010   Data   RO        26411    .rodata._ZTVN4mbed11InterruptInE  BUILD/DISCO_L475VG_IOT01A/ARMC6/mbed-os/drivers/source/InterruptIn.o
    0x0801afb0   0x00000018   Data   RO        26354    .rodata._ZTVN4mbed3I2CE  BUILD/DISCO_L475VG_IOT01A/ARMC6/mbed-os/drivers/source/I2C.o
    0x0801afc8   0x00000020   Data   RO        26608    .rodata._ZTVN4mbed3SPIE  BUILD/DISCO_L475VG_IOT01A/ARMC6/mbed-os/drivers/source/SPI.o
    0x0801afe8   0x0000000c   Data   RO        29141    .rodata._ZTVN4mbed8internal8SysTimerINSt3__25ratioILx1ELx1000EEELb1EEE  BUILD/DISCO_L475VG_IOT01A/ARMC6/mbed-os/platform/source/SysTimer.o
    0x0801aff4   0x00000010   Data   RO        29905    .rodata._ZTVN4rtos6ThreadE  BUILD/DISCO_L475VG_IOT01A/ARMC6/mbed-os/rtos/source/Thread.o
    0x0801b004   0x00000018   Data   RO        29612    .rodata._ZZL15default_consolevE14console_pinmap  BUILD/DISCO_L475VG_IOT01A/ARMC6/mbed-os/platform/source/mbed_retarget.o
    0x0801b01c   0x00000008   Data   RO        29598    .rodata.__stderr_name  BUILD/DISCO_L475VG_IOT01A/ARMC6/mbed-os/platform/source/mbed_retarget.o
    0x0801b024   0x00000007   Data   RO        29596    .rodata.__stdin_name  BUILD/DISCO_L475VG_IOT01A/ARMC6/mbed-os/platform/source/mbed_retarget.o
    0x0801b02b   0x00000008   Data   RO        29597    .rodata.__stdout_name  BUILD/DISCO_L475VG_IOT01A/ARMC6/mbed-os/platform/source/mbed_retarget.o
    0x0801b033   0x00000001   PAD
    0x0801b034   0x00000010   Data   RO        34289    .rodata.cst16       BUILD/DISCO_L475VG_IOT01A/ARMC6/mbed-os/targets/TARGET_STM/TARGET_STM32L4/STM32Cube_FW/STM32L4xx_HAL_Driver/stm32l4xx_hal_uart.o
    0x0801b044   0x0000000c   PAD
    0x0801b050   0x0000000a   Data   RO        29687    .rodata.delay_loop_code  BUILD/DISCO_L475VG_IOT01A/ARMC6/mbed-os/platform/source/mbed_wait_api_no_rtos.o
    0x0801b05a   0x00000002   PAD
    0x0801b05c   0x00000040   Data   RO        35412    .rodata.ll_pin_defines  BUILD/DISCO_L475VG_IOT01A/ARMC6/mbed-os/targets/TARGET_STM/pinmap.o
    0x0801b09c   0x00000008   Data   RO        28584    .rodata.lp_data     BUILD/DISCO_L475VG_IOT01A/ARMC6/mbed-os/hal/source/mbed_lp_ticker_api.o
    0x0801b0a4   0x00000024   Data   RO        28586    .rodata.lp_interface  BUILD/DISCO_L475VG_IOT01A/ARMC6/mbed-os/hal/source/mbed_lp_ticker_api.o
    0x0801b0c8   0x00000008   Data   RO        35375    .rodata.lp_ticker_get_info.info  BUILD/DISCO_L475VG_IOT01A/ARMC6/mbed-os/targets/TARGET_STM/lp_ticker.o
    0x0801b0d0   0x00000004   Data   RO          344    .rodata.osRtxUserSVC  BUILD/DISCO_L475VG_IOT01A/ARMC6/mbed-os/cmsis/CMSIS_5/CMSIS/RTOS2/RTX/Source/rtx_lib.o
    0x0801b0d4   0x00000024   Data   RO          339    .rodata.os_idle_thread_attr  BUILD/DISCO_L475VG_IOT01A/ARMC6/mbed-os/cmsis/CMSIS_5/CMSIS/RTOS2/RTX/Source/rtx_lib.o
    0x0801b0f8   0x00000018   Data   RO          341    .rodata.os_timer_mq_attr  BUILD/DISCO_L475VG_IOT01A/ARMC6/mbed-os/cmsis/CMSIS_5/CMSIS/RTOS2/RTX/Source/rtx_lib.o
    0x0801b110   0x00000024   Data   RO          340    .rodata.os_timer_thread_attr  BUILD/DISCO_L475VG_IOT01A/ARMC6/mbed-os/cmsis/CMSIS_5/CMSIS/RTOS2/RTX/Source/rtx_lib.o
    0x0801b134   0x000000c0   Data   RO        34974    .rodata.pin_lines_desc  BUILD/DISCO_L475VG_IOT01A/ARMC6/mbed-os/targets/TARGET_STM/TARGET_STM32L4/gpio_irq_device.o
    0x0801b1f4   0x00000050   Data   RO        34980    .rodata.pwm_apb_map_table  BUILD/DISCO_L475VG_IOT01A/ARMC6/mbed-os/targets/TARGET_STM/TARGET_STM32L4/pwmout_device.o
    0x0801b244   0x0000007c   Data   RO           86    .rodata.str1.1      BUILD/DISCO_L475VG_IOT01A/ARMC6/main.o
    0x0801b2c0   0x00000013   Data   RO          345    .rodata.str1.1      BUILD/DISCO_L475VG_IOT01A/ARMC6/mbed-os/cmsis/CMSIS_5/CMSIS/RTOS2/RTX/Source/rtx_lib.o
    0x0801b2d3   0x00000010   Data   RO          749    .rodata.str1.1      BUILD/DISCO_L475VG_IOT01A/ARMC6/mbed-os/cmsis/device/rtos/source/mbed_rtos_rtx.o
    0x0801b2e3   0x00000138   Data   RO          786    .rodata.str1.1      BUILD/DISCO_L475VG_IOT01A/ARMC6/mbed-os/cmsis/device/rtos/source/mbed_rtx_handlers.o
    0x0801b41b   0x00000035   Data   RO          815    .rodata.str1.1      BUILD/DISCO_L475VG_IOT01A/ARMC6/mbed-os/cmsis/device/rtos/source/mbed_rtx_idle.o
    0x0801b450   0x0000003b   Data   RO         7309    .rodata.str1.1      BUILD/DISCO_L475VG_IOT01A/ARMC6/mbed-os/connectivity/cellular/source/framework/device/CellularStateMachine.o
    0x0801b48b   0x00000020   Data   RO        24972    .rodata.str1.1      BUILD/DISCO_L475VG_IOT01A/ARMC6/mbed-os/connectivity/netsocket/source/NetworkInterfaceDefaults.o
    0x0801b4ab   0x0000005a   Data   RO        25016    .rodata.str1.1      BUILD/DISCO_L475VG_IOT01A/ARMC6/mbed-os/connectivity/netsocket/source/NetworkStack.o
    0x0801b505   0x00000044   Data   RO        25193    .rodata.str1.1      BUILD/DISCO_L475VG_IOT01A/ARMC6/mbed-os/connectivity/netsocket/source/TCPSocket.o
    0x0801b549   0x00000056   Data   RO        25381    .rodata.str1.1      BUILD/DISCO_L475VG_IOT01A/ARMC6/mbed-os/connectivity/netsocket/source/nsapi_dns.o
    0x0801b59f   0x0000004a   Data   RO        26609    .rodata.str1.1      BUILD/DISCO_L475VG_IOT01A/ARMC6/mbed-os/drivers/source/SPI.o
    0x0801b5e9   0x0000003e   Data   RO        27983    .rodata.str1.1      BUILD/DISCO_L475VG_IOT01A/ARMC6/mbed-os/events/source/mbed_shared_queues.o
    0x0801b627   0x0000004e   Data   RO        29001    .rodata.str1.1      BUILD/DISCO_L475VG_IOT01A/ARMC6/mbed-os/platform/source/SysTimer.o
    0x0801b675   0x000000c8   Data   RO        29153    .rodata.str1.1      BUILD/DISCO_L475VG_IOT01A/ARMC6/mbed-os/platform/source/TARGET_CORTEX_M/mbed_fault_handler.o
    0x0801b73d   0x000001aa   Data   RO        29339    .rodata.str1.1      BUILD/DISCO_L475VG_IOT01A/ARMC6/mbed-os/platform/source/mbed_error.o
    0x0801b8e7   0x00000063   Data   RO        29606    .rodata.str1.1      BUILD/DISCO_L475VG_IOT01A/ARMC6/mbed-os/platform/source/mbed_retarget.o
    0x0801b94a   0x00000012   Data   RO        29797    .rodata.str1.1      BUILD/DISCO_L475VG_IOT01A/ARMC6/mbed-os/rtos/source/Mutex.o
    0x0801b95c   0x00000025   Data   RO        29865    .rodata.str1.1      BUILD/DISCO_L475VG_IOT01A/ARMC6/mbed-os/rtos/source/ThisThread.o
    0x0801b981   0x0000001b   Data   RO        29904    .rodata.str1.1      BUILD/DISCO_L475VG_IOT01A/ARMC6/mbed-os/rtos/source/Thread.o
    0x0801b99c   0x0000005b   Data   RO        35354    .rodata.str1.1      BUILD/DISCO_L475VG_IOT01A/ARMC6/mbed-os/targets/TARGET_STM/i2c_api.o
    0x0801b9f7   0x00000041   Data   RO        35459    .rodata.str1.1      BUILD/DISCO_L475VG_IOT01A/ARMC6/mbed-os/targets/TARGET_STM/pwmout_api.o
    0x0801ba38   0x0000002a   Data   RO        35551    .rodata.str1.1      BUILD/DISCO_L475VG_IOT01A/ARMC6/mbed-os/targets/TARGET_STM/serial_api.o
    0x0801ba62   0x00000039   Data   RO        35621    .rodata.str1.1      BUILD/DISCO_L475VG_IOT01A/ARMC6/mbed-os/targets/TARGET_STM/stm_spi_api.o
    0x0801ba9b   0x0000020b   Data   RO        36071    .rodata.str1.1      BUILD/DISCO_L475VG_IOT01A/ARMC6/wifi-ism43362/ISM43362/ISM43362.o
    0x0801bca6   0x000000e3   Data   RO        36181    .rodata.str1.1      BUILD/DISCO_L475VG_IOT01A/ARMC6/wifi-ism43362/ISM43362Interface.o
    0x0801bd89   0x00000003   Data   RO        36731    .rodata.str1.1      /Library/Application Support/Mbed Studio/mbed-studio-tools/ac6/bin/../lib/libcxx/libcpp_w.l(string.cpp.o)
    0x0801bd8c   0x0000000b   Data   RO          332    .rodata.str1.4      BUILD/DISCO_L475VG_IOT01A/ARMC6/mbed-os/cmsis/CMSIS_5/CMSIS/RTOS2/RTX/Source/rtx_kernel.o
    0x0801bd97   0x00000001   PAD
    0x0801bd98   0x00000008   Data   RO        28677    .rodata.us_data     BUILD/DISCO_L475VG_IOT01A/ARMC6/mbed-os/hal/source/mbed_us_ticker_api.o
    0x0801bda0   0x00000024   Data   RO        28679    .rodata.us_interface  BUILD/DISCO_L475VG_IOT01A/ARMC6/mbed-os/hal/source/mbed_us_ticker_api.o
    0x0801bdc4   0x00000008   Data   RO        35657    .rodata.us_ticker_get_info.info  BUILD/DISCO_L475VG_IOT01A/ARMC6/mbed-os/targets/TARGET_STM/us_ticker.o
    0x0801bdcc   0x00000040   Data   RO        37918    Region$$Table       anon$$obj.o
    0x0801be0c   0x00000008   Data   RO        37850    c$$dinf             /Library/Application Support/Mbed Studio/mbed-studio-tools/ac6/bin/../lib/armlib/fz_wm.l(fpconst.o)
    0x0801be14   0x00000008   Data   RO        37853    c$$dmax             /Library/Application Support/Mbed Studio/mbed-studio-tools/ac6/bin/../lib/armlib/fz_wm.l(fpconst.o)
    0x0801be1c   0x00000110   Data   RO        37121    locale$$data        /Library/Application Support/Mbed Studio/mbed-studio-tools/ac6/bin/../lib/armlib/c_w.l(lc_ctype_c.o)
    0x0801bf2c   0x0000001c   Data   RO        37727    locale$$data        /Library/Application Support/Mbed Studio/mbed-studio-tools/ac6/bin/../lib/armlib/c_w.l(lc_numeric_c.o)
    0x0801bf48   0x00000004   Data   RO           90    .init_array         BUILD/DISCO_L475VG_IOT01A/ARMC6/main.o
    0x0801bf4c   0x00000004   Data   RO        30029    .init_array         BUILD/DISCO_L475VG_IOT01A/ARMC6/mbed-os/storage/blockdevice/COMPONENT_QSPIF/source/QSPIFBlockDevice.o
    0x0801bf50   0x00000000   Data   RO        36524    .init_array         /Library/Application Support/Mbed Studio/mbed-studio-tools/ac6/bin/../lib/armlib/c_w.l(init_aeabi.o)


    Execution Region RW_m_crash_data (Base: 0x10000188, Size: 0x00000100, Max: 0x00000100, ABSOLUTE)

    Base Addr    Size         Type   Attr      Idx    E Section Name        Object

    0x10000188   0x00000100   Zero   RW            1    RW_m_crash_data.bss  anon$$obj.o


    Execution Region RW_IRAM2 (Base: 0x10000288, Size: 0x000037a8, Max: 0x00007d78, ABSOLUTE)

    Base Addr    Size         Type   Attr      Idx    E Section Name        Object

    0x10000288   0x00000004   Data   RW        36439    .data               /Library/Application Support/Mbed Studio/mbed-studio-tools/ac6/bin/../lib/armlib/c_w.l(stdio_streams.o)
    0x1000028c   0x00000004   Data   RW        36467    .data               /Library/Application Support/Mbed Studio/mbed-studio-tools/ac6/bin/../lib/armlib/c_w.l(strtok.o)
    0x10000290   0x00000004   Data   RW        34890    .data.SystemCoreClock  BUILD/DISCO_L475VG_IOT01A/ARMC6/mbed-os/targets/TARGET_STM/TARGET_STM32L4/STM32Cube_FW/system_stm32l4xx.o
    0x10000294   0x00000055   Data   RW        25378    .data._ZL11dns_servers  BUILD/DISCO_L475VG_IOT01A/ARMC6/mbed-os/connectivity/netsocket/source/nsapi_dns.o
    0x100002e9   0x00000003   PAD
    0x100002ec   0x00000040   Data   RW        29611    .data._ZL11filehandles  BUILD/DISCO_L475VG_IOT01A/ARMC6/mbed-os/platform/source/mbed_retarget.o
    0x1000032c   0x00000002   Data   RW        25373    .data._ZL14dns_message_id  BUILD/DISCO_L475VG_IOT01A/ARMC6/mbed-os/connectivity/netsocket/source/nsapi_dns.o
    0x1000032e   0x00000002   PAD
    0x10000330   0x00000004   Data   RW          816    .data._ZL14idle_hook_fptr  BUILD/DISCO_L475VG_IOT01A/ARMC6/mbed-os/cmsis/device/rtos/source/mbed_rtx_idle.o
    0x10000334   0x00000004   Data   RW           87    .data._ZL19desired_temperature  BUILD/DISCO_L475VG_IOT01A/ARMC6/main.o
    0x10000338   0x00000008   Data   RW        24945    .data._ZZL29get_interface_event_list_headvE10event_list  BUILD/DISCO_L475VG_IOT01A/ARMC6/mbed-os/connectivity/netsocket/source/NetworkInterface.o
    0x10000340   0x00000004   Data   RW        28678    .data.irq_handler   BUILD/DISCO_L475VG_IOT01A/ARMC6/mbed-os/hal/source/mbed_us_ticker_api.o
    0x10000344   0x00000054   Zero   RW        36436    .bss                /Library/Application Support/Mbed Studio/mbed-studio-tools/ac6/bin/../lib/armlib/c_w.l(stdio_streams.o)
    0x10000398   0x000000e4   Zero   RW        36459    .bss                /Library/Application Support/Mbed Studio/mbed-studio-tools/ac6/bin/../lib/armlib/c_w.l(rand.o)
    0x1000047c   0x0000001c   Zero   RW           71    .bss.Ain1           BUILD/DISCO_L475VG_IOT01A/ARMC6/main.o
    0x10000498   0x00000004   Zero   RW        25015    .bss._ZGVZN12NetworkStack7call_inEiN4mbed8CallbackIFvvEEEE11event_queue  BUILD/DISCO_L475VG_IOT01A/ARMC6/mbed-os/connectivity/netsocket/source/NetworkStack.o
    0x1000049c   0x00000004   Zero   RW        36185    .bss._ZGVZN13WiFiInterface20get_default_instanceEvE3ism  BUILD/DISCO_L475VG_IOT01A/ARMC6/wifi-ism43362/ISM43362Interface.o
    0x100004a0   0x00000004   Zero   RW        27994    .bss._ZGVZN4mbed33do_shared_event_queue_with_threadIL12osPriority_t24ELj768ELj2048EEEPN6events10EventQueueEPKcE6thread  BUILD/DISCO_L475VG_IOT01A/ARMC6/mbed-os/events/source/mbed_shared_queues.o
    0x100004a4   0x00000014   Zero   RW        25372    .bss._ZL11dns_call_in  BUILD/DISCO_L475VG_IOT01A/ARMC6/mbed-os/connectivity/netsocket/source/nsapi_dns.o
    0x100004b8   0x00000024   Zero   RW           79    .bss._ZL11fanOn_mutex  BUILD/DISCO_L475VG_IOT01A/ARMC6/main.o
    0x100004dc   0x00000024   Zero   RW           77    .bss._ZL13fanMode_mutex  BUILD/DISCO_L475VG_IOT01A/ARMC6/main.o
    0x10000500   0x00000010   Zero   RW        29604    .bss._ZL13stdio_in_prev  BUILD/DISCO_L475VG_IOT01A/ARMC6/mbed-os/platform/source/mbed_retarget.o
    0x10000510   0x00000014   Zero   RW        25376    .bss._ZL15dns_query_queue  BUILD/DISCO_L475VG_IOT01A/ARMC6/mbed-os/connectivity/netsocket/source/nsapi_dns.o
    0x10000524   0x00000024   Zero   RW           83    .bss._ZL15pidOutput_mutex  BUILD/DISCO_L475VG_IOT01A/ARMC6/main.o
    0x10000548   0x00000024   Zero   RW           81    .bss._ZL25desired_temperature_mutex  BUILD/DISCO_L475VG_IOT01A/ARMC6/main.o
    0x1000056c   0x0000000c   Zero   RW        25380    .bss._ZL9dns_cache  BUILD/DISCO_L475VG_IOT01A/ARMC6/mbed-os/connectivity/netsocket/source/nsapi_dns.o
    0x10000578   0x00000004   Zero   RW        30026    .bss._ZN16QSPIFBlockDevice28_active_qspif_flash_csel_arrE  BUILD/DISCO_L475VG_IOT01A/ARMC6/mbed-os/storage/blockdevice/COMPONENT_QSPIF/source/QSPIFBlockDevice.o
    0x1000057c   0x00000004   Zero   RW        26607    .bss._ZN4mbed3SPI17_peripherals_usedE  BUILD/DISCO_L475VG_IOT01A/ARMC6/mbed-os/drivers/source/SPI.o
    0x10000580   0x00000004   Zero   RW        28901    .bss._ZN4mbed8FileBase5_headE  BUILD/DISCO_L475VG_IOT01A/ARMC6/mbed-os/platform/source/FileBase.o
    0x10000584   0x00000028   Zero   RW        28902    .bss._ZN4mbed8FileBase6_mutexE  BUILD/DISCO_L475VG_IOT01A/ARMC6/mbed-os/platform/source/FileBase.o
    0x100005ac   0x00000004   PAD
    0x100005b0   0x00000048   Zero   RW        29404    .bss._ZN4mbed8internal12_GLOBAL__N_113os_timer_dataE  BUILD/DISCO_L475VG_IOT01A/ARMC6/mbed-os/platform/source/mbed_os_timer.o
    0x100005f8   0x00000004   Zero   RW        29613    .bss._ZZL15default_consolevE7console  BUILD/DISCO_L475VG_IOT01A/ARMC6/mbed-os/platform/source/mbed_retarget.o
    0x100005fc   0x00000004   Zero   RW          146    .bss._ZZN10WifiSocket17send_http_requestEvE13bytes_to_send  BUILD/DISCO_L475VG_IOT01A/ARMC6/main.o
    0x10000600   0x0000051c   Zero   RW        36184    .bss._ZZN13WiFiInterface20get_default_instanceEvE3ism  BUILD/DISCO_L475VG_IOT01A/ARMC6/wifi-ism43362/ISM43362Interface.o
    0x10000b1c   0x00000004   PAD
    0x10000b20   0x00000300   Zero   RW        27989    .bss._ZZN4mbed33do_shared_event_queue_with_threadIL12osPriority_t24ELj768ELj2048EEEPN6events10EventQueueEPKcE12queue_buffer  BUILD/DISCO_L475VG_IOT01A/ARMC6/mbed-os/events/source/mbed_shared_queues.o
    0x10000e20   0x000000bc   Zero   RW        27993    .bss._ZZN4mbed33do_shared_event_queue_with_threadIL12osPriority_t24ELj768ELj2048EEEPN6events10EventQueueEPKcE6thread  BUILD/DISCO_L475VG_IOT01A/ARMC6/mbed-os/events/source/mbed_shared_queues.o
    0x10000edc   0x00000004   Zero   RW        29769    .bss._ZZN4rtos6Kernel4impl14get_tick_countEvE6tick_h  BUILD/DISCO_L475VG_IOT01A/ARMC6/mbed-os/rtos/source/Kernel.o
    0x10000ee0   0x00000002   Zero   RW        36072    .bss._ZZN8ISM433624openEPKciS1_iE12rnglocalport  BUILD/DISCO_L475VG_IOT01A/ARMC6/wifi-ism43362/ISM43362/ISM43362.o
    0x10000ee2   0x00000006   PAD
    0x10000ee8   0x00002000   Zero   RW          746    .bss._main_stack    BUILD/DISCO_L475VG_IOT01A/ARMC6/mbed-os/cmsis/device/rtos/source/mbed_rtos_rtx.o
    0x10002ee8   0x00000020   Zero   RW          719    .bss._static_mutexes  BUILD/DISCO_L475VG_IOT01A/ARMC6/mbed-os/cmsis/device/rtos/TOOLCHAIN_ARM_STD/mbed_boot_arm_std.o
    0x10002f08   0x00000024   Zero   RW           67    .bss.bmp180         BUILD/DISCO_L475VG_IOT01A/ARMC6/main.o
    0x10002f2c   0x00000004   Zero   RW        35197    .bss.can_irq_contexts  BUILD/DISCO_L475VG_IOT01A/ARMC6/mbed-os/targets/TARGET_STM/can_api.o
    0x10002f30   0x00000004   Zero   RW        29285    .bss.critical_section_reentrancy_counter  BUILD/DISCO_L475VG_IOT01A/ARMC6/mbed-os/platform/source/mbed_critical.o
    0x10002f34   0x00000004   Zero   RW        29340    .bss.error_hook     BUILD/DISCO_L475VG_IOT01A/ARMC6/mbed-os/platform/source/mbed_error.o
    0x10002f38   0x00000038   Zero   RW        28680    .bss.events         BUILD/DISCO_L475VG_IOT01A/ARMC6/mbed-os/hal/source/mbed_us_ticker_api.o
    0x10002f70   0x00000001   Zero   RW        29341    .bss.halt_in_progress  BUILD/DISCO_L475VG_IOT01A/ARMC6/mbed-os/platform/source/mbed_error.o
    0x10002f71   0x00000003   PAD
    0x10002f74   0x00000100   Zero   RW           66    .bss.i2c            BUILD/DISCO_L475VG_IOT01A/ARMC6/main.o
    0x10003074   0x00000002   Zero   RW        35243    .bss.irq_channel_used  BUILD/DISCO_L475VG_IOT01A/ARMC6/mbed-os/targets/TARGET_STM/gpio_irq_api.o
    0x10003076   0x00000002   PAD
    0x10003078   0x00000040   Zero   RW        29335    .bss.last_error_ctx  BUILD/DISCO_L475VG_IOT01A/ARMC6/mbed-os/platform/source/mbed_error.o
    0x100030b8   0x00000004   Zero   RW        35381    .bss.lp_delayed_counter  BUILD/DISCO_L475VG_IOT01A/ARMC6/mbed-os/targets/TARGET_STM/lp_ticker.o
    0x100030bc   0x00000001   Zero   RW        35377    .bss.lp_delayed_prog  BUILD/DISCO_L475VG_IOT01A/ARMC6/mbed-os/targets/TARGET_STM/lp_ticker.o
    0x100030bd   0x00000001   Zero   RW        29334    .bss.mbed_error_in_progress  BUILD/DISCO_L475VG_IOT01A/ARMC6/mbed-os/platform/source/mbed_error.o
    0x100030be   0x00000002   PAD
    0x100030c0   0x00000004   Zero   RW        29599    .bss.mbed_heap_start  BUILD/DISCO_L475VG_IOT01A/ARMC6/mbed-os/platform/source/mbed_retarget.o
    0x100030c4   0x00000004   Zero   RW          736    .bss.mbed_stack_isr_start  BUILD/DISCO_L475VG_IOT01A/ARMC6/mbed-os/cmsis/device/rtos/source/mbed_boot.o
    0x100030c8   0x00000034   Zero   RW          349    .bss.os.msgqueue.cb  BUILD/DISCO_L475VG_IOT01A/ARMC6/mbed-os/cmsis/CMSIS_5/CMSIS/RTOS2/RTX/Source/rtx_lib.o
    0x100030fc   0x00000050   Zero   RW          350    .bss.os.msgqueue.mem  BUILD/DISCO_L475VG_IOT01A/ARMC6/mbed-os/cmsis/CMSIS_5/CMSIS/RTOS2/RTX/Source/rtx_lib.o
    0x1000314c   0x00000088   Zero   RW          346    .bss.os.thread.cb   BUILD/DISCO_L475VG_IOT01A/ARMC6/mbed-os/cmsis/CMSIS_5/CMSIS/RTOS2/RTX/Source/rtx_lib.o
    0x100031d4   0x00000044   Zero   RW          748    .bss.os.thread.cb   BUILD/DISCO_L475VG_IOT01A/ARMC6/mbed-os/cmsis/device/rtos/source/mbed_rtos_rtx.o
    0x10003218   0x00000300   Zero   RW          347    .bss.os.thread.idle.stack  BUILD/DISCO_L475VG_IOT01A/ARMC6/mbed-os/cmsis/CMSIS_5/CMSIS/RTOS2/RTX/Source/rtx_lib.o
    0x10003518   0x00000004   Zero   RW        35256    .bss.prev_time      BUILD/DISCO_L475VG_IOT01A/ARMC6/mbed-os/targets/TARGET_STM/hal_tick_overrides.o
    0x1000351c   0x00000024   Zero   RW           69    .bss.pwmA           BUILD/DISCO_L475VG_IOT01A/ARMC6/main.o
    0x10003540   0x00000001   Zero   RW        35379    .bss.roll_over_flag  BUILD/DISCO_L475VG_IOT01A/ARMC6/mbed-os/targets/TARGET_STM/lp_ticker.o
    0x10003541   0x00000003   PAD
    0x10003544   0x00000004   Zero   RW          752    .bss.singleton_mutex_id  BUILD/DISCO_L475VG_IOT01A/ARMC6/mbed-os/cmsis/device/rtos/source/mbed_rtos_rtx.o
    0x10003548   0x00000001   Zero   RW        35382    .bss.sleep_manager_locked  BUILD/DISCO_L475VG_IOT01A/ARMC6/mbed-os/targets/TARGET_STM/lp_ticker.o
    0x10003549   0x00000001   Zero   RW        28548    .bss.state_saved    BUILD/DISCO_L475VG_IOT01A/ARMC6/mbed-os/hal/source/mbed_critical_section_api.o
    0x1000354a   0x00000002   PAD
    0x1000354c   0x0000004c   Zero   RW        35552    .bss.stdio_uart     BUILD/DISCO_L475VG_IOT01A/ARMC6/mbed-os/targets/TARGET_STM/serial_api.o
    0x10003598   0x00000004   Zero   RW        35550    .bss.stdio_uart_inited  BUILD/DISCO_L475VG_IOT01A/ARMC6/mbed-os/targets/TARGET_STM/serial_api.o
    0x1000359c   0x000000bc   Zero   RW           72    .bss.t1             BUILD/DISCO_L475VG_IOT01A/ARMC6/main.o
    0x10003658   0x000000bc   Zero   RW           74    .bss.t3             BUILD/DISCO_L475VG_IOT01A/ARMC6/main.o
    0x10003714   0x00000004   Zero   RW        35660    .bss.timer_ccr1_reg  BUILD/DISCO_L475VG_IOT01A/ARMC6/mbed-os/targets/TARGET_STM/us_ticker.o
    0x10003718   0x00000318   Zero   RW        35032    .bss.uart_handlers  BUILD/DISCO_L475VG_IOT01A/ARMC6/mbed-os/targets/TARGET_STM/TARGET_STM32L4/serial_device.o


    Execution Region RW_IRAM1 (Base: 0x20000000, Size: 0x00001ad0, Max: 0x00006000, ABSOLUTE)

    Base Addr    Size         Type   Attr      Idx    E Section Name        Object

    0x20000000   0x00000004   Data   RW        36438    .data               /Library/Application Support/Mbed Studio/mbed-studio-tools/ac6/bin/../lib/armlib/c_w.l(stdio_streams.o)
    0x20000004   0x00000004   Data   RW        36440    .data               /Library/Application Support/Mbed Studio/mbed-studio-tools/ac6/bin/../lib/armlib/c_w.l(stdio_streams.o)
    0x20000008   0x00000004   Data   RW        37108    .data               /Library/Application Support/Mbed Studio/mbed-studio-tools/ac6/bin/../lib/armlib/c_w.l(streamlock.o)
    0x2000000c   0x00000004   Data   RW        25374    .data._ZL13dns_unique_id  BUILD/DISCO_L475VG_IOT01A/ARMC6/mbed-os/connectivity/netsocket/source/nsapi_dns.o
    0x20000010   0x00000004   Data   RW        28585    .data.irq_handler   BUILD/DISCO_L475VG_IOT01A/ARMC6/mbed-os/hal/source/mbed_lp_ticker_api.o
    0x20000014   0x000000a4   Data   RW          333    .data.os            BUILD/DISCO_L475VG_IOT01A/ARMC6/mbed-os/cmsis/CMSIS_5/CMSIS/RTOS2/RTX/Source/rtx_kernel.o
    0x200000b8   0x00000004   Data   RW        31608    .data.uwTickPrio    BUILD/DISCO_L475VG_IOT01A/ARMC6/mbed-os/targets/TARGET_STM/TARGET_STM32L4/STM32Cube_FW/STM32L4xx_HAL_Driver/stm32l4xx_hal.o
    0x200000bc   0x00000054   Zero   RW        36435    .bss                /Library/Application Support/Mbed Studio/mbed-studio-tools/ac6/bin/../lib/armlib/c_w.l(stdio_streams.o)
    0x20000110   0x00000054   Zero   RW        36437    .bss                /Library/Application Support/Mbed Studio/mbed-studio-tools/ac6/bin/../lib/armlib/c_w.l(stdio_streams.o)
    0x20000164   0x00000060   Zero   RW        36980    .bss                /Library/Application Support/Mbed Studio/mbed-studio-tools/ac6/bin/../lib/armlib/c_w.l(libspace.o)
    0x200001c4   0x0000001c   Zero   RW           70    .bss.Ain2           BUILD/DISCO_L475VG_IOT01A/ARMC6/main.o
    0x200001e0   0x00000001   Zero   RW        35383    .bss.LPTICKER_inited  BUILD/DISCO_L475VG_IOT01A/ARMC6/mbed-os/targets/TARGET_STM/lp_ticker.o
    0x200001e1   0x00000003   PAD
    0x200001e4   0x00000038   Zero   RW        35384    .bss.LptimHandle    BUILD/DISCO_L475VG_IOT01A/ARMC6/mbed-os/targets/TARGET_STM/lp_ticker.o
    0x2000021c   0x0000004c   Zero   RW        35460    .bss.TimHandle      BUILD/DISCO_L475VG_IOT01A/ARMC6/mbed-os/targets/TARGET_STM/pwmout_api.o
    0x20000268   0x0000004c   Zero   RW        35658    .bss.TimMasterHandle  BUILD/DISCO_L475VG_IOT01A/ARMC6/mbed-os/targets/TARGET_STM/us_ticker.o
    0x200002b4   0x00000004   Zero   RW        29614    .bss._ZGVZL15default_consolevE7console  BUILD/DISCO_L475VG_IOT01A/ARMC6/mbed-os/platform/source/mbed_retarget.o
    0x200002b8   0x00000004   Zero   RW        27991    .bss._ZGVZN4mbed33do_shared_event_queue_with_threadIL12osPriority_t24ELj768ELj2048EEEPN6events10EventQueueEPKcE5queue  BUILD/DISCO_L475VG_IOT01A/ARMC6/mbed-os/events/source/mbed_shared_queues.o
    0x200002bc   0x00000004   Zero   RW           89    .bss._ZL11fanSpeedPwm  BUILD/DISCO_L475VG_IOT01A/ARMC6/main.o
    0x200002c0   0x00000004   Zero   RW           84    .bss._ZL11temperature  BUILD/DISCO_L475VG_IOT01A/ARMC6/main.o
    0x200002c4   0x00000010   Zero   RW        29605    .bss._ZL14stdio_out_prev  BUILD/DISCO_L475VG_IOT01A/ARMC6/mbed-os/platform/source/mbed_retarget.o
    0x200002d4   0x00000024   Zero   RW           78    .bss._ZL15connected_mutex  BUILD/DISCO_L475VG_IOT01A/ARMC6/main.o
    0x200002f8   0x00000028   Zero   RW        25379    .bss._ZL15dns_cache_mutex  BUILD/DISCO_L475VG_IOT01A/ARMC6/mbed-os/connectivity/netsocket/source/nsapi_dns.o
    0x20000320   0x00000028   Zero   RW        29601    .bss._ZL16filehandle_mutex  BUILD/DISCO_L475VG_IOT01A/ARMC6/mbed-os/platform/source/mbed_retarget.o
    0x20000348   0x00000024   Zero   RW           80    .bss._ZL16manualMode_mutex  BUILD/DISCO_L475VG_IOT01A/ARMC6/main.o
    0x2000036c   0x00000001   Zero   RW        25377    .bss._ZL17dns_timer_running  BUILD/DISCO_L475VG_IOT01A/ARMC6/mbed-os/connectivity/netsocket/source/nsapi_dns.o
    0x2000036d   0x00000003   PAD
    0x20000370   0x00000024   Zero   RW           82    .bss._ZL17fanSpeedPwm_mutex  BUILD/DISCO_L475VG_IOT01A/ARMC6/main.o
    0x20000394   0x00000024   Zero   RW           76    .bss._ZL17temperature_mutex  BUILD/DISCO_L475VG_IOT01A/ARMC6/main.o
    0x200003b8   0x00000001   Zero   RW           85    .bss._ZL9connected  BUILD/DISCO_L475VG_IOT01A/ARMC6/main.o
    0x200003b9   0x00000003   PAD
    0x200003bc   0x00000028   Zero   RW        25375    .bss._ZL9dns_mutex  BUILD/DISCO_L475VG_IOT01A/ARMC6/mbed-os/connectivity/netsocket/source/nsapi_dns.o
    0x200003e4   0x00000004   PAD
    0x200003e8   0x00000008   Zero   RW           88    .bss._ZL9pidOutput  BUILD/DISCO_L475VG_IOT01A/ARMC6/main.o
    0x200003f0   0x00000004   Zero   RW        28845    .bss._ZN10CThunkBase17_cthunk_free_realE  BUILD/DISCO_L475VG_IOT01A/ARMC6/mbed-os/platform/source/CThunkBase.o
    0x200003f4   0x0000039c   Zero   RW        26606    .bss._ZN4mbed3SPI12_peripheralsE  BUILD/DISCO_L475VG_IOT01A/ARMC6/mbed-os/drivers/source/SPI.o
    0x20000790   0x00000004   Zero   RW        28903    .bss._ZN4mbed8FileBase8_defaultE  BUILD/DISCO_L475VG_IOT01A/ARMC6/mbed-os/platform/source/FileBase.o
    0x20000794   0x00000004   Zero   RW        29403    .bss._ZN4mbed8internal8os_timerE  BUILD/DISCO_L475VG_IOT01A/ARMC6/mbed-os/platform/source/mbed_os_timer.o
    0x20000798   0x00000004   Zero   RW          147    .bss._ZZN10WifiSocket17send_http_requestEvE10bytes_sent  BUILD/DISCO_L475VG_IOT01A/ARMC6/main.o
    0x2000079c   0x00000004   Zero   RW        25014    .bss._ZZN12NetworkStack7call_inEiN4mbed8CallbackIFvvEEEE11event_queue  BUILD/DISCO_L475VG_IOT01A/ARMC6/mbed-os/connectivity/netsocket/source/NetworkStack.o
    0x200007a0   0x0000005c   Zero   RW        27990    .bss._ZZN4mbed33do_shared_event_queue_with_threadIL12osPriority_t24ELj768ELj2048EEEPN6events10EventQueueEPKcE5queue  BUILD/DISCO_L475VG_IOT01A/ARMC6/mbed-os/events/source/mbed_shared_queues.o
    0x200007fc   0x00000004   PAD
    0x20000800   0x00000800   Zero   RW        27992    .bss._ZZN4mbed33do_shared_event_queue_with_threadIL12osPriority_t24ELj768ELj2048EEEPN6events10EventQueueEPKcE5stack  BUILD/DISCO_L475VG_IOT01A/ARMC6/mbed-os/events/source/mbed_shared_queues.o
    0x20001000   0x00000004   Zero   RW        29770    .bss._ZZN4rtos6Kernel4impl14get_tick_countEvE6tick_l  BUILD/DISCO_L475VG_IOT01A/ARMC6/mbed-os/rtos/source/Kernel.o
    0x20001004   0x00000024   Zero   RW          747    .bss._main_thread_attr  BUILD/DISCO_L475VG_IOT01A/ARMC6/mbed-os/cmsis/device/rtos/source/mbed_rtos_rtx.o
    0x20001028   0x000000e0   Zero   RW          720    .bss._static_mutexes_mem  BUILD/DISCO_L475VG_IOT01A/ARMC6/mbed-os/cmsis/device/rtos/TOOLCHAIN_ARM_STD/mbed_boot_arm_std.o
    0x20001108   0x00000214   Zero   RW        35244    .bss.channels       BUILD/DISCO_L475VG_IOT01A/ARMC6/mbed-os/targets/TARGET_STM/gpio_irq_api.o
    0x2000131c   0x00000001   Zero   RW        28549    .bss.critical_interrupts_enabled  BUILD/DISCO_L475VG_IOT01A/ARMC6/mbed-os/hal/source/mbed_critical_section_api.o
    0x2000131d   0x00000001   PAD
    0x2000131e   0x00000002   Zero   RW        29431    .bss.deep_sleep_lock  BUILD/DISCO_L475VG_IOT01A/ARMC6/mbed-os/platform/source/mbed_power_mgmt.o
    0x20001320   0x00000004   Zero   RW        29338    .bss.error_count    BUILD/DISCO_L475VG_IOT01A/ARMC6/mbed-os/platform/source/mbed_error.o
    0x20001324   0x00000004   PAD
    0x20001328   0x00000038   Zero   RW        28587    .bss.events         BUILD/DISCO_L475VG_IOT01A/ARMC6/mbed-os/hal/source/mbed_lp_ticker_api.o
    0x20001360   0x00000040   Zero   RW        29337    .bss.first_error_ctx  BUILD/DISCO_L475VG_IOT01A/ARMC6/mbed-os/platform/source/mbed_error.o
    0x200013a0   0x00000001   Zero   RW        35378    .bss.future_event_flag  BUILD/DISCO_L475VG_IOT01A/ARMC6/mbed-os/targets/TARGET_STM/lp_ticker.o
    0x200013a1   0x00000003   PAD
    0x200013a4   0x00000014   Zero   RW        35353    .bss.i2c_handles    BUILD/DISCO_L475VG_IOT01A/ARMC6/mbed-os/targets/TARGET_STM/i2c_api.o
    0x200013b8   0x00000004   Zero   RW        35196    .bss.irq_handler    BUILD/DISCO_L475VG_IOT01A/ARMC6/mbed-os/targets/TARGET_STM/can_api.o
    0x200013bc   0x00000004   Zero   RW        35245    .bss.irq_handler    BUILD/DISCO_L475VG_IOT01A/ARMC6/mbed-os/targets/TARGET_STM/gpio_irq_api.o
    0x200013c0   0x00000001   Zero   RW        29336    .bss.is_reboot_error_valid  BUILD/DISCO_L475VG_IOT01A/ARMC6/mbed-os/platform/source/mbed_error.o
    0x200013c1   0x00000003   PAD
    0x200013c4   0x00000024   Zero   RW           68    .bss.led            BUILD/DISCO_L475VG_IOT01A/ARMC6/main.o
    0x200013e8   0x00000001   Zero   RW        35376    .bss.lp_Fired       BUILD/DISCO_L475VG_IOT01A/ARMC6/mbed-os/targets/TARGET_STM/lp_ticker.o
    0x200013e9   0x00000001   Zero   RW        35380    .bss.lp_cmpok       BUILD/DISCO_L475VG_IOT01A/ARMC6/mbed-os/targets/TARGET_STM/lp_ticker.o
    0x200013ea   0x00000002   PAD
    0x200013ec   0x00000004   Zero   RW        29600    .bss.mbed_heap_size  BUILD/DISCO_L475VG_IOT01A/ARMC6/mbed-os/platform/source/mbed_retarget.o
    0x200013f0   0x00000004   Zero   RW        35404    .bss.mbed_sdk_inited  BUILD/DISCO_L475VG_IOT01A/ARMC6/mbed-os/targets/TARGET_STM/mbed_overrides.o
    0x200013f4   0x00000004   Zero   RW          737    .bss.mbed_stack_isr_size  BUILD/DISCO_L475VG_IOT01A/ARMC6/mbed-os/cmsis/device/rtos/source/mbed_boot.o
    0x200013f8   0x00000040   Zero   RW          338    .bss.os             BUILD/DISCO_L475VG_IOT01A/ARMC6/mbed-os/cmsis/CMSIS_5/CMSIS/RTOS2/RTX/Source/rtx_lib.o
    0x20001438   0x000001f0   Zero   RW          718    .bss.os.libspace    BUILD/DISCO_L475VG_IOT01A/ARMC6/mbed-os/cmsis/device/rtos/TOOLCHAIN_ARM_STD/mbed_boot_arm_std.o
    0x20001628   0x00000300   Zero   RW          348    .bss.os.thread.timer.stack  BUILD/DISCO_L475VG_IOT01A/ARMC6/mbed-os/cmsis/CMSIS_5/CMSIS/RTOS2/RTX/Source/rtx_lib.o
    0x20001928   0x00000001   Zero   RW          721    .bss.os_kernel_is_active.os_kernel_active  BUILD/DISCO_L475VG_IOT01A/ARMC6/mbed-os/cmsis/device/rtos/TOOLCHAIN_ARM_STD/mbed_boot_arm_std.o
    0x20001929   0x00000001   PAD
    0x2000192a   0x00000002   Zero   RW        35257    .bss.prev_tick_remainder  BUILD/DISCO_L475VG_IOT01A/ARMC6/mbed-os/targets/TARGET_STM/hal_tick_overrides.o
    0x2000192c   0x0000001c   Zero   RW          750    .bss.singleton_mutex_obj  BUILD/DISCO_L475VG_IOT01A/ARMC6/mbed-os/cmsis/device/rtos/source/mbed_rtos_rtx.o
    0x20001948   0x000000bc   Zero   RW           73    .bss.t2             BUILD/DISCO_L475VG_IOT01A/ARMC6/main.o
    0x20001a04   0x000000bc   Zero   RW           75    .bss.t4             BUILD/DISCO_L475VG_IOT01A/ARMC6/main.o
    0x20001ac0   0x00000004   Zero   RW          785    .bss.terminate_hook  BUILD/DISCO_L475VG_IOT01A/ARMC6/mbed-os/cmsis/device/rtos/source/mbed_rtx_handlers.o
    0x20001ac4   0x00000004   Zero   RW        35659    .bss.timer_cnt_reg  BUILD/DISCO_L475VG_IOT01A/ARMC6/mbed-os/targets/TARGET_STM/us_ticker.o
    0x20001ac8   0x00000004   Zero   RW        35661    .bss.timer_dier_reg  BUILD/DISCO_L475VG_IOT01A/ARMC6/mbed-os/targets/TARGET_STM/us_ticker.o
    0x20001acc   0x00000004   Zero   RW        35258    .bss.total_ticks    BUILD/DISCO_L475VG_IOT01A/ARMC6/mbed-os/targets/TARGET_STM/hal_tick_overrides.o


    Execution Region ARM_LIB_HEAP (Base: 0x20001ad0, Size: 0x00016130, Max: 0x00016130, ABSOLUTE)

    Base Addr    Size         Type   Attr      Idx    E Section Name        Object

    0x20001ad0   0x00016130   Zero   RW            2    ARM_LIB_HEAP.bss    anon$$obj.o


    Execution Region ARM_LIB_STACK (Base: 0x20017c00, Size: 0x00000400, Max: 0x00000400, ABSOLUTE)

    Base Addr    Size         Type   Attr      Idx    E Section Name        Object

    0x20017c00   0x00000400   Zero   RW            3    ARM_LIB_STACK.bss   anon$$obj.o


==============================================================================

Image component sizes


      Code (inc. data)   RO Data    RW Data    ZI Data      Debug   

     82930       6128       7225        356     111856      64872   Object Totals
         0          0         64          0      91696          0   (incl. Generated)
       202          0         19          5         57          0   (incl. Padding)
     23622       1022        735         20        576      21276   Library Totals
        48          0         12          0          0          0   (incl. Padding)

==============================================================================


      Code (inc. data)   RO Data    RW Data    ZI Data      Debug   

    106552       7150       7960        376     112432      73276   Grand Totals
    106552       7150       7960        376     112432      73276   ELF Image Totals
    106552       7150       7960        376          0          0   ROM Totals

==============================================================================

    Total RO  Size (Code + RO Data)               114512 ( 111.83kB)
    Total RW  Size (RW Data + ZI Data)            112808 ( 110.16kB)
    Total ROM Size (Code + RO Data + RW Data)     114888 ( 112.20kB)

==============================================================================

