Component: ARM Compiler 6.16 Tool: armlink [5dfea300]

==============================================================================

Memory Map of the image

  Image Entry point : 0x08000189

  Load Region LR_IROM1 (Base: 0x08000000, Size: 0x00025984, Max: 0x00100000, ABSOLUTE, COMPRESSED[0x000258e0])

    Execution Region ER_IROM1 (Base: 0x08000000, Size: 0x0002572c, Max: 0x00100000, ABSOLUTE)

    Base Addr    Size         Type   Attr      Idx    E Section Name        Object

    0x08000000   0x00000188   Data   RO        35104    RESET               BUILD/DISCO_L475VG_IOT01A/ARMC6/mbed-os/targets/TARGET_STM/TARGET_STM32L4/TARGET_STM32L475xG/TOOLCHAIN_ARM/startup_stm32l475xx.o
    0x08000188   0x00000008   Code   RO        36153  * !!!main             /Library/Application Support/Mbed Studio/mbed-studio-tools/ac6/bin/../lib/armlib/c_w.l(__main.o)
    0x08000190   0x00000034   Code   RO        37090    !!!scatter          /Library/Application Support/Mbed Studio/mbed-studio-tools/ac6/bin/../lib/armlib/c_w.l(__scatter.o)
    0x080001c4   0x0000005a   Code   RO        37088    !!dczerorl2         /Library/Application Support/Mbed Studio/mbed-studio-tools/ac6/bin/../lib/armlib/c_w.l(__dczerorl2.o)
    0x0800021e   0x00000002   PAD
    0x08000220   0x0000001a   Code   RO        37092    !!handler_copy      /Library/Application Support/Mbed Studio/mbed-studio-tools/ac6/bin/../lib/armlib/c_w.l(__scatter_copy.o)
    0x0800023a   0x00000002   PAD
    0x0800023c   0x0000001c   Code   RO        37094    !!handler_zi        /Library/Application Support/Mbed Studio/mbed-studio-tools/ac6/bin/../lib/armlib/c_w.l(__scatter_zi.o)
    0x08000258   0x00000002   Code   RO        36152    .ARM.Collect$$libinit$$00000000  /Library/Application Support/Mbed Studio/mbed-studio-tools/ac6/bin/../lib/armlib/c_w.l(libinit.o)
    0x0800025a   0x00000004   Code   RO        36405    .ARM.Collect$$libinit$$00000001  /Library/Application Support/Mbed Studio/mbed-studio-tools/ac6/bin/../lib/armlib/c_w.l(libinit2.o)
    0x0800025e   0x00000000   Code   RO        36408    .ARM.Collect$$libinit$$00000004  /Library/Application Support/Mbed Studio/mbed-studio-tools/ac6/bin/../lib/armlib/c_w.l(libinit2.o)
    0x0800025e   0x00000008   Code   RO        36409    .ARM.Collect$$libinit$$00000005  /Library/Application Support/Mbed Studio/mbed-studio-tools/ac6/bin/../lib/armlib/c_w.l(libinit2.o)
    0x08000266   0x00000000   Code   RO        36411    .ARM.Collect$$libinit$$0000000A  /Library/Application Support/Mbed Studio/mbed-studio-tools/ac6/bin/../lib/armlib/c_w.l(libinit2.o)
    0x08000266   0x00000000   Code   RO        36413    .ARM.Collect$$libinit$$0000000C  /Library/Application Support/Mbed Studio/mbed-studio-tools/ac6/bin/../lib/armlib/c_w.l(libinit2.o)
    0x08000266   0x00000000   Code   RO        36415    .ARM.Collect$$libinit$$0000000E  /Library/Application Support/Mbed Studio/mbed-studio-tools/ac6/bin/../lib/armlib/c_w.l(libinit2.o)
    0x08000266   0x00000000   Code   RO        36418    .ARM.Collect$$libinit$$00000011  /Library/Application Support/Mbed Studio/mbed-studio-tools/ac6/bin/../lib/armlib/c_w.l(libinit2.o)
    0x08000266   0x00000000   Code   RO        36420    .ARM.Collect$$libinit$$00000013  /Library/Application Support/Mbed Studio/mbed-studio-tools/ac6/bin/../lib/armlib/c_w.l(libinit2.o)
    0x08000266   0x00000000   Code   RO        36422    .ARM.Collect$$libinit$$00000015  /Library/Application Support/Mbed Studio/mbed-studio-tools/ac6/bin/../lib/armlib/c_w.l(libinit2.o)
    0x08000266   0x00000000   Code   RO        36424    .ARM.Collect$$libinit$$00000017  /Library/Application Support/Mbed Studio/mbed-studio-tools/ac6/bin/../lib/armlib/c_w.l(libinit2.o)
    0x08000266   0x00000000   Code   RO        36426    .ARM.Collect$$libinit$$00000019  /Library/Application Support/Mbed Studio/mbed-studio-tools/ac6/bin/../lib/armlib/c_w.l(libinit2.o)
    0x08000266   0x00000000   Code   RO        36428    .ARM.Collect$$libinit$$0000001B  /Library/Application Support/Mbed Studio/mbed-studio-tools/ac6/bin/../lib/armlib/c_w.l(libinit2.o)
    0x08000266   0x00000000   Code   RO        36430    .ARM.Collect$$libinit$$0000001D  /Library/Application Support/Mbed Studio/mbed-studio-tools/ac6/bin/../lib/armlib/c_w.l(libinit2.o)
    0x08000266   0x00000000   Code   RO        36432    .ARM.Collect$$libinit$$0000001F  /Library/Application Support/Mbed Studio/mbed-studio-tools/ac6/bin/../lib/armlib/c_w.l(libinit2.o)
    0x08000266   0x00000000   Code   RO        36434    .ARM.Collect$$libinit$$00000021  /Library/Application Support/Mbed Studio/mbed-studio-tools/ac6/bin/../lib/armlib/c_w.l(libinit2.o)
    0x08000266   0x00000000   Code   RO        36436    .ARM.Collect$$libinit$$00000023  /Library/Application Support/Mbed Studio/mbed-studio-tools/ac6/bin/../lib/armlib/c_w.l(libinit2.o)
[...]
    0x08023708   0x00000060   Data   RO         6560    .rodata._ZTVN3ble24PalAttClientToGattClientE  BUILD/DISCO_L475VG_IOT01A/ARMC6/mbed-os/connectivity/FEATURE_BLE/source/pal/PalAttClientToGattClient.o
    0x08023768   0x00000014   Data   RO         6244    .rodata._ZTVN3ble24PrivateAddressController27PrivacyResolveAddressOnHostE  BUILD/DISCO_L475VG_IOT01A/ARMC6/mbed-os/connectivity/FEATURE_BLE/source/generic/PrivateAddressController.o
    0x0802377c   0x00000014   Data   RO         6230    .rodata._ZTVN3ble24PrivateAddressControllerE  BUILD/DISCO_L475VG_IOT01A/ARMC6/mbed-os/connectivity/FEATURE_BLE/source/generic/PrivateAddressController.o
    0x08023790   0x00000018   Data   RO         5067    .rodata._ZTVN3ble30PalSimpleAttReadByTypeResponseE  BUILD/DISCO_L475VG_IOT01A/ARMC6/mbed-os/connectivity/FEATURE_BLE/source/cordio/source/PalAttClientImpl.o
    0x080237a8   0x00000018   Data   RO         5066    .rodata._ZTVN3ble35PalSimpleAttFindByTypeValueResponseE  BUILD/DISCO_L475VG_IOT01A/ARMC6/mbed-os/connectivity/FEATURE_BLE/source/cordio/source/PalAttClientImpl.o
    0x080237c0   0x00000018   Data   RO         5065    .rodata._ZTVN3ble35PalSimpleAttFindInformationResponseE  BUILD/DISCO_L475VG_IOT01A/ARMC6/mbed-os/connectivity/FEATURE_BLE/source/cordio/source/PalAttClientImpl.o
    0x080237d8   0x00000018   Data   RO         5068    .rodata._ZTVN3ble35PalSimpleAttReadByGroupTypeResponseE  BUILD/DISCO_L475VG_IOT01A/ARMC6/mbed-os/connectivity/FEATURE_BLE/source/cordio/source/PalAttClientImpl.o
    0x080237f0   0x00000024   Data   RO         6012    .rodata._ZTVN3ble4impl10GattClientE  BUILD/DISCO_L475VG_IOT01A/ARMC6/mbed-os/connectivity/FEATURE_BLE/source/generic/GattClientImpl.o
    0x08023814   0x0000000c   Data   RO         4873    .rodata._ZTVN3ble4impl10GattServerE  BUILD/DISCO_L475VG_IOT01A/ARMC6/mbed-os/connectivity/FEATURE_BLE/source/cordio/source/GattServerImpl.o
    0x08023820   0x00000050   Data   RO         4955    .rodata._ZTVN3ble4impl12PalAttClientE  BUILD/DISCO_L475VG_IOT01A/ARMC6/mbed-os/connectivity/FEATURE_BLE/source/cordio/source/PalAttClientImpl.o
    0x08023870   0x00000010   Data   RO         4759    .rodata._ZTVN3ble4impl13PalEventQueueE  BUILD/DISCO_L475VG_IOT01A/ARMC6/mbed-os/connectivity/FEATURE_BLE/source/cordio/source/BLEInstanceBaseImpl.o
    0x08023880   0x00000044   Data   RO         4682    .rodata._ZTVN3ble4impl15BLEInstanceBaseE  BUILD/DISCO_L475VG_IOT01A/ARMC6/mbed-os/connectivity/FEATURE_BLE/source/cordio/source/BLEInstanceBaseImpl.o
    0x080238c4   0x000000a4   Data   RO         6509    .rodata._ZTVN3ble4impl15SecurityManagerE  BUILD/DISCO_L475VG_IOT01A/ARMC6/mbed-os/connectivity/FEATURE_BLE/source/generic/SecurityManagerImpl.o
    0x08023968   0x00000088   Data   RO         5341    .rodata._ZTVN3ble4impl18PalSecurityManagerE  BUILD/DISCO_L475VG_IOT01A/ARMC6/mbed-os/connectivity/FEATURE_BLE/source/cordio/source/PalSecurityManagerImpl.o
    0x080239f0   0x00000010   Data   RO         5227    .rodata._ZTVN3ble4impl23PalGenericAccessServiceE  BUILD/DISCO_L475VG_IOT01A/ARMC6/mbed-os/connectivity/FEATURE_BLE/source/cordio/source/PalGenericAccessServiceImpl.o
    0x08023a00   0x00000040   Data   RO         5263    .rodata._ZTVN3ble4impl27PalPrivateAddressControllerE  BUILD/DISCO_L475VG_IOT01A/ARMC6/mbed-os/connectivity/FEATURE_BLE/source/cordio/source/PalPrivateAddressControllerImpl.o
    0x08023a40   0x0000006c   Data   RO         5895    .rodata._ZTVN3ble4impl3GapE  BUILD/DISCO_L475VG_IOT01A/ARMC6/mbed-os/connectivity/FEATURE_BLE/source/generic/GapImpl.o
    0x08023aac   0x00000018   Data   RO         5219    .rodata._ZTVN3ble4impl6PalGap36GapAdvertisingReportMessageConverter31CordioGapAdvertisingReportEventE  BUILD/DISCO_L475VG_IOT01A/ARMC6/mbed-os/connectivity/FEATURE_BLE/source/cordio/source/PalGapImpl.o
    0x08023ac4   0x000000d8   Data   RO         5198    .rodata._ZTVN3ble4impl6PalGapE  BUILD/DISCO_L475VG_IOT01A/ARMC6/mbed-os/connectivity/FEATURE_BLE/source/cordio/source/PalGapImpl.o
    0x08023b9c   0x0000001c   Data   RO         7884    .rodata._ZTVN3ble6vendor10bluenrg_ms15TransportDriverE  BUILD/DISCO_L475VG_IOT01A/ARMC6/mbed-os/connectivity/drivers/ble/FEATURE_BLE/COMPONENT_BlueNRG_MS/BlueNrgMsHCIDriver.o
    0x08023bb8   0x00000030   Data   RO         7887    .rodata._ZTVN3ble6vendor10bluenrg_ms9HCIDriverE  BUILD/DISCO_L475VG_IOT01A/ARMC6/mbed-os/connectivity/drivers/ble/FEATURE_BLE/COMPONENT_BlueNRG_MS/BlueNrgMsHCIDriver.o
    0x08023be8   0x0000000c   Data   RO        26773    .rodata._ZTVN4mbed10TickerBaseE  BUILD/DISCO_L475VG_IOT01A/ARMC6/mbed-os/drivers/source/Ticker.o
    0x08023bf4   0x0000000c   Data   RO        26845    .rodata._ZTVN4mbed10TimerEventE  BUILD/DISCO_L475VG_IOT01A/ARMC6/mbed-os/drivers/source/TimerEvent.o
    0x08023c00   0x00000010   Data   RO        26449    .rodata._ZTVN4mbed11InterruptInE  BUILD/DISCO_L475VG_IOT01A/ARMC6/mbed-os/drivers/source/InterruptIn.o
    0x08023c10   0x0000000c   Data   RO        26776    .rodata._ZTVN4mbed14LowPowerTickerE  BUILD/DISCO_L475VG_IOT01A/ARMC6/mbed-os/drivers/source/Ticker.o
    0x08023c1c   0x0000000c   Data   RO        26790    .rodata._ZTVN4mbed15LowPowerTimeoutE  BUILD/DISCO_L475VG_IOT01A/ARMC6/mbed-os/drivers/source/Timeout.o
    0x08023c28   0x00000020   Data   RO        26646    .rodata._ZTVN4mbed3SPIE  BUILD/DISCO_L475VG_IOT01A/ARMC6/mbed-os/drivers/source/SPI.o
    0x08023c48   0x0000000c   Data   RO        29179    .rodata._ZTVN4mbed8internal8SysTimerINSt3__25ratioILx1ELx1000EEELb1EEE  BUILD/DISCO_L475VG_IOT01A/ARMC6/mbed-os/platform/source/SysTimer.o
    0x08023c54   0x00000010   Data   RO        30091    .rodata._ZTVN4rtos6ThreadE  BUILD/DISCO_L475VG_IOT01A/ARMC6/mbed-os/rtos/source/Thread.o
    0x08023c64   0x0000000c   Data   RO         4702    .rodata._ZTVZN3ble4impl15BLEInstanceBase22getSecurityManagerImplEvE3$_0  BUILD/DISCO_L475VG_IOT01A/ARMC6/mbed-os/connectivity/FEATURE_BLE/source/cordio/source/BLEInstanceBaseImpl.o
    0x08023c70   0x00000018   Data   RO        29650    .rodata._ZZL15default_consolevE14console_pinmap  BUILD/DISCO_L475VG_IOT01A/ARMC6/mbed-os/platform/source/mbed_retarget.o
    0x08023c88   0x00000014   Data   RO         4569    .rodata._ZZN3ble15CordioHCIDriver35get_default_buffer_pool_descriptionEvE9pool_desc  BUILD/DISCO_L475VG_IOT01A/ARMC6/mbed-os/connectivity/FEATURE_BLE/source/cordio/driver/CordioHCIDriver.o
    0x08023c9c   0x00000038   Data   RO         4958    .rodata._ZZN3ble4impl12PalAttClient18att_client_handlerEPK8attEvt_tE8handlers  BUILD/DISCO_L475VG_IOT01A/ARMC6/mbed-os/connectivity/FEATURE_BLE/source/cordio/source/PalAttClientImpl.o
    0x08023cd4   0x0000000f   Data   RO         4687    .rodata._ZZN3ble4impl15BLEInstanceBase10getVersionEvE7version  BUILD/DISCO_L475VG_IOT01A/ARMC6/mbed-os/connectivity/FEATURE_BLE/source/cordio/source/BLEInstanceBaseImpl.o
    0x08023ce3   0x00000001   PAD
    0x08023ce4   0x00000018   Data   RO         5197    .rodata._ZZN3ble4impl6PalGap11gap_handlerEPK11wsfMsgHdr_tE8handlers  BUILD/DISCO_L475VG_IOT01A/ARMC6/mbed-os/connectivity/FEATURE_BLE/source/cordio/source/PalGapImpl.o
    0x08023cfc   0x00000005   Data   RO         7885    .rodata._ZZN3ble6vendor10bluenrg_ms15TransportDriver7spiReadEPhtE13header_master  BUILD/DISCO_L475VG_IOT01A/ARMC6/mbed-os/connectivity/drivers/ble/FEATURE_BLE/COMPONENT_BlueNRG_MS/BlueNrgMsHCIDriver.o
    0x08023d01   0x00000005   Data   RO         7886    .rodata._ZZN3ble6vendor10bluenrg_ms15TransportDriver8spiWriteEhPKhtE13header_master  BUILD/DISCO_L475VG_IOT01A/ARMC6/mbed-os/connectivity/drivers/ble/FEATURE_BLE/COMPONENT_BlueNRG_MS/BlueNrgMsHCIDriver.o
    0x08023d06   0x00000008   Data   RO        29636    .rodata.__stderr_name  BUILD/DISCO_L475VG_IOT01A/ARMC6/mbed-os/platform/source/mbed_retarget.o
    0x08023d0e   0x00000007   Data   RO        29634    .rodata.__stdin_name  BUILD/DISCO_L475VG_IOT01A/ARMC6/mbed-os/platform/source/mbed_retarget.o
    0x08023d15   0x00000008   Data   RO        29635    .rodata.__stdout_name  BUILD/DISCO_L475VG_IOT01A/ARMC6/mbed-os/platform/source/mbed_retarget.o
    0x08023d1d   0x00000002   Data   RO         1616    .rodata.attApChUuid  BUILD/DISCO_L475VG_IOT01A/ARMC6/mbed-os/connectivity/FEATURE_BLE/libraries/cordio_stack/ble-host/sources/stack/att/att_uuid.o
    0x08023d1f   0x00000002   Data   RO         1605    .rodata.attChUuid   BUILD/DISCO_L475VG_IOT01A/ARMC6/mbed-os/connectivity/FEATURE_BLE/libraries/cordio_stack/ble-host/sources/stack/att/att_uuid.o
    0x08023d21   0x00000002   Data   RO         1608    .rodata.attCliChCfgUuid  BUILD/DISCO_L475VG_IOT01A/ARMC6/mbed-os/connectivity/FEATURE_BLE/libraries/cordio_stack/ble-host/sources/stack/att/att_uuid.o
    0x08023d23   0x00000002   Data   RO         1615    .rodata.attDnChUuid  BUILD/DISCO_L475VG_IOT01A/ARMC6/mbed-os/connectivity/FEATURE_BLE/libraries/cordio_stack/ble-host/sources/stack/att/att_uuid.o
    0x08023d25   0x00000003   PAD
    0x08023d28   0x00000010   Data   RO         1570    .rodata.attFcnDefault  BUILD/DISCO_L475VG_IOT01A/ARMC6/mbed-os/connectivity/FEATURE_BLE/libraries/cordio_stack/ble-host/sources/stack/att/att_main.o
    0x08023d38   0x00000002   Data   RO         1576    .rodata.attGapSvcUuid  BUILD/DISCO_L475VG_IOT01A/ARMC6/mbed-os/connectivity/FEATURE_BLE/libraries/cordio_stack/ble-host/sources/stack/att/att_uuid.o
    0x08023d3a   0x00000002   Data   RO         1720    .rodata.attGattDbhChUuid  BUILD/DISCO_L475VG_IOT01A/ARMC6/mbed-os/connectivity/FEATURE_BLE/libraries/cordio_stack/ble-host/sources/stack/att/att_uuid.o
    0x08023d3c   0x00000002   Data   RO         1577    .rodata.attGattSvcUuid  BUILD/DISCO_L475VG_IOT01A/ARMC6/mbed-os/connectivity/FEATURE_BLE/libraries/cordio_stack/ble-host/sources/stack/att/att_uuid.o
    0x08023d3e   0x00000002   Data   RO         1619    .rodata.attPpcpChUuid  BUILD/DISCO_L475VG_IOT01A/ARMC6/mbed-os/connectivity/FEATURE_BLE/libraries/cordio_stack/ble-host/sources/stack/att/att_uuid.o
    0x08023d40   0x00000002   Data   RO         1602    .rodata.attPrimSvcUuid  BUILD/DISCO_L475VG_IOT01A/ARMC6/mbed-os/connectivity/FEATURE_BLE/libraries/cordio_stack/ble-host/sources/stack/att/att_uuid.o
    0x08023d42   0x00000002   Data   RO         1620    .rodata.attScChUuid  BUILD/DISCO_L475VG_IOT01A/ARMC6/mbed-os/connectivity/FEATURE_BLE/libraries/cordio_stack/ble-host/sources/stack/att/att_uuid.o
    0x08023d44   0x00000010   Data   RO         1838    .rodata.attcFcnIf   BUILD/DISCO_L475VG_IOT01A/ARMC6/mbed-os/connectivity/FEATURE_BLE/libraries/cordio_stack/ble-host/sources/stack/att/attc_main.o
    0x08023d54   0x00000044   Data   RO         1873    .rodata.attcProcRspTbl  BUILD/DISCO_L475VG_IOT01A/ARMC6/mbed-os/connectivity/FEATURE_BLE/libraries/cordio_stack/ble-host/sources/stack/att/attc_proc.o
    0x08023d98   0x00000044   Data   RO         1836    .rodata.attcSendReqTbl  BUILD/DISCO_L475VG_IOT01A/ARMC6/mbed-os/connectivity/FEATURE_BLE/libraries/cordio_stack/ble-host/sources/stack/att/attc_main.o
    0x08023ddc   0x00000008   Data   RO         1900    .rodata.attcSignFcnIf  BUILD/DISCO_L475VG_IOT01A/ARMC6/mbed-os/connectivity/FEATURE_BLE/libraries/cordio_stack/ble-host/sources/stack/att/attc_sign.o
    0x08023de4   0x00000010   Data   RO         2073    .rodata.attsFcnIf   BUILD/DISCO_L475VG_IOT01A/ARMC6/mbed-os/connectivity/FEATURE_BLE/libraries/cordio_stack/ble-host/sources/stack/att/atts_main.o
    0x08023df4   0x00000010   Data   RO         2024    .rodata.attsIndFcnIf  BUILD/DISCO_L475VG_IOT01A/ARMC6/mbed-os/connectivity/FEATURE_BLE/libraries/cordio_stack/ble-host/sources/stack/att/atts_ind.o
    0x08023e04   0x00000012   Data   RO         2069    .rodata.attsMinPduLen  BUILD/DISCO_L475VG_IOT01A/ARMC6/mbed-os/connectivity/FEATURE_BLE/libraries/cordio_stack/ble-host/sources/stack/att/atts_main.o
    0x08023e16   0x00000010   Data   RO         4050    .rodata.calc128Zeros  BUILD/DISCO_L475VG_IOT01A/ARMC6/mbed-os/connectivity/FEATURE_BLE/libraries/cordio_stack/wsf/sources/util/calc128.o
    0x08023e26   0x00000002   PAD
    0x08023e28   0x00000010   Data   RO        34473    .rodata.cst16       BUILD/DISCO_L475VG_IOT01A/ARMC6/mbed-os/targets/TARGET_STM/TARGET_STM32L4/STM32Cube_FW/STM32L4xx_HAL_Driver/stm32l4xx_hal_uart.o
    0x08023e38   0x00000004   Data   RO         2643    .rodata.cst4        BUILD/DISCO_L475VG_IOT01A/ARMC6/mbed-os/connectivity/FEATURE_BLE/libraries/cordio_stack/ble-host/sources/stack/dm/dm_conn.o
    0x08023e3c   0x00000004   PAD
    0x08023e40   0x0000000a   Data   RO        29725    .rodata.delay_loop_code  BUILD/DISCO_L475VG_IOT01A/ARMC6/mbed-os/platform/source/mbed_wait_api_no_rtos.o
    0x08023e4a   0x00000002   PAD
    0x08023e4c   0x0000000c   Data   RO         2284    .rodata.dmAdvFcnIf  BUILD/DISCO_L475VG_IOT01A/ARMC6/mbed-os/connectivity/FEATURE_BLE/libraries/cordio_stack/ble-host/sources/stack/dm/dm_adv_ae.o
    0x08023e58   0x0000000c   Data   RO         2322    .rodata.dmAdvFcnIf  BUILD/DISCO_L475VG_IOT01A/ARMC6/mbed-os/connectivity/FEATURE_BLE/libraries/cordio_stack/ble-host/sources/stack/dm/dm_adv_leg.o
    0x08023e64   0x0000000c   Data   RO         2647    .rodata.dmConn2FcnIf  BUILD/DISCO_L475VG_IOT01A/ARMC6/mbed-os/connectivity/FEATURE_BLE/libraries/cordio_stack/ble-host/sources/stack/dm/dm_conn.o
    0x08023e70   0x00000018   Data   RO         2649    .rodata.dmConnActSetMain  BUILD/DISCO_L475VG_IOT01A/ARMC6/mbed-os/connectivity/FEATURE_BLE/libraries/cordio_stack/ble-host/sources/stack/dm/dm_conn.o
    0x08023e88   0x00000008   Data   RO         2722    .rodata.dmConnActSetMaster  BUILD/DISCO_L475VG_IOT01A/ARMC6/mbed-os/connectivity/FEATURE_BLE/libraries/cordio_stack/ble-host/sources/stack/dm/dm_conn_master_ae.o
    0x08023e90   0x00000008   Data   RO         2729    .rodata.dmConnActSetMaster  BUILD/DISCO_L475VG_IOT01A/ARMC6/mbed-os/connectivity/FEATURE_BLE/libraries/cordio_stack/ble-host/sources/stack/dm/dm_conn_master_leg.o
    0x08023e98   0x00000010   Data   RO         2755    .rodata.dmConnActSetSlave  BUILD/DISCO_L475VG_IOT01A/ARMC6/mbed-os/connectivity/FEATURE_BLE/libraries/cordio_stack/ble-host/sources/stack/dm/dm_conn_slave_ae.o
    0x08023ea8   0x00000010   Data   RO         2768    .rodata.dmConnActSetSlave  BUILD/DISCO_L475VG_IOT01A/ARMC6/mbed-os/connectivity/FEATURE_BLE/libraries/cordio_stack/ble-host/sources/stack/dm/dm_conn_slave_leg.o
    0x08023eb8   0x0000000c   Data   RO         2646    .rodata.dmConnFcnIf  BUILD/DISCO_L475VG_IOT01A/ARMC6/mbed-os/connectivity/FEATURE_BLE/libraries/cordio_stack/ble-host/sources/stack/dm/dm_conn.o
    0x08023ec4   0x0000000c   Data   RO         2645    .rodata.dmConnSpecDefaults  BUILD/DISCO_L475VG_IOT01A/ARMC6/mbed-os/connectivity/FEATURE_BLE/libraries/cordio_stack/ble-host/sources/stack/dm/dm_conn.o
    0x08023ed0   0x00000050   Data   RO         2773    .rodata.dmConnStateTbl  BUILD/DISCO_L475VG_IOT01A/ARMC6/mbed-os/connectivity/FEATURE_BLE/libraries/cordio_stack/ble-host/sources/stack/dm/dm_conn_sm.o
    0x08023f20   0x00000004   Data   RO         2650    .rodata.dmConnUpdActSetMain  BUILD/DISCO_L475VG_IOT01A/ARMC6/mbed-os/connectivity/FEATURE_BLE/libraries/cordio_stack/ble-host/sources/stack/dm/dm_conn.o
    0x08023f24   0x00000008   Data   RO         2715    .rodata.dmConnUpdActSetMaster  BUILD/DISCO_L475VG_IOT01A/ARMC6/mbed-os/connectivity/FEATURE_BLE/libraries/cordio_stack/ble-host/sources/stack/dm/dm_conn_master.o
    0x08023f2c   0x00000008   Data   RO         2742    .rodata.dmConnUpdActSetSlave  BUILD/DISCO_L475VG_IOT01A/ARMC6/mbed-os/connectivity/FEATURE_BLE/libraries/cordio_stack/ble-host/sources/stack/dm/dm_conn_slave.o
    0x08023f34   0x0000000c   Data   RO         2648    .rodata.dmConnUpdFcnIf  BUILD/DISCO_L475VG_IOT01A/ARMC6/mbed-os/connectivity/FEATURE_BLE/libraries/cordio_stack/ble-host/sources/stack/dm/dm_conn.o
    0x08023f40   0x0000000c   Data   RO         2805    .rodata.dmDevFcnIf  BUILD/DISCO_L475VG_IOT01A/ARMC6/mbed-os/connectivity/FEATURE_BLE/libraries/cordio_stack/ble-host/sources/stack/dm/dm_dev.o
    0x08023f4c   0x0000000c   Data   RO         2931    .rodata.dmFcnDefault  BUILD/DISCO_L475VG_IOT01A/ARMC6/mbed-os/connectivity/FEATURE_BLE/libraries/cordio_stack/ble-host/sources/stack/dm/dm_main.o
    0x08023f58   0x00000057   Data   RO         2935    .rodata.dmHciToIdTbl  BUILD/DISCO_L475VG_IOT01A/ARMC6/mbed-os/connectivity/FEATURE_BLE/libraries/cordio_stack/ble-host/sources/stack/dm/dm_main.o
    0x08023faf   0x00000001   PAD
    0x08023fb0   0x0000000c   Data   RO         2285    .rodata.dmPerAdvFcnIf  BUILD/DISCO_L475VG_IOT01A/ARMC6/mbed-os/connectivity/FEATURE_BLE/libraries/cordio_stack/ble-host/sources/stack/dm/dm_adv_ae.o
    0x08023fbc   0x0000000c   Data   RO         2977    .rodata.dmPhyFcnIf  BUILD/DISCO_L475VG_IOT01A/ARMC6/mbed-os/connectivity/FEATURE_BLE/libraries/cordio_stack/ble-host/sources/stack/dm/dm_phy.o
    0x08023fc8   0x0000000c   Data   RO         3030    .rodata.dmPrivAesFcnIf  BUILD/DISCO_L475VG_IOT01A/ARMC6/mbed-os/connectivity/FEATURE_BLE/libraries/cordio_stack/ble-host/sources/stack/dm/dm_priv.o
    0x08023fd4   0x0000000c   Data   RO         3029    .rodata.dmPrivFcnIf  BUILD/DISCO_L475VG_IOT01A/ARMC6/mbed-os/connectivity/FEATURE_BLE/libraries/cordio_stack/ble-host/sources/stack/dm/dm_priv.o
    0x08023fe0   0x0000000c   Data   RO         3062    .rodata.dmScanFcnIf  BUILD/DISCO_L475VG_IOT01A/ARMC6/mbed-os/connectivity/FEATURE_BLE/libraries/cordio_stack/ble-host/sources/stack/dm/dm_scan_ae.o
    0x08023fec   0x0000000c   Data   RO         3083    .rodata.dmScanFcnIf  BUILD/DISCO_L475VG_IOT01A/ARMC6/mbed-os/connectivity/FEATURE_BLE/libraries/cordio_stack/ble-host/sources/stack/dm/dm_scan_leg.o
    0x08023ff8   0x0000000c   Data   RO         3116    .rodata.dmSecFcnIf  BUILD/DISCO_L475VG_IOT01A/ARMC6/mbed-os/connectivity/FEATURE_BLE/libraries/cordio_stack/ble-host/sources/stack/dm/dm_sec.o
    0x08024004   0x0000000c   Data   RO         3144    .rodata.dmSecLescFcnIf  BUILD/DISCO_L475VG_IOT01A/ARMC6/mbed-os/connectivity/FEATURE_BLE/libraries/cordio_stack/ble-host/sources/stack/dm/dm_sec_lesc.o
    0x08024010   0x00000024   Data   RO         3215    .rodata.dmSyncAct   BUILD/DISCO_L475VG_IOT01A/ARMC6/mbed-os/connectivity/FEATURE_BLE/libraries/cordio_stack/ble-host/sources/stack/dm/dm_sync_ae.o
    0x08024034   0x0000000c   Data   RO         3216    .rodata.dmSyncFcnIf  BUILD/DISCO_L475VG_IOT01A/ARMC6/mbed-os/connectivity/FEATURE_BLE/libraries/cordio_stack/ble-host/sources/stack/dm/dm_sync_ae.o
    0x08024040   0x00000038   Data   RO         3214    .rodata.dmSyncStateTbl  BUILD/DISCO_L475VG_IOT01A/ARMC6/mbed-os/connectivity/FEATURE_BLE/libraries/cordio_stack/ble-host/sources/stack/dm/dm_sync_ae.o
    0x08024078   0x00000010   Data   RO         1571    .rodata.eattFcnDefault  BUILD/DISCO_L475VG_IOT01A/ARMC6/mbed-os/connectivity/FEATURE_BLE/libraries/cordio_stack/ble-host/sources/stack/att/att_main.o
    0x08024088   0x00000008   Data   RO          969    .rodata.hciEventMask  BUILD/DISCO_L475VG_IOT01A/ARMC6/mbed-os/connectivity/FEATURE_BLE/libraries/cordio_stack/ble-host/sources/hci/common/hci_core.o
    0x08024090   0x00000008   Data   RO          971    .rodata.hciEventMaskPage2  BUILD/DISCO_L475VG_IOT01A/ARMC6/mbed-os/connectivity/FEATURE_BLE/libraries/cordio_stack/ble-host/sources/hci/common/hci_core.o
    0x08024098   0x00000044   Data   RO         1409    .rodata.hciEvtCbackLen  BUILD/DISCO_L475VG_IOT01A/ARMC6/mbed-os/connectivity/FEATURE_BLE/libraries/cordio_stack/ble-host/sources/hci/dual_chip/hci_evt.o
    0x080240dc   0x00000110   Data   RO         1410    .rodata.hciEvtParseFcnTbl  BUILD/DISCO_L475VG_IOT01A/ARMC6/mbed-os/connectivity/FEATURE_BLE/libraries/cordio_stack/ble-host/sources/hci/dual_chip/hci_evt.o
    0x080241ec   0x00000008   Data   RO          970    .rodata.hciLeEventMask  BUILD/DISCO_L475VG_IOT01A/ARMC6/mbed-os/connectivity/FEATURE_BLE/libraries/cordio_stack/ble-host/sources/hci/common/hci_core.o
    0x080241f4   0x00000040   Data   RO        35596    .rodata.ll_pin_defines  BUILD/DISCO_L475VG_IOT01A/ARMC6/mbed-os/targets/TARGET_STM/pinmap.o
    0x08024234   0x00000008   Data   RO        28622    .rodata.lp_data     BUILD/DISCO_L475VG_IOT01A/ARMC6/mbed-os/hal/source/mbed_lp_ticker_api.o
    0x0802423c   0x00000024   Data   RO        28624    .rodata.lp_interface  BUILD/DISCO_L475VG_IOT01A/ARMC6/mbed-os/hal/source/mbed_lp_ticker_api.o
    0x08024260   0x00000008   Data   RO        35559    .rodata.lp_ticker_get_info.info  BUILD/DISCO_L475VG_IOT01A/ARMC6/mbed-os/targets/TARGET_STM/lp_ticker.o
    0x08024268   0x00000004   Data   RO          454    .rodata.osRtxUserSVC  BUILD/DISCO_L475VG_IOT01A/ARMC6/mbed-os/cmsis/CMSIS_5/CMSIS/RTOS2/RTX/Source/rtx_lib.o
    0x0802426c   0x00000024   Data   RO          449    .rodata.os_idle_thread_attr  BUILD/DISCO_L475VG_IOT01A/ARMC6/mbed-os/cmsis/CMSIS_5/CMSIS/RTOS2/RTX/Source/rtx_lib.o
    0x08024290   0x00000018   Data   RO          451    .rodata.os_timer_mq_attr  BUILD/DISCO_L475VG_IOT01A/ARMC6/mbed-os/cmsis/CMSIS_5/CMSIS/RTOS2/RTX/Source/rtx_lib.o
    0x080242a8   0x00000024   Data   RO          450    .rodata.os_timer_thread_attr  BUILD/DISCO_L475VG_IOT01A/ARMC6/mbed-os/cmsis/CMSIS_5/CMSIS/RTOS2/RTX/Source/rtx_lib.o
    0x080242cc   0x000000c0   Data   RO        35158    .rodata.pin_lines_desc  BUILD/DISCO_L475VG_IOT01A/ARMC6/mbed-os/targets/TARGET_STM/TARGET_STM32L4/gpio_irq_device.o
    0x0802438c   0x0000000f   Data   RO         3485    .rodata.smpPktLenTbl  BUILD/DISCO_L475VG_IOT01A/ARMC6/mbed-os/connectivity/FEATURE_BLE/libraries/cordio_stack/ble-host/sources/stack/smp/smp_main.o
    0x0802439b   0x00000004   Data   RO         3537    .rodata.smpScF5Key  BUILD/DISCO_L475VG_IOT01A/ARMC6/mbed-os/connectivity/FEATURE_BLE/libraries/cordio_stack/ble-host/sources/stack/smp/smp_sc_act.o
    0x0802439f   0x00000001   PAD
    0x080243a0   0x00000064   Data   RO         3698    .rodata.smpiActionTbl  BUILD/DISCO_L475VG_IOT01A/ARMC6/mbed-os/connectivity/FEATURE_BLE/libraries/cordio_stack/ble-host/sources/stack/smp/smpi_sm.o
    0x08024404   0x000000cc   Data   RO         3650    .rodata.smpiScActionTbl  BUILD/DISCO_L475VG_IOT01A/ARMC6/mbed-os/connectivity/FEATURE_BLE/libraries/cordio_stack/ble-host/sources/stack/smp/smpi_sc_sm.o
    0x080244d0   0x0000000c   Data   RO         3652    .rodata.smpiScSmIf  BUILD/DISCO_L475VG_IOT01A/ARMC6/mbed-os/connectivity/FEATURE_BLE/libraries/cordio_stack/ble-host/sources/stack/smp/smpi_sc_sm.o
    0x080244dc   0x00000098   Data   RO         3649    .rodata.smpiScStateTbl  BUILD/DISCO_L475VG_IOT01A/ARMC6/mbed-os/connectivity/FEATURE_BLE/libraries/cordio_stack/ble-host/sources/stack/smp/smpi_sc_sm.o
    0x08024574   0x00000018   Data   RO         3690    .rodata.smpiScStateTblAttempts  BUILD/DISCO_L475VG_IOT01A/ARMC6/mbed-os/connectivity/FEATURE_BLE/libraries/cordio_stack/ble-host/sources/stack/smp/smpi_sc_sm.o
    0x0802458c   0x0000000c   Data   RO         3659    .rodata.smpiScStateTblAuthSelect  BUILD/DISCO_L475VG_IOT01A/ARMC6/mbed-os/connectivity/FEATURE_BLE/libraries/cordio_stack/ble-host/sources/stack/smp/smpi_sc_sm.o
    0x08024598   0x00000006   Data   RO         3673    .rodata.smpiScStateTblCalcDHKey  BUILD/DISCO_L475VG_IOT01A/ARMC6/mbed-os/connectivity/FEATURE_BLE/libraries/cordio_stack/ble-host/sources/stack/smp/smpi_sc_sm.o
    0x0802459e   0x00000006   Data   RO         3676    .rodata.smpiScStateTblCalcF5LTK  BUILD/DISCO_L475VG_IOT01A/ARMC6/mbed-os/connectivity/FEATURE_BLE/libraries/cordio_stack/ble-host/sources/stack/smp/smpi_sc_sm.o
    0x080245a4   0x00000006   Data   RO         3675    .rodata.smpiScStateTblCalcF5MacKey  BUILD/DISCO_L475VG_IOT01A/ARMC6/mbed-os/connectivity/FEATURE_BLE/libraries/cordio_stack/ble-host/sources/stack/smp/smpi_sc_sm.o
    0x080245aa   0x00000009   Data   RO         3674    .rodata.smpiScStateTblCalcF5TKey  BUILD/DISCO_L475VG_IOT01A/ARMC6/mbed-os/connectivity/FEATURE_BLE/libraries/cordio_stack/ble-host/sources/stack/smp/smpi_sc_sm.o
    0x080245b3   0x00000006   Data   RO         3681    .rodata.smpiScStateTblCnfCalc1  BUILD/DISCO_L475VG_IOT01A/ARMC6/mbed-os/connectivity/FEATURE_BLE/libraries/cordio_stack/ble-host/sources/stack/smp/smpi_sc_sm.o
    0x080245b9   0x00000006   Data   RO         3682    .rodata.smpiScStateTblCnfCalc2  BUILD/DISCO_L475VG_IOT01A/ARMC6/mbed-os/connectivity/FEATURE_BLE/libraries/cordio_stack/ble-host/sources/stack/smp/smpi_sc_sm.o
    0x080245bf   0x00000006   Data   RO         3685    .rodata.smpiScStateTblCnfVerCalc1  BUILD/DISCO_L475VG_IOT01A/ARMC6/mbed-os/connectivity/FEATURE_BLE/libraries/cordio_stack/ble-host/sources/stack/smp/smpi_sc_sm.o
    0x080245c5   0x00000006   Data   RO         3686    .rodata.smpiScStateTblCnfVerCalc2  BUILD/DISCO_L475VG_IOT01A/ARMC6/mbed-os/connectivity/FEATURE_BLE/libraries/cordio_stack/ble-host/sources/stack/smp/smpi_sc_sm.o
    0x080245cb   0x0000000f   Data   RO         3651    .rodata.smpiScStateTblCommon  BUILD/DISCO_L475VG_IOT01A/ARMC6/mbed-os/connectivity/FEATURE_BLE/libraries/cordio_stack/ble-host/sources/stack/smp/smpi_sc_sm.o
    0x080245da   0x00000006   Data   RO         3677    .rodata.smpiScStateTblDhCalcF6Ea  BUILD/DISCO_L475VG_IOT01A/ARMC6/mbed-os/connectivity/FEATURE_BLE/libraries/cordio_stack/ble-host/sources/stack/smp/smpi_sc_sm.o
    0x080245e0   0x00000006   Data   RO         3678    .rodata.smpiScStateTblDhCalcF6Eb  BUILD/DISCO_L475VG_IOT01A/ARMC6/mbed-os/connectivity/FEATURE_BLE/libraries/cordio_stack/ble-host/sources/stack/smp/smpi_sc_sm.o
    0x080245e6   0x00000012   Data   RO         3688    .rodata.smpiScStateTblEncrypt  BUILD/DISCO_L475VG_IOT01A/ARMC6/mbed-os/connectivity/FEATURE_BLE/libraries/cordio_stack/ble-host/sources/stack/smp/smpi_sc_sm.o
    0x080245f8   0x00000015   Data   RO         3654    .rodata.smpiScStateTblIdle  BUILD/DISCO_L475VG_IOT01A/ARMC6/mbed-os/connectivity/FEATURE_BLE/libraries/cordio_stack/ble-host/sources/stack/smp/smpi_sc_sm.o
    0x0802460d   0x00000006   Data   RO         3662    .rodata.smpiScStateTblJwNcCheck1  BUILD/DISCO_L475VG_IOT01A/ARMC6/mbed-os/connectivity/FEATURE_BLE/libraries/cordio_stack/ble-host/sources/stack/smp/smpi_sc_sm.o
    0x08024613   0x00000009   Data   RO         3663    .rodata.smpiScStateTblJwNcCheck2  BUILD/DISCO_L475VG_IOT01A/ARMC6/mbed-os/connectivity/FEATURE_BLE/libraries/cordio_stack/ble-host/sources/stack/smp/smpi_sc_sm.o
    0x0802461c   0x00000006   Data   RO         3661    .rodata.smpiScStateTblJwNcRand  BUILD/DISCO_L475VG_IOT01A/ARMC6/mbed-os/connectivity/FEATURE_BLE/libraries/cordio_stack/ble-host/sources/stack/smp/smpi_sc_sm.o
    0x08024622   0x00000006   Data   RO         3660    .rodata.smpiScStateTblJwNcWaitCnf  BUILD/DISCO_L475VG_IOT01A/ARMC6/mbed-os/connectivity/FEATURE_BLE/libraries/cordio_stack/ble-host/sources/stack/smp/smpi_sc_sm.o
    0x08024628   0x00000009   Data   RO         3664    .rodata.smpiScStateTblJwNcWaitUser  BUILD/DISCO_L475VG_IOT01A/ARMC6/mbed-os/connectivity/FEATURE_BLE/libraries/cordio_stack/ble-host/sources/stack/smp/smpi_sc_sm.o
    0x08024631   0x0000000f   Data   RO         3689    .rodata.smpiScStateTblKeyDist  BUILD/DISCO_L475VG_IOT01A/ARMC6/mbed-os/connectivity/FEATURE_BLE/libraries/cordio_stack/ble-host/sources/stack/smp/smpi_sc_sm.o
    0x08024640   0x00000006   Data   RO         3680    .rodata.smpiScStateTblLegacyPin  BUILD/DISCO_L475VG_IOT01A/ARMC6/mbed-os/connectivity/FEATURE_BLE/libraries/cordio_stack/ble-host/sources/stack/smp/smpi_sc_sm.o
    0x08024646   0x00000006   Data   RO         3657    .rodata.smpiScStateTblLescPin  BUILD/DISCO_L475VG_IOT01A/ARMC6/mbed-os/connectivity/FEATURE_BLE/libraries/cordio_stack/ble-host/sources/stack/smp/smpi_sc_sm.o
    0x0802464c   0x00000009   Data   RO         3656    .rodata.smpiScStateTblModeSelect  BUILD/DISCO_L475VG_IOT01A/ARMC6/mbed-os/connectivity/FEATURE_BLE/libraries/cordio_stack/ble-host/sources/stack/smp/smpi_sc_sm.o
    0x08024655   0x00000006   Data   RO         3671    .rodata.smpiScStateTblOobSendRand  BUILD/DISCO_L475VG_IOT01A/ARMC6/mbed-os/connectivity/FEATURE_BLE/libraries/cordio_stack/ble-host/sources/stack/smp/smpi_sc_sm.o
    0x0802465b   0x00000009   Data   RO         3672    .rodata.smpiScStateTblOobWaitRand  BUILD/DISCO_L475VG_IOT01A/ARMC6/mbed-os/connectivity/FEATURE_BLE/libraries/cordio_stack/ble-host/sources/stack/smp/smpi_sc_sm.o
    0x08024664   0x00000006   Data   RO         3683    .rodata.smpiScStateTblPairCnf  BUILD/DISCO_L475VG_IOT01A/ARMC6/mbed-os/connectivity/FEATURE_BLE/libraries/cordio_stack/ble-host/sources/stack/smp/smpi_sc_sm.o
    0x0802466a   0x00000006   Data   RO         3684    .rodata.smpiScStateTblPairRand  BUILD/DISCO_L475VG_IOT01A/ARMC6/mbed-os/connectivity/FEATURE_BLE/libraries/cordio_stack/ble-host/sources/stack/smp/smpi_sc_sm.o
    0x08024670   0x00000006   Data   RO         3655    .rodata.smpiScStateTblPairRsp  BUILD/DISCO_L475VG_IOT01A/ARMC6/mbed-os/connectivity/FEATURE_BLE/libraries/cordio_stack/ble-host/sources/stack/smp/smpi_sc_sm.o
    0x08024676   0x00000006   Data   RO         3666    .rodata.smpiScStateTblPasskeyCalc  BUILD/DISCO_L475VG_IOT01A/ARMC6/mbed-os/connectivity/FEATURE_BLE/libraries/cordio_stack/ble-host/sources/stack/smp/smpi_sc_sm.o
    0x0802467c   0x00000006   Data   RO         3669    .rodata.smpiScStateTblPasskeyCheck  BUILD/DISCO_L475VG_IOT01A/ARMC6/mbed-os/connectivity/FEATURE_BLE/libraries/cordio_stack/ble-host/sources/stack/smp/smpi_sc_sm.o
    0x08024682   0x00000006   Data   RO         3667    .rodata.smpiScStateTblPasskeyCnf  BUILD/DISCO_L475VG_IOT01A/ARMC6/mbed-os/connectivity/FEATURE_BLE/libraries/cordio_stack/ble-host/sources/stack/smp/smpi_sc_sm.o
    0x08024688   0x00000006   Data   RO         3668    .rodata.smpiScStateTblPasskeyRand  BUILD/DISCO_L475VG_IOT01A/ARMC6/mbed-os/connectivity/FEATURE_BLE/libraries/cordio_stack/ble-host/sources/stack/smp/smpi_sc_sm.o
    0x0802468e   0x0000000c   Data   RO         3670    .rodata.smpiScStateTblPasskeyRepeat  BUILD/DISCO_L475VG_IOT01A/ARMC6/mbed-os/connectivity/FEATURE_BLE/libraries/cordio_stack/ble-host/sources/stack/smp/smpi_sc_sm.o
    0x0802469a   0x00000006   Data   RO         3658    .rodata.smpiScStateTblPubKey  BUILD/DISCO_L475VG_IOT01A/ARMC6/mbed-os/connectivity/FEATURE_BLE/libraries/cordio_stack/ble-host/sources/stack/smp/smpi_sc_sm.o
    0x080246a0   0x00000012   Data   RO         3691    .rodata.smpiScStateTblRspTo  BUILD/DISCO_L475VG_IOT01A/ARMC6/mbed-os/connectivity/FEATURE_BLE/libraries/cordio_stack/ble-host/sources/stack/smp/smpi_sc_sm.o
    0x080246b2   0x00000009   Data   RO         3687    .rodata.smpiScStateTblStkCalc  BUILD/DISCO_L475VG_IOT01A/ARMC6/mbed-os/connectivity/FEATURE_BLE/libraries/cordio_stack/ble-host/sources/stack/smp/smpi_sc_sm.o
    0x080246bb   0x00000006   Data   RO         3679    .rodata.smpiScStateTblVerifyDHCheck  BUILD/DISCO_L475VG_IOT01A/ARMC6/mbed-os/connectivity/FEATURE_BLE/libraries/cordio_stack/ble-host/sources/stack/smp/smpi_sc_sm.o
    0x080246c1   0x00000003   PAD
    0x080246c4   0x0000000c   Data   RO         3700    .rodata.smpiSmIf    BUILD/DISCO_L475VG_IOT01A/ARMC6/mbed-os/connectivity/FEATURE_BLE/libraries/cordio_stack/ble-host/sources/stack/smp/smpi_sm.o
    0x080246d0   0x00000038   Data   RO         3697    .rodata.smpiStateTbl  BUILD/DISCO_L475VG_IOT01A/ARMC6/mbed-os/connectivity/FEATURE_BLE/libraries/cordio_stack/ble-host/sources/stack/smp/smpi_sm.o
    0x08024708   0x00000018   Data   RO         3713    .rodata.smpiStateTblAttempts  BUILD/DISCO_L475VG_IOT01A/ARMC6/mbed-os/connectivity/FEATURE_BLE/libraries/cordio_stack/ble-host/sources/stack/smp/smpi_sm.o
    0x08024720   0x00000006   Data   RO         3704    .rodata.smpiStateTblCnfCalc1  BUILD/DISCO_L475VG_IOT01A/ARMC6/mbed-os/connectivity/FEATURE_BLE/libraries/cordio_stack/ble-host/sources/stack/smp/smpi_sm.o
    0x08024726   0x00000006   Data   RO         3705    .rodata.smpiStateTblCnfCalc2  BUILD/DISCO_L475VG_IOT01A/ARMC6/mbed-os/connectivity/FEATURE_BLE/libraries/cordio_stack/ble-host/sources/stack/smp/smpi_sm.o
    0x0802472c   0x00000006   Data   RO         3708    .rodata.smpiStateTblCnfVerCalc1  BUILD/DISCO_L475VG_IOT01A/ARMC6/mbed-os/connectivity/FEATURE_BLE/libraries/cordio_stack/ble-host/sources/stack/smp/smpi_sm.o
    0x08024732   0x00000006   Data   RO         3709    .rodata.smpiStateTblCnfVerCalc2  BUILD/DISCO_L475VG_IOT01A/ARMC6/mbed-os/connectivity/FEATURE_BLE/libraries/cordio_stack/ble-host/sources/stack/smp/smpi_sm.o
    0x08024738   0x0000000f   Data   RO         3699    .rodata.smpiStateTblCommon  BUILD/DISCO_L475VG_IOT01A/ARMC6/mbed-os/connectivity/FEATURE_BLE/libraries/cordio_stack/ble-host/sources/stack/smp/smpi_sm.o
    0x08024747   0x0000000c   Data   RO         3711    .rodata.smpiStateTblEncrypt  BUILD/DISCO_L475VG_IOT01A/ARMC6/mbed-os/connectivity/FEATURE_BLE/libraries/cordio_stack/ble-host/sources/stack/smp/smpi_sm.o
    0x08024753   0x00000015   Data   RO         3701    .rodata.smpiStateTblIdle  BUILD/DISCO_L475VG_IOT01A/ARMC6/mbed-os/connectivity/FEATURE_BLE/libraries/cordio_stack/ble-host/sources/stack/smp/smpi_sm.o
    0x08024768   0x0000000f   Data   RO         3712    .rodata.smpiStateTblKeyDist  BUILD/DISCO_L475VG_IOT01A/ARMC6/mbed-os/connectivity/FEATURE_BLE/libraries/cordio_stack/ble-host/sources/stack/smp/smpi_sm.o
    0x08024777   0x00000006   Data   RO         3706    .rodata.smpiStateTblPairCnf  BUILD/DISCO_L475VG_IOT01A/ARMC6/mbed-os/connectivity/FEATURE_BLE/libraries/cordio_stack/ble-host/sources/stack/smp/smpi_sm.o
    0x0802477d   0x00000006   Data   RO         3707    .rodata.smpiStateTblPairRand  BUILD/DISCO_L475VG_IOT01A/ARMC6/mbed-os/connectivity/FEATURE_BLE/libraries/cordio_stack/ble-host/sources/stack/smp/smpi_sm.o
    0x08024783   0x00000006   Data   RO         3702    .rodata.smpiStateTblPairRsp  BUILD/DISCO_L475VG_IOT01A/ARMC6/mbed-os/connectivity/FEATURE_BLE/libraries/cordio_stack/ble-host/sources/stack/smp/smpi_sm.o
    0x08024789   0x00000006   Data   RO         3703    .rodata.smpiStateTblPin  BUILD/DISCO_L475VG_IOT01A/ARMC6/mbed-os/connectivity/FEATURE_BLE/libraries/cordio_stack/ble-host/sources/stack/smp/smpi_sm.o
    0x0802478f   0x00000012   Data   RO         3714    .rodata.smpiStateTblRspTo  BUILD/DISCO_L475VG_IOT01A/ARMC6/mbed-os/connectivity/FEATURE_BLE/libraries/cordio_stack/ble-host/sources/stack/smp/smpi_sm.o
    0x080247a1   0x00000009   Data   RO         3710    .rodata.smpiStateTblStkCalc  BUILD/DISCO_L475VG_IOT01A/ARMC6/mbed-os/connectivity/FEATURE_BLE/libraries/cordio_stack/ble-host/sources/stack/smp/smpi_sm.o
    0x080247aa   0x00000002   PAD
    0x080247ac   0x0000006c   Data   RO         3851    .rodata.smprActionTbl  BUILD/DISCO_L475VG_IOT01A/ARMC6/mbed-os/connectivity/FEATURE_BLE/libraries/cordio_stack/ble-host/sources/stack/smp/smpr_sm.o
    0x08024818   0x000000dc   Data   RO         3786    .rodata.smprScActionTbl  BUILD/DISCO_L475VG_IOT01A/ARMC6/mbed-os/connectivity/FEATURE_BLE/libraries/cordio_stack/ble-host/sources/stack/smp/smpr_sc_sm.o
    0x080248f4   0x0000000c   Data   RO         3788    .rodata.smprScSmIf  BUILD/DISCO_L475VG_IOT01A/ARMC6/mbed-os/connectivity/FEATURE_BLE/libraries/cordio_stack/ble-host/sources/stack/smp/smpr_sc_sm.o
    0x08024900   0x000000a0   Data   RO         3785    .rodata.smprScStateTbl  BUILD/DISCO_L475VG_IOT01A/ARMC6/mbed-os/connectivity/FEATURE_BLE/libraries/cordio_stack/ble-host/sources/stack/smp/smpr_sc_sm.o
    0x080249a0   0x0000001b   Data   RO         3791    .rodata.smprScStateTblApiPairReq  BUILD/DISCO_L475VG_IOT01A/ARMC6/mbed-os/connectivity/FEATURE_BLE/libraries/cordio_stack/ble-host/sources/stack/smp/smpr_sc_sm.o
    0x080249bb   0x00000006   Data   RO         3792    .rodata.smprScStateTblApiPairRsp  BUILD/DISCO_L475VG_IOT01A/ARMC6/mbed-os/connectivity/FEATURE_BLE/libraries/cordio_stack/ble-host/sources/stack/smp/smpr_sc_sm.o
    0x080249c1   0x00000018   Data   RO         3828    .rodata.smprScStateTblAttempts  BUILD/DISCO_L475VG_IOT01A/ARMC6/mbed-os/connectivity/FEATURE_BLE/libraries/cordio_stack/ble-host/sources/stack/smp/smpr_sc_sm.o
    0x080249d9   0x0000000c   Data   RO         3796    .rodata.smprScStateTblAuthSelect  BUILD/DISCO_L475VG_IOT01A/ARMC6/mbed-os/connectivity/FEATURE_BLE/libraries/cordio_stack/ble-host/sources/stack/smp/smpr_sc_sm.o
    0x080249e5   0x00000006   Data   RO         3812    .rodata.smprScStateTblCalcDHKey  BUILD/DISCO_L475VG_IOT01A/ARMC6/mbed-os/connectivity/FEATURE_BLE/libraries/cordio_stack/ble-host/sources/stack/smp/smpr_sc_sm.o
    0x080249eb   0x00000006   Data   RO         3815    .rodata.smprScStateTblCalcF5LTK  BUILD/DISCO_L475VG_IOT01A/ARMC6/mbed-os/connectivity/FEATURE_BLE/libraries/cordio_stack/ble-host/sources/stack/smp/smpr_sc_sm.o
    0x080249f1   0x00000006   Data   RO         3814    .rodata.smprScStateTblCalcF5MacKey  BUILD/DISCO_L475VG_IOT01A/ARMC6/mbed-os/connectivity/FEATURE_BLE/libraries/cordio_stack/ble-host/sources/stack/smp/smpr_sc_sm.o
    0x080249f7   0x00000009   Data   RO         3813    .rodata.smprScStateTblCalcF5TKey  BUILD/DISCO_L475VG_IOT01A/ARMC6/mbed-os/connectivity/FEATURE_BLE/libraries/cordio_stack/ble-host/sources/stack/smp/smpr_sc_sm.o
    0x08024a00   0x0000000f   Data   RO         3787    .rodata.smprScStateTblCommon  BUILD/DISCO_L475VG_IOT01A/ARMC6/mbed-os/connectivity/FEATURE_BLE/libraries/cordio_stack/ble-host/sources/stack/smp/smpr_sc_sm.o
    0x08024a0f   0x00000006   Data   RO         3816    .rodata.smprScStateTblDhCalcF6Ea  BUILD/DISCO_L475VG_IOT01A/ARMC6/mbed-os/connectivity/FEATURE_BLE/libraries/cordio_stack/ble-host/sources/stack/smp/smpr_sc_sm.o
    0x08024a15   0x00000006   Data   RO         3817    .rodata.smprScStateTblDhCalcF6Eb  BUILD/DISCO_L475VG_IOT01A/ARMC6/mbed-os/connectivity/FEATURE_BLE/libraries/cordio_stack/ble-host/sources/stack/smp/smpr_sc_sm.o
    0x08024a1b   0x00000012   Data   RO         3826    .rodata.smprScStateTblEncrypt  BUILD/DISCO_L475VG_IOT01A/ARMC6/mbed-os/connectivity/FEATURE_BLE/libraries/cordio_stack/ble-host/sources/stack/smp/smpr_sc_sm.o
    0x08024a2d   0x00000015   Data   RO         3790    .rodata.smprScStateTblIdle  BUILD/DISCO_L475VG_IOT01A/ARMC6/mbed-os/connectivity/FEATURE_BLE/libraries/cordio_stack/ble-host/sources/stack/smp/smpr_sc_sm.o
    0x08024a42   0x00000006   Data   RO         3799    .rodata.smprScStateTblJwNcCalcG2  BUILD/DISCO_L475VG_IOT01A/ARMC6/mbed-os/connectivity/FEATURE_BLE/libraries/cordio_stack/ble-host/sources/stack/smp/smpr_sc_sm.o
    0x08024a48   0x00000006   Data   RO         3797    .rodata.smprScStateTblJwNcSetup  BUILD/DISCO_L475VG_IOT01A/ARMC6/mbed-os/connectivity/FEATURE_BLE/libraries/cordio_stack/ble-host/sources/stack/smp/smpr_sc_sm.o
    0x08024a4e   0x00000006   Data   RO         3798    .rodata.smprScStateTblJwNcWaitRand  BUILD/DISCO_L475VG_IOT01A/ARMC6/mbed-os/connectivity/FEATURE_BLE/libraries/cordio_stack/ble-host/sources/stack/smp/smpr_sc_sm.o
    0x08024a54   0x0000000c   Data   RO         3800    .rodata.smprScStateTblJwNcWaitUser  BUILD/DISCO_L475VG_IOT01A/ARMC6/mbed-os/connectivity/FEATURE_BLE/libraries/cordio_stack/ble-host/sources/stack/smp/smpr_sc_sm.o
    0x08024a60   0x00000009   Data   RO         3801    .rodata.smprScStateTblJwNcWaitUserDhCheckRcvd  BUILD/DISCO_L475VG_IOT01A/ARMC6/mbed-os/connectivity/FEATURE_BLE/libraries/cordio_stack/ble-host/sources/stack/smp/smpr_sc_sm.o
    0x08024a69   0x0000000f   Data   RO         3827    .rodata.smprScStateTblKeyDist  BUILD/DISCO_L475VG_IOT01A/ARMC6/mbed-os/connectivity/FEATURE_BLE/libraries/cordio_stack/ble-host/sources/stack/smp/smpr_sc_sm.o
    0x08024a78   0x00000006   Data   RO         3795    .rodata.smprScStateTblLescPin  BUILD/DISCO_L475VG_IOT01A/ARMC6/mbed-os/connectivity/FEATURE_BLE/libraries/cordio_stack/ble-host/sources/stack/smp/smpr_sc_sm.o
    0x08024a7e   0x00000009   Data   RO         3793    .rodata.smprScStateTblModeSelect  BUILD/DISCO_L475VG_IOT01A/ARMC6/mbed-os/connectivity/FEATURE_BLE/libraries/cordio_stack/ble-host/sources/stack/smp/smpr_sc_sm.o
    0x08024a87   0x00000006   Data   RO         3809    .rodata.smprScStateTblOobSendRand  BUILD/DISCO_L475VG_IOT01A/ARMC6/mbed-os/connectivity/FEATURE_BLE/libraries/cordio_stack/ble-host/sources/stack/smp/smpr_sc_sm.o
    0x08024a8d   0x00000006   Data   RO         3810    .rodata.smprScStateTblOobWaitRand  BUILD/DISCO_L475VG_IOT01A/ARMC6/mbed-os/connectivity/FEATURE_BLE/libraries/cordio_stack/ble-host/sources/stack/smp/smpr_sc_sm.o
    0x08024a93   0x0000000f   Data   RO         3802    .rodata.smprScStateTblPassKeyKeypress  BUILD/DISCO_L475VG_IOT01A/ARMC6/mbed-os/connectivity/FEATURE_BLE/libraries/cordio_stack/ble-host/sources/stack/smp/smpr_sc_sm.o
    0x08024aa2   0x00000006   Data   RO         3803    .rodata.smprScStateTblPassWaitAuthRsp  BUILD/DISCO_L475VG_IOT01A/ARMC6/mbed-os/connectivity/FEATURE_BLE/libraries/cordio_stack/ble-host/sources/stack/smp/smpr_sc_sm.o
    0x08024aa8   0x00000006   Data   RO         3805    .rodata.smprScStateTblPasskeyCalc  BUILD/DISCO_L475VG_IOT01A/ARMC6/mbed-os/connectivity/FEATURE_BLE/libraries/cordio_stack/ble-host/sources/stack/smp/smpr_sc_sm.o
    0x08024aae   0x00000006   Data   RO         3807    .rodata.smprScStateTblPasskeyCheck  BUILD/DISCO_L475VG_IOT01A/ARMC6/mbed-os/connectivity/FEATURE_BLE/libraries/cordio_stack/ble-host/sources/stack/smp/smpr_sc_sm.o
    0x08024ab4   0x0000000c   Data   RO         3665    .rodata.smprScStateTblPasskeyKeypress  BUILD/DISCO_L475VG_IOT01A/ARMC6/mbed-os/connectivity/FEATURE_BLE/libraries/cordio_stack/ble-host/sources/stack/smp/smpi_sc_sm.o
    0x08024ac0   0x00000006   Data   RO         3806    .rodata.smprScStateTblPasskeyRand  BUILD/DISCO_L475VG_IOT01A/ARMC6/mbed-os/connectivity/FEATURE_BLE/libraries/cordio_stack/ble-host/sources/stack/smp/smpr_sc_sm.o
    0x08024ac6   0x0000000c   Data   RO         3808    .rodata.smprScStateTblPasskeyRepeat  BUILD/DISCO_L475VG_IOT01A/ARMC6/mbed-os/connectivity/FEATURE_BLE/libraries/cordio_stack/ble-host/sources/stack/smp/smpr_sc_sm.o
    0x08024ad2   0x00000006   Data   RO         3804    .rodata.smprScStateTblPasskeyWaitCnf  BUILD/DISCO_L475VG_IOT01A/ARMC6/mbed-os/connectivity/FEATURE_BLE/libraries/cordio_stack/ble-host/sources/stack/smp/smpr_sc_sm.o
    0x08024ad8   0x00000006   Data   RO         3794    .rodata.smprScStateTblPubKey  BUILD/DISCO_L475VG_IOT01A/ARMC6/mbed-os/connectivity/FEATURE_BLE/libraries/cordio_stack/ble-host/sources/stack/smp/smpr_sc_sm.o
    0x08024ade   0x00000012   Data   RO         3829    .rodata.smprScStateTblRspTo  BUILD/DISCO_L475VG_IOT01A/ARMC6/mbed-os/connectivity/FEATURE_BLE/libraries/cordio_stack/ble-host/sources/stack/smp/smpr_sc_sm.o
    0x08024af0   0x00000009   Data   RO         3825    .rodata.smprScStateTblStkCalc  BUILD/DISCO_L475VG_IOT01A/ARMC6/mbed-os/connectivity/FEATURE_BLE/libraries/cordio_stack/ble-host/sources/stack/smp/smpr_sc_sm.o
    0x08024af9   0x00000009   Data   RO         3811    .rodata.smprScStateTblWaitDhCheck  BUILD/DISCO_L475VG_IOT01A/ARMC6/mbed-os/connectivity/FEATURE_BLE/libraries/cordio_stack/ble-host/sources/stack/smp/smpr_sc_sm.o
    0x08024b02   0x00000002   PAD
    0x08024b04   0x0000000c   Data   RO         3853    .rodata.smprSmIf    BUILD/DISCO_L475VG_IOT01A/ARMC6/mbed-os/connectivity/FEATURE_BLE/libraries/cordio_stack/ble-host/sources/stack/smp/smpr_sm.o
    0x08024b10   0x0000003c   Data   RO         3850    .rodata.smprStateTbl  BUILD/DISCO_L475VG_IOT01A/ARMC6/mbed-os/connectivity/FEATURE_BLE/libraries/cordio_stack/ble-host/sources/stack/smp/smpr_sm.o
    0x08024b4c   0x0000001b   Data   RO         3836    .rodata.smprStateTblApiPairReq  BUILD/DISCO_L475VG_IOT01A/ARMC6/mbed-os/connectivity/FEATURE_BLE/libraries/cordio_stack/ble-host/sources/stack/smp/smpr_sm.o
    0x08024b67   0x00000006   Data   RO         3837    .rodata.smprStateTblApiPairRsp  BUILD/DISCO_L475VG_IOT01A/ARMC6/mbed-os/connectivity/FEATURE_BLE/libraries/cordio_stack/ble-host/sources/stack/smp/smpr_sm.o
    0x08024b6d   0x00000018   Data   RO         3848    .rodata.smprStateTblAttempts  BUILD/DISCO_L475VG_IOT01A/ARMC6/mbed-os/connectivity/FEATURE_BLE/libraries/cordio_stack/ble-host/sources/stack/smp/smpr_sm.o
    0x08024b85   0x00000006   Data   RO         3820    .rodata.smprStateTblCnfCalc1  BUILD/DISCO_L475VG_IOT01A/ARMC6/mbed-os/connectivity/FEATURE_BLE/libraries/cordio_stack/ble-host/sources/stack/smp/smpr_sc_sm.o
    0x08024b8b   0x00000006   Data   RO         3840    .rodata.smprStateTblCnfCalc1  BUILD/DISCO_L475VG_IOT01A/ARMC6/mbed-os/connectivity/FEATURE_BLE/libraries/cordio_stack/ble-host/sources/stack/smp/smpr_sm.o
    0x08024b91   0x00000006   Data   RO         3821    .rodata.smprStateTblCnfCalc2  BUILD/DISCO_L475VG_IOT01A/ARMC6/mbed-os/connectivity/FEATURE_BLE/libraries/cordio_stack/ble-host/sources/stack/smp/smpr_sc_sm.o
    0x08024b97   0x00000006   Data   RO         3841    .rodata.smprStateTblCnfCalc2  BUILD/DISCO_L475VG_IOT01A/ARMC6/mbed-os/connectivity/FEATURE_BLE/libraries/cordio_stack/ble-host/sources/stack/smp/smpr_sm.o
    0x08024b9d   0x00000006   Data   RO         3823    .rodata.smprStateTblCnfVerCalc1  BUILD/DISCO_L475VG_IOT01A/ARMC6/mbed-os/connectivity/FEATURE_BLE/libraries/cordio_stack/ble-host/sources/stack/smp/smpr_sc_sm.o
    0x08024ba3   0x00000006   Data   RO         3843    .rodata.smprStateTblCnfVerCalc1  BUILD/DISCO_L475VG_IOT01A/ARMC6/mbed-os/connectivity/FEATURE_BLE/libraries/cordio_stack/ble-host/sources/stack/smp/smpr_sm.o
    0x08024ba9   0x00000006   Data   RO         3824    .rodata.smprStateTblCnfVerCalc2  BUILD/DISCO_L475VG_IOT01A/ARMC6/mbed-os/connectivity/FEATURE_BLE/libraries/cordio_stack/ble-host/sources/stack/smp/smpr_sc_sm.o
    0x08024baf   0x00000006   Data   RO         3844    .rodata.smprStateTblCnfVerCalc2  BUILD/DISCO_L475VG_IOT01A/ARMC6/mbed-os/connectivity/FEATURE_BLE/libraries/cordio_stack/ble-host/sources/stack/smp/smpr_sm.o
    0x08024bb5   0x0000000f   Data   RO         3852    .rodata.smprStateTblCommon  BUILD/DISCO_L475VG_IOT01A/ARMC6/mbed-os/connectivity/FEATURE_BLE/libraries/cordio_stack/ble-host/sources/stack/smp/smpr_sm.o
    0x08024bc4   0x0000000c   Data   RO         3846    .rodata.smprStateTblEncrypt  BUILD/DISCO_L475VG_IOT01A/ARMC6/mbed-os/connectivity/FEATURE_BLE/libraries/cordio_stack/ble-host/sources/stack/smp/smpr_sm.o
    0x08024bd0   0x00000015   Data   RO         3835    .rodata.smprStateTblIdle  BUILD/DISCO_L475VG_IOT01A/ARMC6/mbed-os/connectivity/FEATURE_BLE/libraries/cordio_stack/ble-host/sources/stack/smp/smpr_sm.o
    0x08024be5   0x0000000f   Data   RO         3847    .rodata.smprStateTblKeyDist  BUILD/DISCO_L475VG_IOT01A/ARMC6/mbed-os/connectivity/FEATURE_BLE/libraries/cordio_stack/ble-host/sources/stack/smp/smpr_sm.o
    0x08024bf4   0x00000006   Data   RO         3822    .rodata.smprStateTblPairRand  BUILD/DISCO_L475VG_IOT01A/ARMC6/mbed-os/connectivity/FEATURE_BLE/libraries/cordio_stack/ble-host/sources/stack/smp/smpr_sc_sm.o
    0x08024bfa   0x00000006   Data   RO         3842    .rodata.smprStateTblPairRand  BUILD/DISCO_L475VG_IOT01A/ARMC6/mbed-os/connectivity/FEATURE_BLE/libraries/cordio_stack/ble-host/sources/stack/smp/smpr_sm.o
    0x08024c00   0x00000009   Data   RO         3818    .rodata.smprStateTblPinPair1  BUILD/DISCO_L475VG_IOT01A/ARMC6/mbed-os/connectivity/FEATURE_BLE/libraries/cordio_stack/ble-host/sources/stack/smp/smpr_sc_sm.o
    0x08024c09   0x00000009   Data   RO         3838    .rodata.smprStateTblPinPair1  BUILD/DISCO_L475VG_IOT01A/ARMC6/mbed-os/connectivity/FEATURE_BLE/libraries/cordio_stack/ble-host/sources/stack/smp/smpr_sm.o
    0x08024c12   0x00000009   Data   RO         3819    .rodata.smprStateTblPinPair2  BUILD/DISCO_L475VG_IOT01A/ARMC6/mbed-os/connectivity/FEATURE_BLE/libraries/cordio_stack/ble-host/sources/stack/smp/smpr_sc_sm.o
    0x08024c1b   0x00000009   Data   RO         3839    .rodata.smprStateTblPinPair2  BUILD/DISCO_L475VG_IOT01A/ARMC6/mbed-os/connectivity/FEATURE_BLE/libraries/cordio_stack/ble-host/sources/stack/smp/smpr_sm.o
    0x08024c24   0x00000012   Data   RO         3849    .rodata.smprStateTblRspTo  BUILD/DISCO_L475VG_IOT01A/ARMC6/mbed-os/connectivity/FEATURE_BLE/libraries/cordio_stack/ble-host/sources/stack/smp/smpr_sm.o
    0x08024c36   0x00000009   Data   RO         3845    .rodata.smprStateTblStkCalc  BUILD/DISCO_L475VG_IOT01A/ARMC6/mbed-os/connectivity/FEATURE_BLE/libraries/cordio_stack/ble-host/sources/stack/smp/smpr_sm.o
    0x08024c3f   0x00000013   Data   RO          455    .rodata.str1.1      BUILD/DISCO_L475VG_IOT01A/ARMC6/mbed-os/cmsis/CMSIS_5/CMSIS/RTOS2/RTX/Source/rtx_lib.o
    0x08024c52   0x00000010   Data   RO          859    .rodata.str1.1      BUILD/DISCO_L475VG_IOT01A/ARMC6/mbed-os/cmsis/device/rtos/source/mbed_rtos_rtx.o
    0x08024c62   0x00000138   Data   RO          896    .rodata.str1.1      BUILD/DISCO_L475VG_IOT01A/ARMC6/mbed-os/cmsis/device/rtos/source/mbed_rtx_handlers.o
    0x08024d9a   0x00000035   Data   RO          925    .rodata.str1.1      BUILD/DISCO_L475VG_IOT01A/ARMC6/mbed-os/cmsis/device/rtos/source/mbed_rtx_idle.o
    0x08024dcf   0x0000005e   Data   RO         4570    .rodata.str1.1      BUILD/DISCO_L475VG_IOT01A/ARMC6/mbed-os/connectivity/FEATURE_BLE/source/cordio/driver/CordioHCIDriver.o
    0x08024e2d   0x000000ff   Data   RO         4711    .rodata.str1.1      BUILD/DISCO_L475VG_IOT01A/ARMC6/mbed-os/connectivity/FEATURE_BLE/source/cordio/source/BLEInstanceBaseImpl.o
    0x08024f2c   0x00000088   Data   RO         4872    .rodata.str1.1      BUILD/DISCO_L475VG_IOT01A/ARMC6/mbed-os/connectivity/FEATURE_BLE/source/cordio/source/GattServerImpl.o
    0x08024fb4   0x00000036   Data   RO         4959    .rodata.str1.1      BUILD/DISCO_L475VG_IOT01A/ARMC6/mbed-os/connectivity/FEATURE_BLE/source/cordio/source/PalAttClientImpl.o
    0x08024fea   0x0000005c   Data   RO         5264    .rodata.str1.1      BUILD/DISCO_L475VG_IOT01A/ARMC6/mbed-os/connectivity/FEATURE_BLE/source/cordio/source/PalPrivateAddressControllerImpl.o
    0x08025046   0x00000053   Data   RO         5344    .rodata.str1.1      BUILD/DISCO_L475VG_IOT01A/ARMC6/mbed-os/connectivity/FEATURE_BLE/source/cordio/source/PalSecurityManagerImpl.o
    0x08025099   0x0000001a   Data   RO         5528    .rodata.str1.1      BUILD/DISCO_L475VG_IOT01A/ARMC6/mbed-os/connectivity/FEATURE_BLE/source/gap/AdvertisingDataBuilder.o
    0x080250b3   0x0000010e   Data   RO         5896    .rodata.str1.1      BUILD/DISCO_L475VG_IOT01A/ARMC6/mbed-os/connectivity/FEATURE_BLE/source/generic/GapImpl.o
    0x080251c1   0x0000004e   Data   RO         6508    .rodata.str1.1      BUILD/DISCO_L475VG_IOT01A/ARMC6/mbed-os/connectivity/FEATURE_BLE/source/generic/SecurityManagerImpl.o
    0x0802520f   0x00000056   Data   RO        25420    .rodata.str1.1      BUILD/DISCO_L475VG_IOT01A/ARMC6/mbed-os/connectivity/netsocket/source/nsapi_dns.o
    0x08025265   0x0000004a   Data   RO        26647    .rodata.str1.1      BUILD/DISCO_L475VG_IOT01A/ARMC6/mbed-os/drivers/source/SPI.o
    0x080252af   0x0000004e   Data   RO        29039    .rodata.str1.1      BUILD/DISCO_L475VG_IOT01A/ARMC6/mbed-os/platform/source/SysTimer.o
    0x080252fd   0x000000c8   Data   RO        29191    .rodata.str1.1      BUILD/DISCO_L475VG_IOT01A/ARMC6/mbed-os/platform/source/TARGET_CORTEX_M/mbed_fault_handler.o
    0x080253c5   0x000001aa   Data   RO        29377    .rodata.str1.1      BUILD/DISCO_L475VG_IOT01A/ARMC6/mbed-os/platform/source/mbed_error.o
    0x0802556f   0x00000063   Data   RO        29644    .rodata.str1.1      BUILD/DISCO_L475VG_IOT01A/ARMC6/mbed-os/platform/source/mbed_retarget.o
    0x080255d2   0x00000012   Data   RO        29983    .rodata.str1.1      BUILD/DISCO_L475VG_IOT01A/ARMC6/mbed-os/rtos/source/Mutex.o
    0x080255e4   0x00000019   Data   RO        30008    .rodata.str1.1      BUILD/DISCO_L475VG_IOT01A/ARMC6/mbed-os/rtos/source/Semaphore.o
    0x080255fd   0x0000001b   Data   RO        30090    .rodata.str1.1      BUILD/DISCO_L475VG_IOT01A/ARMC6/mbed-os/rtos/source/Thread.o
    0x08025618   0x0000002a   Data   RO        35735    .rodata.str1.1      BUILD/DISCO_L475VG_IOT01A/ARMC6/mbed-os/targets/TARGET_STM/serial_api.o
    0x08025642   0x00000039   Data   RO        35805    .rodata.str1.1      BUILD/DISCO_L475VG_IOT01A/ARMC6/mbed-os/targets/TARGET_STM/stm_spi_api.o
    0x0802567b   0x00000026   Data   RO        35870    .rodata.str1.1      BUILD/DISCO_L475VG_IOT01A/ARMC6/source/main.o
    0x080256a1   0x00000003   PAD
    0x080256a4   0x0000000b   Data   RO          442    .rodata.str1.4      BUILD/DISCO_L475VG_IOT01A/ARMC6/mbed-os/cmsis/CMSIS_5/CMSIS/RTOS2/RTX/Source/rtx_kernel.o
    0x080256af   0x00000001   PAD
    0x080256b0   0x00000008   Data   RO        28715    .rodata.us_data     BUILD/DISCO_L475VG_IOT01A/ARMC6/mbed-os/hal/source/mbed_us_ticker_api.o
    0x080256b8   0x00000024   Data   RO        28717    .rodata.us_interface  BUILD/DISCO_L475VG_IOT01A/ARMC6/mbed-os/hal/source/mbed_us_ticker_api.o
    0x080256dc   0x00000008   Data   RO        35841    .rodata.us_ticker_get_info.info  BUILD/DISCO_L475VG_IOT01A/ARMC6/mbed-os/targets/TARGET_STM/us_ticker.o
    0x080256e4   0x00000040   Data   RO        37087    Region$$Table       anon$$obj.o
    0x08025724   0x00000004   Data   RO        30215    .init_array         BUILD/DISCO_L475VG_IOT01A/ARMC6/mbed-os/storage/blockdevice/COMPONENT_QSPIF/source/QSPIFBlockDevice.o
    0x08025728   0x00000004   Data   RO        35869    .init_array         BUILD/DISCO_L475VG_IOT01A/ARMC6/source/main.o
    0x0802572c   0x00000000   Data   RO        36156    .init_array         /Library/Application Support/Mbed Studio/mbed-studio-tools/ac6/bin/../lib/armlib/c_w.l(init_aeabi.o)


    Execution Region RW_m_crash_data (Base: 0x10000188, Size: 0x00000100, Max: 0x00000100, ABSOLUTE)

    Base Addr    Size         Type   Attr      Idx    E Section Name        Object

    0x10000188   0x00000100   Zero   RW            1    RW_m_crash_data.bss  anon$$obj.o


    Execution Region RW_IRAM2 (Base: 0x10000288, Size: 0x000034cc, Max: 0x00007d78, ABSOLUTE, COMPRESSED[0x0000008c])

    Base Addr    Size         Type   Attr      Idx    E Section Name        Object

    0x10000288   0x00000004   Data   RW        36072    .data               /Library/Application Support/Mbed Studio/mbed-studio-tools/ac6/bin/../lib/armlib/c_w.l(stdio_streams.o)
    0x1000028c   0x00000004   Data   RW        36074    .data               /Library/Application Support/Mbed Studio/mbed-studio-tools/ac6/bin/../lib/armlib/c_w.l(stdio_streams.o)
    0x10000290   0x00000034   Data   RW          201    .data.Lis3mdlMagDrv  BUILD/DISCO_L475VG_IOT01A/ARMC6/DISCO_L475VG_IOT01-Sensors-BSP/BSP_B-L475E-IOT01/Drivers/BSP/Components/lis3mdl/lis3mdl.o
    0x100002c4   0x00000004   Data   RW        35074    .data.SystemCoreClock  BUILD/DISCO_L475VG_IOT01A/ARMC6/mbed-os/targets/TARGET_STM/TARGET_STM32L4/STM32Cube_FW/system_stm32l4xx.o
    0x100002c8   0x00000004   Data   RW          926    .data._ZL14idle_hook_fptr  BUILD/DISCO_L475VG_IOT01A/ARMC6/mbed-os/cmsis/device/rtos/source/mbed_rtx_idle.o
    0x100002cc   0x00000004   Data   RW         4582    .data._ZN3ble24CordioHCITransportDriver21data_received_handlerE  BUILD/DISCO_L475VG_IOT01A/ARMC6/mbed-os/connectivity/FEATURE_BLE/source/cordio/driver/CordioHCITransportDriver.o
    0x100002d0   0x00000014   Data   RW         4869    .data._ZN3ble4impl12_GLOBAL__N_19CCCD_UUIDE  BUILD/DISCO_L475VG_IOT01A/ARMC6/mbed-os/connectivity/FEATURE_BLE/source/cordio/source/GattServerImpl.o
    0x100002e4   0x00000010   Data   RW         1573    .data.attBaseUuid   BUILD/DISCO_L475VG_IOT01A/ARMC6/mbed-os/connectivity/FEATURE_BLE/libraries/cordio_stack/ble-host/sources/stack/att/att_main.o
    0x100002f4   0x00000048   Data   RW         2070    .data.attsProcFcnTbl  BUILD/DISCO_L475VG_IOT01A/ARMC6/mbed-os/connectivity/FEATURE_BLE/libraries/cordio_stack/ble-host/sources/stack/att/atts_main.o
    0x1000033c   0x00000054   Data   RW         2932    .data.dmFcnIfTbl    BUILD/DISCO_L475VG_IOT01A/ARMC6/mbed-os/connectivity/FEATURE_BLE/libraries/cordio_stack/ble-host/sources/stack/dm/dm_main.o
    0x10000390   0x00000008   Data   RW          972    .data.hciLeSupFeatCfg  BUILD/DISCO_L475VG_IOT01A/ARMC6/mbed-os/connectivity/FEATURE_BLE/libraries/cordio_stack/ble-host/sources/hci/common/hci_core.o
    0x10000398   0x00000004   Data   RW        28716    .data.irq_handler   BUILD/DISCO_L475VG_IOT01A/ARMC6/mbed-os/hal/source/mbed_us_ticker_api.o
    0x1000039c   0x00000004   Data   RW         2150    .data.pSmpCfg       BUILD/DISCO_L475VG_IOT01A/ARMC6/mbed-os/connectivity/FEATURE_BLE/libraries/cordio_stack/ble-host/sources/stack/cfg/cfg_stack.o
    0x100003a0   0x00000018   Data   RW         2149    .data.smpCfg        BUILD/DISCO_L475VG_IOT01A/ARMC6/mbed-os/connectivity/FEATURE_BLE/libraries/cordio_stack/ble-host/sources/stack/cfg/cfg_stack.o
    0x100003b8   0x00000054   Zero   RW        36069    .bss                /Library/Application Support/Mbed Studio/mbed-studio-tools/ac6/bin/../lib/armlib/c_w.l(stdio_streams.o)
    0x1000040c   0x00000054   Zero   RW        36071    .bss                /Library/Application Support/Mbed Studio/mbed-studio-tools/ac6/bin/../lib/armlib/c_w.l(stdio_streams.o)
    0x10000460   0x00000001   Zero   RW        35567    .bss.LPTICKER_inited  BUILD/DISCO_L475VG_IOT01A/ARMC6/mbed-os/targets/TARGET_STM/lp_ticker.o
    0x10000461   0x00000003   PAD
    0x10000464   0x00000004   Zero   RW         4681    .bss.SystemHeapSize  BUILD/DISCO_L475VG_IOT01A/ARMC6/mbed-os/connectivity/FEATURE_BLE/source/cordio/source/BLEInstanceBaseImpl.o
    0x10000468   0x00000004   Zero   RW         7833    .bss._ZGVZ25ble_cordio_get_hci_drivervE16transport_driver  BUILD/DISCO_L475VG_IOT01A/ARMC6/mbed-os/connectivity/drivers/ble/FEATURE_BLE/COMPONENT_BlueNRG_MS/BlueNrgMsHCIDriver.o
    0x1000046c   0x00000004   Zero   RW         4160    .bss._ZGVZN3ble3BLE8InstanceEvE9transport  BUILD/DISCO_L475VG_IOT01A/ARMC6/mbed-os/connectivity/FEATURE_BLE/source/BLE.o
    0x10000470   0x00000004   Zero   RW         4957    .bss._ZGVZN3ble4impl12PalAttClient10get_clientEvE7_client  BUILD/DISCO_L475VG_IOT01A/ARMC6/mbed-os/connectivity/FEATURE_BLE/source/cordio/source/PalAttClientImpl.o
    0x10000474   0x00000004   Zero   RW         4690    .bss._ZGVZN3ble4impl15BLEInstanceBase10getGapImplEvE3gap  BUILD/DISCO_L475VG_IOT01A/ARMC6/mbed-os/connectivity/FEATURE_BLE/source/cordio/source/BLEInstanceBaseImpl.o
    0x10000478   0x00000004   Zero   RW         4694    .bss._ZGVZN3ble4impl15BLEInstanceBase13getGattServerEvE6server  BUILD/DISCO_L475VG_IOT01A/ARMC6/mbed-os/connectivity/FEATURE_BLE/source/cordio/source/BLEInstanceBaseImpl.o
    0x1000047c   0x00000004   Zero   RW         4713    .bss._ZGVZN3ble4impl15BLEInstanceBase14callDispatcherEvE11nextTimeout  BUILD/DISCO_L475VG_IOT01A/ARMC6/mbed-os/connectivity/FEATURE_BLE/source/cordio/source/BLEInstanceBaseImpl.o
    0x10000480   0x00000004   Zero   RW         4685    .bss._ZGVZN3ble4impl15BLEInstanceBase14deviceInstanceEvE8instance  BUILD/DISCO_L475VG_IOT01A/ARMC6/mbed-os/connectivity/FEATURE_BLE/source/cordio/source/BLEInstanceBaseImpl.o
    0x10000484   0x00000004   Zero   RW         4700    .bss._ZGVZN3ble4impl15BLEInstanceBase16getPalGattClientEvE15pal_gatt_client  BUILD/DISCO_L475VG_IOT01A/ARMC6/mbed-os/connectivity/FEATURE_BLE/source/cordio/source/BLEInstanceBaseImpl.o
    0x10000488   0x00000004   Zero   RW         4706    .bss._ZGVZN3ble4impl15BLEInstanceBase18getSecurityManagerEvE10m_instance  BUILD/DISCO_L475VG_IOT01A/ARMC6/mbed-os/connectivity/FEATURE_BLE/source/cordio/source/BLEInstanceBaseImpl.o
    0x1000048c   0x00000004   Zero   RW         4704    .bss._ZGVZN3ble4impl15BLEInstanceBase22getSecurityManagerImplEvE10m_instance  BUILD/DISCO_L475VG_IOT01A/ARMC6/mbed-os/connectivity/FEATURE_BLE/source/cordio/source/BLEInstanceBaseImpl.o
    0x10000490   0x00000004   Zero   RW         4692    .bss._ZGVZN3ble4impl15BLEInstanceBase6getGapEvE3gap  BUILD/DISCO_L475VG_IOT01A/ARMC6/mbed-os/connectivity/FEATURE_BLE/source/cordio/source/BLEInstanceBaseImpl.o
    0x10000494   0x00000004   Zero   RW         5343    .bss._ZGVZN3ble4impl18PalSecurityManager20get_security_managerEvE17_security_manager  BUILD/DISCO_L475VG_IOT01A/ARMC6/mbed-os/connectivity/FEATURE_BLE/source/cordio/source/PalSecurityManagerImpl.o
    0x10000498   0x0000005c   Zero   RW        35867    .bss._ZL11event_queue  BUILD/DISCO_L475VG_IOT01A/ARMC6/source/main.o
    0x100004f4   0x00000010   Zero   RW        29643    .bss._ZL14stdio_out_prev  BUILD/DISCO_L475VG_IOT01A/ARMC6/mbed-os/platform/source/mbed_retarget.o
    0x10000504   0x00000004   Zero   RW        30212    .bss._ZN16QSPIFBlockDevice28_active_qspif_flash_csel_arrE  BUILD/DISCO_L475VG_IOT01A/ARMC6/mbed-os/storage/blockdevice/COMPONENT_QSPIF/source/QSPIFBlockDevice.o
    0x10000508   0x00000002   Zero   RW         5194    .bss._ZN3ble4impl6PalGap29_pending_periodic_sync_handleE  BUILD/DISCO_L475VG_IOT01A/ARMC6/mbed-os/connectivity/FEATURE_BLE/source/cordio/source/PalGapImpl.o
    0x1000050a   0x00000002   PAD
    0x1000050c   0x00000004   Zero   RW        26645    .bss._ZN4mbed3SPI17_peripherals_usedE  BUILD/DISCO_L475VG_IOT01A/ARMC6/mbed-os/drivers/source/SPI.o
    0x10000510   0x00000004   Zero   RW        28939    .bss._ZN4mbed8FileBase5_headE  BUILD/DISCO_L475VG_IOT01A/ARMC6/mbed-os/platform/source/FileBase.o
    0x10000514   0x00000028   Zero   RW        28940    .bss._ZN4mbed8FileBase6_mutexE  BUILD/DISCO_L475VG_IOT01A/ARMC6/mbed-os/platform/source/FileBase.o
    0x1000053c   0x00000038   Zero   RW         7834    .bss._ZZ25ble_cordio_get_hci_drivervE10hci_driver  BUILD/DISCO_L475VG_IOT01A/ARMC6/mbed-os/connectivity/drivers/ble/FEATURE_BLE/COMPONENT_BlueNRG_MS/BlueNrgMsHCIDriver.o
    0x10000574   0x000005d8   Zero   RW         7832    .bss._ZZ25ble_cordio_get_hci_drivervE16transport_driver  BUILD/DISCO_L475VG_IOT01A/ARMC6/mbed-os/connectivity/drivers/ble/FEATURE_BLE/COMPONENT_BlueNRG_MS/BlueNrgMsHCIDriver.o
    0x10000b4c   0x00000004   Zero   RW        29651    .bss._ZZL15default_consolevE7console  BUILD/DISCO_L475VG_IOT01A/ARMC6/mbed-os/platform/source/mbed_retarget.o
    0x10000b50   0x00000001   Zero   RW         4571    .bss._ZZN3ble15CordioHCIDriver21handle_reset_sequenceEPhE7randCnt  BUILD/DISCO_L475VG_IOT01A/ARMC6/mbed-os/connectivity/FEATURE_BLE/source/cordio/driver/CordioHCIDriver.o
    0x10000b51   0x00000007   PAD
    0x10000b58   0x000008d0   Zero   RW         4568    .bss._ZZN3ble15CordioHCIDriver35get_default_buffer_pool_descriptionEvE6buffer  BUILD/DISCO_L475VG_IOT01A/ARMC6/mbed-os/connectivity/FEATURE_BLE/source/cordio/driver/CordioHCIDriver.o
    0x10001428   0x0000001c   Zero   RW         4161    .bss._ZZN3ble3BLE8InstanceEvE12ble_instance  BUILD/DISCO_L475VG_IOT01A/ARMC6/mbed-os/connectivity/FEATURE_BLE/source/BLE.o
    0x10001444   0x00000004   Zero   RW         4697    .bss._ZZN3ble4impl15BLEInstanceBase13getGattClientEvE11gatt_client  BUILD/DISCO_L475VG_IOT01A/ARMC6/mbed-os/connectivity/FEATURE_BLE/source/cordio/source/BLEInstanceBaseImpl.o
    0x10001448   0x00000040   Zero   RW         4712    .bss._ZZN3ble4impl15BLEInstanceBase14callDispatcherEvE11nextTimeout  BUILD/DISCO_L475VG_IOT01A/ARMC6/mbed-os/connectivity/FEATURE_BLE/source/cordio/source/BLEInstanceBaseImpl.o
    0x10001488   0x0000002c   Zero   RW         4699    .bss._ZZN3ble4impl15BLEInstanceBase16getPalGattClientEvE15pal_gatt_client  BUILD/DISCO_L475VG_IOT01A/ARMC6/mbed-os/connectivity/FEATURE_BLE/source/cordio/source/BLEInstanceBaseImpl.o
    0x100014b4   0x00000060   Zero   RW         5342    .bss._ZZN3ble4impl18PalSecurityManager20get_security_managerEvE17_security_manager  BUILD/DISCO_L475VG_IOT01A/ARMC6/mbed-os/connectivity/FEATURE_BLE/source/cordio/source/PalSecurityManagerImpl.o
    0x10001514   0x00000001   Zero   RW         7888    .bss._ZZN3ble6vendor10bluenrg_ms9HCIDriver21handle_reset_sequenceEPhE7randCnt  BUILD/DISCO_L475VG_IOT01A/ARMC6/mbed-os/connectivity/drivers/ble/FEATURE_BLE/COMPONENT_BlueNRG_MS/BlueNrgMsHCIDriver.o
    0x10001515   0x00000003   PAD
    0x10001518   0x00000004   Zero   RW        29955    .bss._ZZN4rtos6Kernel4impl14get_tick_countEvE6tick_h  BUILD/DISCO_L475VG_IOT01A/ARMC6/mbed-os/rtos/source/Kernel.o
    0x1000151c   0x00000004   PAD
    0x10001520   0x00001000   Zero   RW          856    .bss._main_stack    BUILD/DISCO_L475VG_IOT01A/ARMC6/mbed-os/cmsis/device/rtos/source/mbed_rtos_rtx.o
    0x10002520   0x00000024   Zero   RW          857    .bss._main_thread_attr  BUILD/DISCO_L475VG_IOT01A/ARMC6/mbed-os/cmsis/device/rtos/source/mbed_rtos_rtx.o
    0x10002544   0x000000e0   Zero   RW          830    .bss._static_mutexes_mem  BUILD/DISCO_L475VG_IOT01A/ARMC6/mbed-os/cmsis/device/rtos/TOOLCHAIN_ARM_STD/mbed_boot_arm_std.o
    0x10002624   0x00000138   Zero   RW         2071    .bss.attsCb         BUILD/DISCO_L475VG_IOT01A/ARMC6/mbed-os/connectivity/FEATURE_BLE/libraries/cordio_stack/ble-host/sources/stack/att/atts_main.o
    0x1000275c   0x00000038   Zero   RW         2126    .bss.attsSignCb     BUILD/DISCO_L475VG_IOT01A/ARMC6/mbed-os/connectivity/FEATURE_BLE/libraries/cordio_stack/ble-host/sources/stack/att/atts_sign.o
    0x10002794   0x00000004   Zero   RW        35381    .bss.can_irq_contexts  BUILD/DISCO_L475VG_IOT01A/ARMC6/mbed-os/targets/TARGET_STM/can_api.o
    0x10002798   0x00000214   Zero   RW        35428    .bss.channels       BUILD/DISCO_L475VG_IOT01A/ARMC6/mbed-os/targets/TARGET_STM/gpio_irq_api.o
    0x100029ac   0x00000001   Zero   RW        28587    .bss.critical_interrupts_enabled  BUILD/DISCO_L475VG_IOT01A/ARMC6/mbed-os/hal/source/mbed_critical_section_api.o
    0x100029ad   0x00000003   PAD
    0x100029b0   0x00000004   Zero   RW        29323    .bss.critical_section_reentrancy_counter  BUILD/DISCO_L475VG_IOT01A/ARMC6/mbed-os/platform/source/mbed_critical.o
    0x100029b4   0x00000002   Zero   RW        29469    .bss.deep_sleep_lock  BUILD/DISCO_L475VG_IOT01A/ARMC6/mbed-os/platform/source/mbed_power_mgmt.o
    0x100029b6   0x00000002   PAD
    0x100029b8   0x00000044   Zero   RW         2183    .bss.dmAdvCb        BUILD/DISCO_L475VG_IOT01A/ARMC6/mbed-os/connectivity/FEATURE_BLE/libraries/cordio_stack/ble-host/sources/stack/dm/dm_adv.o
    0x100029fc   0x0000000c   Zero   RW         2774    .bss.dmConnActSet   BUILD/DISCO_L475VG_IOT01A/ARMC6/mbed-os/connectivity/FEATURE_BLE/libraries/cordio_stack/ble-host/sources/stack/dm/dm_conn_sm.o
    0x10002a08   0x00000001   Zero   RW         3064    .bss.dmExtScanActHciReport.firstFrag  BUILD/DISCO_L475VG_IOT01A/ARMC6/mbed-os/connectivity/FEATURE_BLE/libraries/cordio_stack/ble-host/sources/stack/dm/dm_scan_ae.o
    0x10002a09   0x00000001   Zero   RW         2323    .bss.dmLegAdvCb.0   BUILD/DISCO_L475VG_IOT01A/ARMC6/mbed-os/connectivity/FEATURE_BLE/libraries/cordio_stack/ble-host/sources/stack/dm/dm_adv_leg.o
    0x10002a0a   0x00000002   PAD
    0x10002a0c   0x00000010   Zero   RW         3117    .bss.dmSecCb        BUILD/DISCO_L475VG_IOT01A/ARMC6/mbed-os/connectivity/FEATURE_BLE/libraries/cordio_stack/ble-host/sources/stack/dm/dm_sec.o
    0x10002a1c   0x00000004   Zero   RW         3142    .bss.dmSecOobRand   BUILD/DISCO_L475VG_IOT01A/ARMC6/mbed-os/connectivity/FEATURE_BLE/libraries/cordio_stack/ble-host/sources/stack/dm/dm_sec_lesc.o
    0x10002a20   0x00000004   Zero   RW        29378    .bss.error_hook     BUILD/DISCO_L475VG_IOT01A/ARMC6/mbed-os/platform/source/mbed_error.o
    0x10002a24   0x00000004   PAD
    0x10002a28   0x00000038   Zero   RW        28718    .bss.events         BUILD/DISCO_L475VG_IOT01A/ARMC6/mbed-os/hal/source/mbed_us_ticker_api.o
    0x10002a60   0x00000040   Zero   RW        29375    .bss.first_error_ctx  BUILD/DISCO_L475VG_IOT01A/ARMC6/mbed-os/platform/source/mbed_error.o
    0x10002aa0   0x00000001   Zero   RW        35562    .bss.future_event_flag  BUILD/DISCO_L475VG_IOT01A/ARMC6/mbed-os/targets/TARGET_STM/lp_ticker.o
    0x10002aa1   0x00000003   PAD
    0x10002aa4   0x00000024   Zero   RW         3231    .bss.hciCb          BUILD/DISCO_L475VG_IOT01A/ARMC6/mbed-os/connectivity/FEATURE_BLE/libraries/cordio_stack/ble-host/sources/stack/hci/hci_main.o
    0x10002ac8   0x000000a8   Zero   RW          973    .bss.hciCoreCb      BUILD/DISCO_L475VG_IOT01A/ARMC6/mbed-os/connectivity/FEATURE_BLE/libraries/cordio_stack/ble-host/sources/hci/common/hci_core.o
    0x10002b70   0x00000018   Zero   RW         1411    .bss.hciEvtStats    BUILD/DISCO_L475VG_IOT01A/ARMC6/mbed-os/connectivity/FEATURE_BLE/libraries/cordio_stack/ble-host/sources/hci/dual_chip/hci_evt.o
    0x10002b88   0x00000004   Zero   RW         5357    .bss.hciTrSerialRxIncoming.pPktRx  BUILD/DISCO_L475VG_IOT01A/ARMC6/mbed-os/connectivity/FEATURE_BLE/source/cordio/stack_adaptation/hci_tr.o
    0x10002b8c   0x00000001   Zero   RW         5353    .bss.hciTrSerialRxIncoming.stateRx  BUILD/DISCO_L475VG_IOT01A/ARMC6/mbed-os/connectivity/FEATURE_BLE/source/cordio/stack_adaptation/hci_tr.o
    0x10002b8d   0x00000001   Zero   RW        29374    .bss.is_reboot_error_valid  BUILD/DISCO_L475VG_IOT01A/ARMC6/mbed-os/platform/source/mbed_error.o
    0x10002b8e   0x00000002   PAD
    0x10002b90   0x00000028   Zero   RW         3344    .bss.l2cCb          BUILD/DISCO_L475VG_IOT01A/ARMC6/mbed-os/connectivity/FEATURE_BLE/libraries/cordio_stack/ble-host/sources/stack/l2c/l2c_main.o
    0x10002bb8   0x00000018   Zero   RW         3367    .bss.l2cSlaveCb     BUILD/DISCO_L475VG_IOT01A/ARMC6/mbed-os/connectivity/FEATURE_BLE/libraries/cordio_stack/ble-host/sources/stack/l2c/l2c_slave.o
    0x10002bd0   0x00000060   Zero   RW         3143    .bss.localEccKey    BUILD/DISCO_L475VG_IOT01A/ARMC6/mbed-os/connectivity/FEATURE_BLE/libraries/cordio_stack/ble-host/sources/stack/dm/dm_sec_lesc.o
    0x10002c30   0x00000001   Zero   RW        35560    .bss.lp_Fired       BUILD/DISCO_L475VG_IOT01A/ARMC6/mbed-os/targets/TARGET_STM/lp_ticker.o
    0x10002c31   0x00000001   Zero   RW        35564    .bss.lp_cmpok       BUILD/DISCO_L475VG_IOT01A/ARMC6/mbed-os/targets/TARGET_STM/lp_ticker.o
    0x10002c32   0x00000002   PAD
    0x10002c34   0x00000004   Zero   RW        35565    .bss.lp_delayed_counter  BUILD/DISCO_L475VG_IOT01A/ARMC6/mbed-os/targets/TARGET_STM/lp_ticker.o
    0x10002c38   0x00000004   Zero   RW        29637    .bss.mbed_heap_start  BUILD/DISCO_L475VG_IOT01A/ARMC6/mbed-os/platform/source/mbed_retarget.o
    0x10002c3c   0x00000004   Zero   RW          846    .bss.mbed_stack_isr_start  BUILD/DISCO_L475VG_IOT01A/ARMC6/mbed-os/cmsis/device/rtos/source/mbed_boot.o
    0x10002c40   0x000001f0   Zero   RW          828    .bss.os.libspace    BUILD/DISCO_L475VG_IOT01A/ARMC6/mbed-os/cmsis/device/rtos/TOOLCHAIN_ARM_STD/mbed_boot_arm_std.o
    0x10002e30   0x00000088   Zero   RW          456    .bss.os.thread.cb   BUILD/DISCO_L475VG_IOT01A/ARMC6/mbed-os/cmsis/CMSIS_5/CMSIS/RTOS2/RTX/Source/rtx_lib.o
    0x10002eb8   0x00000044   Zero   RW          858    .bss.os.thread.cb   BUILD/DISCO_L475VG_IOT01A/ARMC6/mbed-os/cmsis/device/rtos/source/mbed_rtos_rtx.o
    0x10002efc   0x00000004   PAD
    0x10002f00   0x00000300   Zero   RW          458    .bss.os.thread.timer.stack  BUILD/DISCO_L475VG_IOT01A/ARMC6/mbed-os/cmsis/CMSIS_5/CMSIS/RTOS2/RTX/Source/rtx_lib.o
    0x10003200   0x0000000c   Zero   RW         1901    .bss.pAttcSignCb    BUILD/DISCO_L475VG_IOT01A/ARMC6/mbed-os/connectivity/FEATURE_BLE/libraries/cordio_stack/ble-host/sources/stack/att/attc_sign.o
    0x1000320c   0x00000002   Zero   RW        35441    .bss.prev_tick_remainder  BUILD/DISCO_L475VG_IOT01A/ARMC6/mbed-os/targets/TARGET_STM/hal_tick_overrides.o
    0x1000320e   0x00000002   PAD
    0x10003210   0x00000004   Zero   RW        35440    .bss.prev_time      BUILD/DISCO_L475VG_IOT01A/ARMC6/mbed-os/targets/TARGET_STM/hal_tick_overrides.o
    0x10003214   0x00000050   Zero   RW         1483    .bss.secCb          BUILD/DISCO_L475VG_IOT01A/ARMC6/mbed-os/connectivity/FEATURE_BLE/libraries/cordio_stack/ble-host/sources/sec/common/sec_main.o
    0x10003264   0x00000004   Zero   RW          862    .bss.singleton_mutex_id  BUILD/DISCO_L475VG_IOT01A/ARMC6/mbed-os/cmsis/device/rtos/source/mbed_rtos_rtx.o
    0x10003268   0x0000001c   Zero   RW          860    .bss.singleton_mutex_obj  BUILD/DISCO_L475VG_IOT01A/ARMC6/mbed-os/cmsis/device/rtos/source/mbed_rtos_rtx.o
    0x10003284   0x000000fc   Zero   RW         3486    .bss.smpCb          BUILD/DISCO_L475VG_IOT01A/ARMC6/mbed-os/connectivity/FEATURE_BLE/libraries/cordio_stack/ble-host/sources/stack/smp/smp_main.o
    0x10003380   0x00000058   Zero   RW         3442    .bss.smpDbCb        BUILD/DISCO_L475VG_IOT01A/ARMC6/mbed-os/connectivity/FEATURE_BLE/libraries/cordio_stack/ble-host/sources/stack/smp/smp_db.o
    0x100033d8   0x0000004c   Zero   RW        35736    .bss.stdio_uart     BUILD/DISCO_L475VG_IOT01A/ARMC6/mbed-os/targets/TARGET_STM/serial_api.o
    0x10003424   0x00000004   Zero   RW        35734    .bss.stdio_uart_inited  BUILD/DISCO_L475VG_IOT01A/ARMC6/mbed-os/targets/TARGET_STM/serial_api.o
    0x10003428   0x00000004   Zero   RW        35844    .bss.timer_ccr1_reg  BUILD/DISCO_L475VG_IOT01A/ARMC6/mbed-os/targets/TARGET_STM/us_ticker.o
    0x1000342c   0x00000318   Zero   RW        35216    .bss.uart_handlers  BUILD/DISCO_L475VG_IOT01A/ARMC6/mbed-os/targets/TARGET_STM/TARGET_STM32L4/serial_device.o
    0x10003744   0x00000004   Zero   RW         3880    .bss.wsfBufMemLen   BUILD/DISCO_L475VG_IOT01A/ARMC6/mbed-os/connectivity/FEATURE_BLE/libraries/cordio_stack/wsf/sources/port/baremetal/wsf_buf.o
    0x10003748   0x00000004   Zero   RW         4010    .bss.wsfTimerRtcRemainder  BUILD/DISCO_L475VG_IOT01A/ARMC6/mbed-os/connectivity/FEATURE_BLE/libraries/cordio_stack/wsf/sources/port/baremetal/wsf_timer.o
    0x1000374c   0x00000008   Zero   RW         4008    .bss.wsfTimerTimerQueue  BUILD/DISCO_L475VG_IOT01A/ARMC6/mbed-os/connectivity/FEATURE_BLE/libraries/cordio_stack/wsf/sources/port/baremetal/wsf_timer.o


    Execution Region RW_IRAM1 (Base: 0x20000000, Size: 0x000017f8, Max: 0x00006000, ABSOLUTE)

    Base Addr    Size         Type   Attr      Idx    E Section Name        Object

    0x20000000   0x00000004   Data   RW        36073    .data               /Library/Application Support/Mbed Studio/mbed-studio-tools/ac6/bin/../lib/armlib/c_w.l(stdio_streams.o)
    0x20000004   0x00000004   Data   RW        36381    .data               /Library/Application Support/Mbed Studio/mbed-studio-tools/ac6/bin/../lib/armlib/c_w.l(streamlock.o)
    0x20000008   0x00000040   Data   RW        29649    .data._ZL11filehandles  BUILD/DISCO_L475VG_IOT01A/ARMC6/mbed-os/platform/source/mbed_retarget.o
    0x20000048   0x00000014   Data   RW         4686    .data._ZN3ble4impl15BLEInstanceBase14_init_callbackE  BUILD/DISCO_L475VG_IOT01A/ARMC6/mbed-os/connectivity/FEATURE_BLE/source/cordio/source/BLEInstanceBaseImpl.o
    0x2000005c   0x00000004   Data   RW         4688    .data._ZZN3ble4impl15BLEInstanceBase10getGapImplEvE18cordio_gap_service  BUILD/DISCO_L475VG_IOT01A/ARMC6/mbed-os/connectivity/FEATURE_BLE/source/cordio/source/BLEInstanceBaseImpl.o
    0x20000060   0x00000004   Data   RW         4701    .data._ZZN3ble4impl15BLEInstanceBase22getSecurityManagerImplEvE21signing_event_monitor  BUILD/DISCO_L475VG_IOT01A/ARMC6/mbed-os/connectivity/FEATURE_BLE/source/cordio/source/BLEInstanceBaseImpl.o
    0x20000064   0x0000000c   Data   RW         5262    .data._ZZN3ble4impl27PalPrivateAddressController8instanceEvE4self  BUILD/DISCO_L475VG_IOT01A/ARMC6/mbed-os/connectivity/FEATURE_BLE/source/cordio/source/PalPrivateAddressControllerImpl.o
    0x20000070   0x00000008   Data   RW         2145    .data.attCfg        BUILD/DISCO_L475VG_IOT01A/ARMC6/mbed-os/connectivity/FEATURE_BLE/libraries/cordio_stack/ble-host/sources/stack/cfg/cfg_stack.o
    0x20000078   0x00000004   Data   RW        28623    .data.irq_handler   BUILD/DISCO_L475VG_IOT01A/ARMC6/mbed-os/hal/source/mbed_lp_ticker_api.o
    0x2000007c   0x000000a4   Data   RW          443    .data.os            BUILD/DISCO_L475VG_IOT01A/ARMC6/mbed-os/cmsis/CMSIS_5/CMSIS/RTOS2/RTX/Source/rtx_kernel.o
    0x20000120   0x00000004   Data   RW         2146    .data.pAttCfg       BUILD/DISCO_L475VG_IOT01A/ARMC6/mbed-os/connectivity/FEATURE_BLE/libraries/cordio_stack/ble-host/sources/stack/cfg/cfg_stack.o
    0x20000124   0x00000004   Data   RW        31792    .data.uwTickPrio    BUILD/DISCO_L475VG_IOT01A/ARMC6/mbed-os/targets/TARGET_STM/TARGET_STM32L4/STM32Cube_FW/STM32L4xx_HAL_Driver/stm32l4xx_hal.o
    0x20000128   0x00000054   Zero   RW        36070    .bss                /Library/Application Support/Mbed Studio/mbed-studio-tools/ac6/bin/../lib/armlib/c_w.l(stdio_streams.o)
    0x2000017c   0x00000060   Zero   RW        36305    .bss                /Library/Application Support/Mbed Studio/mbed-studio-tools/ac6/bin/../lib/armlib/c_w.l(libspace.o)
    0x200001dc   0x00000038   Zero   RW        35568    .bss.LptimHandle    BUILD/DISCO_L475VG_IOT01A/ARMC6/mbed-os/targets/TARGET_STM/lp_ticker.o
    0x20000214   0x00000004   Zero   RW          121    .bss.MagnetoDrv     BUILD/DISCO_L475VG_IOT01A/ARMC6/DISCO_L475VG_IOT01-Sensors-BSP/BSP_B-L475E-IOT01/Drivers/BSP/B-L475E-IOT01/stm32l475e_iot01_magneto.o
    0x20000218   0x00000054   Zero   RW         3584    .bss.SMP_ScCcb      BUILD/DISCO_L475VG_IOT01A/ARMC6/mbed-os/connectivity/FEATURE_BLE/libraries/cordio_stack/ble-host/sources/stack/smp/smp_sc_main.o
    0x2000026c   0x00000004   Zero   RW         4680    .bss.SystemHeapStart  BUILD/DISCO_L475VG_IOT01A/ARMC6/mbed-os/connectivity/FEATURE_BLE/source/cordio/source/BLEInstanceBaseImpl.o
    0x20000270   0x0000004c   Zero   RW        35842    .bss.TimMasterHandle  BUILD/DISCO_L475VG_IOT01A/ARMC6/mbed-os/targets/TARGET_STM/us_ticker.o
    0x200002bc   0x00000004   Zero   RW         7835    .bss._ZGVZ25ble_cordio_get_hci_drivervE10hci_driver  BUILD/DISCO_L475VG_IOT01A/ARMC6/mbed-os/connectivity/drivers/ble/FEATURE_BLE/COMPONENT_BlueNRG_MS/BlueNrgMsHCIDriver.o
    0x200002c0   0x00000004   Zero   RW        29652    .bss._ZGVZL15default_consolevE7console  BUILD/DISCO_L475VG_IOT01A/ARMC6/mbed-os/platform/source/mbed_retarget.o
    0x200002c4   0x00000004   Zero   RW         4162    .bss._ZGVZN3ble3BLE8InstanceEvE12ble_instance  BUILD/DISCO_L475VG_IOT01A/ARMC6/mbed-os/connectivity/FEATURE_BLE/source/BLE.o
    0x200002c8   0x00000004   Zero   RW         4871    .bss._ZGVZN3ble4impl10GattServer11getInstanceEvE10m_instance  BUILD/DISCO_L475VG_IOT01A/ARMC6/mbed-os/connectivity/FEATURE_BLE/source/cordio/source/GattServerImpl.o
    0x200002cc   0x00000004   Zero   RW         4698    .bss._ZGVZN3ble4impl15BLEInstanceBase13getGattClientEvE11gatt_client  BUILD/DISCO_L475VG_IOT01A/ARMC6/mbed-os/connectivity/FEATURE_BLE/source/cordio/source/BLEInstanceBaseImpl.o
    0x200002d0   0x00000004   Zero   RW         4696    .bss._ZGVZN3ble4impl15BLEInstanceBase17getGattClientImplEvE11gatt_client  BUILD/DISCO_L475VG_IOT01A/ARMC6/mbed-os/connectivity/FEATURE_BLE/source/cordio/source/BLEInstanceBaseImpl.o
    0x200002d4   0x00000004   Zero   RW         4708    .bss._ZGVZN3ble4impl15BLEInstanceBase25getPrivateAddressRegistryEvE8registry  BUILD/DISCO_L475VG_IOT01A/ARMC6/mbed-os/connectivity/FEATURE_BLE/source/cordio/source/BLEInstanceBaseImpl.o
    0x200002d8   0x00000004   Zero   RW         5196    .bss._ZGVZN3ble4impl6PalGap7get_gapEvE4_gap  BUILD/DISCO_L475VG_IOT01A/ARMC6/mbed-os/connectivity/FEATURE_BLE/source/cordio/source/PalGapImpl.o
    0x200002dc   0x00000010   Zero   RW        29642    .bss._ZL13stdio_in_prev  BUILD/DISCO_L475VG_IOT01A/ARMC6/mbed-os/platform/source/mbed_retarget.o
    0x200002ec   0x00000028   Zero   RW        29639    .bss._ZL16filehandle_mutex  BUILD/DISCO_L475VG_IOT01A/ARMC6/mbed-os/platform/source/mbed_retarget.o
    0x20000314   0x00000004   Zero   RW        28883    .bss._ZN10CThunkBase17_cthunk_free_realE  BUILD/DISCO_L475VG_IOT01A/ARMC6/mbed-os/platform/source/CThunkBase.o
    0x20000318   0x00000004   Zero   RW         4683    .bss._ZN3ble4impl15BLEInstanceBase11_hci_driverE  BUILD/DISCO_L475VG_IOT01A/ARMC6/mbed-os/connectivity/FEATURE_BLE/source/cordio/source/BLEInstanceBaseImpl.o
    0x2000031c   0x0000039c   Zero   RW        26644    .bss._ZN4mbed3SPI12_peripheralsE  BUILD/DISCO_L475VG_IOT01A/ARMC6/mbed-os/drivers/source/SPI.o
    0x200006b8   0x00000004   Zero   RW        28941    .bss._ZN4mbed8FileBase8_defaultE  BUILD/DISCO_L475VG_IOT01A/ARMC6/mbed-os/platform/source/FileBase.o
    0x200006bc   0x00000004   PAD
    0x200006c0   0x00000048   Zero   RW        29442    .bss._ZN4mbed8internal12_GLOBAL__N_113os_timer_dataE  BUILD/DISCO_L475VG_IOT01A/ARMC6/mbed-os/platform/source/mbed_os_timer.o
    0x20000708   0x00000004   Zero   RW        29441    .bss._ZN4mbed8internal8os_timerE  BUILD/DISCO_L475VG_IOT01A/ARMC6/mbed-os/platform/source/mbed_os_timer.o
    0x2000070c   0x00000004   Zero   RW         4159    .bss._ZZN3ble3BLE8InstanceEvE9transport  BUILD/DISCO_L475VG_IOT01A/ARMC6/mbed-os/connectivity/FEATURE_BLE/source/BLE.o
    0x20000710   0x0000025c   Zero   RW         4870    .bss._ZZN3ble4impl10GattServer11getInstanceEvE10m_instance  BUILD/DISCO_L475VG_IOT01A/ARMC6/mbed-os/connectivity/FEATURE_BLE/source/cordio/source/GattServerImpl.o
    0x2000096c   0x00000028   Zero   RW         4956    .bss._ZZN3ble4impl12PalAttClient10get_clientEvE7_client  BUILD/DISCO_L475VG_IOT01A/ARMC6/mbed-os/connectivity/FEATURE_BLE/source/cordio/source/PalAttClientImpl.o
    0x20000994   0x00000004   PAD
    0x20000998   0x000001a0   Zero   RW         4689    .bss._ZZN3ble4impl15BLEInstanceBase10getGapImplEvE3gap  BUILD/DISCO_L475VG_IOT01A/ARMC6/mbed-os/connectivity/FEATURE_BLE/source/cordio/source/BLEInstanceBaseImpl.o
    0x20000b38   0x00000004   Zero   RW         4693    .bss._ZZN3ble4impl15BLEInstanceBase13getGattServerEvE6server  BUILD/DISCO_L475VG_IOT01A/ARMC6/mbed-os/connectivity/FEATURE_BLE/source/cordio/source/BLEInstanceBaseImpl.o
    0x20000b3c   0x00000004   PAD
    0x20000b40   0x00000038   Zero   RW         4684    .bss._ZZN3ble4impl15BLEInstanceBase14deviceInstanceEvE8instance  BUILD/DISCO_L475VG_IOT01A/ARMC6/mbed-os/connectivity/FEATURE_BLE/source/cordio/source/BLEInstanceBaseImpl.o
    0x20000b78   0x00000060   Zero   RW         4695    .bss._ZZN3ble4impl15BLEInstanceBase17getGattClientImplEvE11gatt_client  BUILD/DISCO_L475VG_IOT01A/ARMC6/mbed-os/connectivity/FEATURE_BLE/source/cordio/source/BLEInstanceBaseImpl.o
    0x20000bd8   0x00000004   Zero   RW         4705    .bss._ZZN3ble4impl15BLEInstanceBase18getSecurityManagerEvE10m_instance  BUILD/DISCO_L475VG_IOT01A/ARMC6/mbed-os/connectivity/FEATURE_BLE/source/cordio/source/BLEInstanceBaseImpl.o
    0x20000bdc   0x000000f0   Zero   RW         4703    .bss._ZZN3ble4impl15BLEInstanceBase22getSecurityManagerImplEvE10m_instance  BUILD/DISCO_L475VG_IOT01A/ARMC6/mbed-os/connectivity/FEATURE_BLE/source/cordio/source/BLEInstanceBaseImpl.o
    0x20000ccc   0x00000004   PAD
    0x20000cd0   0x00000200   Zero   RW         4707    .bss._ZZN3ble4impl15BLEInstanceBase25getPrivateAddressRegistryEvE8registry  BUILD/DISCO_L475VG_IOT01A/ARMC6/mbed-os/connectivity/FEATURE_BLE/source/cordio/source/BLEInstanceBaseImpl.o
    0x20000ed0   0x00000004   Zero   RW         4691    .bss._ZZN3ble4impl15BLEInstanceBase6getGapEvE3gap  BUILD/DISCO_L475VG_IOT01A/ARMC6/mbed-os/connectivity/FEATURE_BLE/source/cordio/source/BLEInstanceBaseImpl.o
    0x20000ed4   0x00000058   Zero   RW         5195    .bss._ZZN3ble4impl6PalGap7get_gapEvE4_gap  BUILD/DISCO_L475VG_IOT01A/ARMC6/mbed-os/connectivity/FEATURE_BLE/source/cordio/source/PalGapImpl.o
    0x20000f2c   0x00000004   Zero   RW        29956    .bss._ZZN4rtos6Kernel4impl14get_tick_countEvE6tick_l  BUILD/DISCO_L475VG_IOT01A/ARMC6/mbed-os/rtos/source/Kernel.o
    0x20000f30   0x00000020   Zero   RW          829    .bss._static_mutexes  BUILD/DISCO_L475VG_IOT01A/ARMC6/mbed-os/cmsis/device/rtos/TOOLCHAIN_ARM_STD/mbed_boot_arm_std.o
    0x20000f50   0x00000058   Zero   RW         1572    .bss.attCb          BUILD/DISCO_L475VG_IOT01A/ARMC6/mbed-os/connectivity/FEATURE_BLE/libraries/cordio_stack/ble-host/sources/stack/att/att_main.o
    0x20000fa8   0x00000134   Zero   RW         1837    .bss.attcCb         BUILD/DISCO_L475VG_IOT01A/ARMC6/mbed-os/connectivity/FEATURE_BLE/libraries/cordio_stack/ble-host/sources/stack/att/attc_main.o
    0x200010dc   0x00000018   Zero   RW         1932    .bss.attsCccCb      BUILD/DISCO_L475VG_IOT01A/ARMC6/mbed-os/connectivity/FEATURE_BLE/libraries/cordio_stack/ble-host/sources/stack/att/atts_ccc.o
    0x200010f4   0x00000010   Zero   RW         1957    .bss.attsCsfCb      BUILD/DISCO_L475VG_IOT01A/ARMC6/mbed-os/connectivity/FEATURE_BLE/libraries/cordio_stack/ble-host/sources/stack/att/atts_csf.o
    0x20001104   0x00000018   Zero   RW         2933    .bss.dmCb           BUILD/DISCO_L475VG_IOT01A/ARMC6/mbed-os/connectivity/FEATURE_BLE/libraries/cordio_stack/ble-host/sources/stack/dm/dm_main.o
    0x2000111c   0x000000d4   Zero   RW         2642    .bss.dmConnCb       BUILD/DISCO_L475VG_IOT01A/ARMC6/mbed-os/connectivity/FEATURE_BLE/libraries/cordio_stack/ble-host/sources/stack/dm/dm_conn.o
    0x200011f0   0x0000000c   Zero   RW         2644    .bss.dmConnUpdActSet  BUILD/DISCO_L475VG_IOT01A/ARMC6/mbed-os/connectivity/FEATURE_BLE/libraries/cordio_stack/ble-host/sources/stack/dm/dm_conn.o
    0x200011fc   0x00000004   Zero   RW         2806    .bss.dmDevCb        BUILD/DISCO_L475VG_IOT01A/ARMC6/mbed-os/connectivity/FEATURE_BLE/libraries/cordio_stack/ble-host/sources/stack/dm/dm_dev.o
    0x20001200   0x0000002a   Zero   RW         2282    .bss.dmExtAdvCb     BUILD/DISCO_L475VG_IOT01A/ARMC6/mbed-os/connectivity/FEATURE_BLE/libraries/cordio_stack/ble-host/sources/stack/dm/dm_adv_ae.o
    0x2000122a   0x00000001   Zero   RW         3063    .bss.dmExtScanActHciReport.filtered  BUILD/DISCO_L475VG_IOT01A/ARMC6/mbed-os/connectivity/FEATURE_BLE/libraries/cordio_stack/ble-host/sources/stack/dm/dm_scan_ae.o
    0x2000122b   0x00000001   PAD
    0x2000122c   0x00000012   Zero   RW         2283    .bss.dmPerAdvCb     BUILD/DISCO_L475VG_IOT01A/ARMC6/mbed-os/connectivity/FEATURE_BLE/libraries/cordio_stack/ble-host/sources/stack/dm/dm_adv_ae.o
    0x2000123e   0x00000002   PAD
    0x20001240   0x0000001a   Zero   RW         3028    .bss.dmPrivCb       BUILD/DISCO_L475VG_IOT01A/ARMC6/mbed-os/connectivity/FEATURE_BLE/libraries/cordio_stack/ble-host/sources/stack/dm/dm_priv.o
    0x2000125a   0x00000002   PAD
    0x2000125c   0x00000024   Zero   RW         3043    .bss.dmScanCb       BUILD/DISCO_L475VG_IOT01A/ARMC6/mbed-os/connectivity/FEATURE_BLE/libraries/cordio_stack/ble-host/sources/stack/dm/dm_scan.o
    0x20001280   0x0000000e   Zero   RW         3213    .bss.dmSyncCb       BUILD/DISCO_L475VG_IOT01A/ARMC6/mbed-os/connectivity/FEATURE_BLE/libraries/cordio_stack/ble-host/sources/stack/dm/dm_sync_ae.o
    0x2000128e   0x00000002   PAD
    0x20001290   0x00000004   Zero   RW        29376    .bss.error_count    BUILD/DISCO_L475VG_IOT01A/ARMC6/mbed-os/platform/source/mbed_error.o
    0x20001294   0x00000004   PAD
    0x20001298   0x00000038   Zero   RW        28625    .bss.events         BUILD/DISCO_L475VG_IOT01A/ARMC6/mbed-os/hal/source/mbed_lp_ticker_api.o
    0x200012d0   0x0000004c   Zero   RW           79    .bss.hI2cHandler    BUILD/DISCO_L475VG_IOT01A/ARMC6/DISCO_L475VG_IOT01-Sensors-BSP/BSP_B-L475E-IOT01/Drivers/BSP/B-L475E-IOT01/stm32l475e_iot01.o
    0x2000131c   0x00000001   Zero   RW        29379    .bss.halt_in_progress  BUILD/DISCO_L475VG_IOT01A/ARMC6/mbed-os/platform/source/mbed_error.o
    0x2000131d   0x00000003   PAD
    0x20001320   0x0000001c   Zero   RW         1110    .bss.hciCmdCb       BUILD/DISCO_L475VG_IOT01A/ARMC6/mbed-os/connectivity/FEATURE_BLE/libraries/cordio_stack/ble-host/sources/hci/dual_chip/hci_cmd.o
    0x2000133c   0x00000004   Zero   RW         5356    .bss.hciTrSerialRxIncoming.hdrRx  BUILD/DISCO_L475VG_IOT01A/ARMC6/mbed-os/connectivity/FEATURE_BLE/source/cordio/stack_adaptation/hci_tr.o
    0x20001340   0x00000002   Zero   RW         5355    .bss.hciTrSerialRxIncoming.iRx  BUILD/DISCO_L475VG_IOT01A/ARMC6/mbed-os/connectivity/FEATURE_BLE/source/cordio/stack_adaptation/hci_tr.o
    0x20001342   0x00000002   PAD
    0x20001344   0x00000004   Zero   RW         5358    .bss.hciTrSerialRxIncoming.pDataRx  BUILD/DISCO_L475VG_IOT01A/ARMC6/mbed-os/connectivity/FEATURE_BLE/source/cordio/stack_adaptation/hci_tr.o
    0x20001348   0x00000001   Zero   RW         5354    .bss.hciTrSerialRxIncoming.pktIndRx  BUILD/DISCO_L475VG_IOT01A/ARMC6/mbed-os/connectivity/FEATURE_BLE/source/cordio/stack_adaptation/hci_tr.o
    0x20001349   0x00000001   PAD
    0x2000134a   0x00000002   Zero   RW        35427    .bss.irq_channel_used  BUILD/DISCO_L475VG_IOT01A/ARMC6/mbed-os/targets/TARGET_STM/gpio_irq_api.o
    0x2000134c   0x00000004   Zero   RW        35380    .bss.irq_handler    BUILD/DISCO_L475VG_IOT01A/ARMC6/mbed-os/targets/TARGET_STM/can_api.o
    0x20001350   0x00000004   Zero   RW        35429    .bss.irq_handler    BUILD/DISCO_L475VG_IOT01A/ARMC6/mbed-os/targets/TARGET_STM/gpio_irq_api.o
    0x20001354   0x00000040   Zero   RW        29373    .bss.last_error_ctx  BUILD/DISCO_L475VG_IOT01A/ARMC6/mbed-os/platform/source/mbed_error.o
    0x20001394   0x00000001   Zero   RW        35561    .bss.lp_delayed_prog  BUILD/DISCO_L475VG_IOT01A/ARMC6/mbed-os/targets/TARGET_STM/lp_ticker.o
    0x20001395   0x00000001   Zero   RW        29372    .bss.mbed_error_in_progress  BUILD/DISCO_L475VG_IOT01A/ARMC6/mbed-os/platform/source/mbed_error.o
    0x20001396   0x00000002   PAD
    0x20001398   0x00000004   Zero   RW        29638    .bss.mbed_heap_size  BUILD/DISCO_L475VG_IOT01A/ARMC6/mbed-os/platform/source/mbed_retarget.o
    0x2000139c   0x00000004   Zero   RW        35588    .bss.mbed_sdk_inited  BUILD/DISCO_L475VG_IOT01A/ARMC6/mbed-os/targets/TARGET_STM/mbed_overrides.o
    0x200013a0   0x00000004   Zero   RW          847    .bss.mbed_stack_isr_size  BUILD/DISCO_L475VG_IOT01A/ARMC6/mbed-os/cmsis/device/rtos/source/mbed_boot.o
    0x200013a4   0x00000040   Zero   RW          448    .bss.os             BUILD/DISCO_L475VG_IOT01A/ARMC6/mbed-os/cmsis/CMSIS_5/CMSIS/RTOS2/RTX/Source/rtx_lib.o
    0x200013e4   0x00000034   Zero   RW          459    .bss.os.msgqueue.cb  BUILD/DISCO_L475VG_IOT01A/ARMC6/mbed-os/cmsis/CMSIS_5/CMSIS/RTOS2/RTX/Source/rtx_lib.o
    0x20001418   0x00000050   Zero   RW          460    .bss.os.msgqueue.mem  BUILD/DISCO_L475VG_IOT01A/ARMC6/mbed-os/cmsis/CMSIS_5/CMSIS/RTOS2/RTX/Source/rtx_lib.o
    0x20001468   0x00000300   Zero   RW          457    .bss.os.thread.idle.stack  BUILD/DISCO_L475VG_IOT01A/ARMC6/mbed-os/cmsis/CMSIS_5/CMSIS/RTOS2/RTX/Source/rtx_lib.o
    0x20001768   0x00000001   Zero   RW          831    .bss.os_kernel_is_active.os_kernel_active  BUILD/DISCO_L475VG_IOT01A/ARMC6/mbed-os/cmsis/device/rtos/TOOLCHAIN_ARM_STD/mbed_boot_arm_std.o
    0x20001769   0x00000001   Zero   RW        35563    .bss.roll_over_flag  BUILD/DISCO_L475VG_IOT01A/ARMC6/mbed-os/targets/TARGET_STM/lp_ticker.o
    0x2000176a   0x00000001   Zero   RW        35566    .bss.sleep_manager_locked  BUILD/DISCO_L475VG_IOT01A/ARMC6/mbed-os/targets/TARGET_STM/lp_ticker.o
    0x2000176b   0x00000001   Zero   RW         4679    .bss.stack_handler_id  BUILD/DISCO_L475VG_IOT01A/ARMC6/mbed-os/connectivity/FEATURE_BLE/source/cordio/source/BLEInstanceBaseImpl.o
    0x2000176c   0x00000001   Zero   RW        28586    .bss.state_saved    BUILD/DISCO_L475VG_IOT01A/ARMC6/mbed-os/hal/source/mbed_critical_section_api.o
    0x2000176d   0x00000003   PAD
    0x20001770   0x00000004   Zero   RW          895    .bss.terminate_hook  BUILD/DISCO_L475VG_IOT01A/ARMC6/mbed-os/cmsis/device/rtos/source/mbed_rtx_handlers.o
    0x20001774   0x00000004   Zero   RW        35843    .bss.timer_cnt_reg  BUILD/DISCO_L475VG_IOT01A/ARMC6/mbed-os/targets/TARGET_STM/us_ticker.o
    0x20001778   0x00000004   Zero   RW        35845    .bss.timer_dier_reg  BUILD/DISCO_L475VG_IOT01A/ARMC6/mbed-os/targets/TARGET_STM/us_ticker.o
    0x2000177c   0x00000004   Zero   RW        35442    .bss.total_ticks    BUILD/DISCO_L475VG_IOT01A/ARMC6/mbed-os/targets/TARGET_STM/hal_tick_overrides.o
    0x20001780   0x00000004   Zero   RW         3878    .bss.wsfBufMem      BUILD/DISCO_L475VG_IOT01A/ARMC6/mbed-os/connectivity/FEATURE_BLE/libraries/cordio_stack/wsf/sources/port/baremetal/wsf_buf.o
    0x20001784   0x00000001   Zero   RW         3879    .bss.wsfBufNumPools  BUILD/DISCO_L475VG_IOT01A/ARMC6/mbed-os/connectivity/FEATURE_BLE/libraries/cordio_stack/wsf/sources/port/baremetal/wsf_buf.o
    0x20001785   0x00000003   PAD
    0x20001788   0x0000006c   Zero   RW         5469    .bss.wsfOs          BUILD/DISCO_L475VG_IOT01A/ARMC6/mbed-os/connectivity/FEATURE_BLE/source/cordio/stack_adaptation/wsf_os.o
    0x200017f4   0x00000004   Zero   RW         4009    .bss.wsfTimerRtcLastTicks  BUILD/DISCO_L475VG_IOT01A/ARMC6/mbed-os/connectivity/FEATURE_BLE/libraries/cordio_stack/wsf/sources/port/baremetal/wsf_timer.o


    Execution Region ARM_LIB_HEAP (Base: 0x20001800, Size: 0x00016400, Max: 0x00016400, ABSOLUTE)

    Base Addr    Size         Type   Attr      Idx    E Section Name        Object

    0x20001800   0x00016400   Zero   RW            2    ARM_LIB_HEAP.bss    anon$$obj.o


    Execution Region ARM_LIB_STACK (Base: 0x20017c00, Size: 0x00000400, Max: 0x00000400, ABSOLUTE)

    Base Addr    Size         Type   Attr      Idx    E Section Name        Object

    0x20017c00   0x00000400   Zero   RW            3    ARM_LIB_STACK.bss   anon$$obj.o


==============================================================================

Image component sizes


      Code (inc. data)   RO Data    RW Data    ZI Data      Debug   

    138772       4174       9710        584     111120      94476   Object Totals
         0          0         64          0      92416          0   (incl. Generated)
       366          0         25          0         84          0   (incl. Padding)
      4904        268          2         16        348       4852   Library Totals
        14          0          1          0          0          0   (incl. Padding)

==============================================================================


      Code (inc. data)   RO Data    RW Data    ZI Data      Debug   

    143676       4442       9712        600     111468      92648   Grand Totals
    143676       4442       9712        436     111468      92648   ELF Image Totals (compressed)
    143676       4442       9712        436          0          0   ROM Totals

==============================================================================

    Total RO  Size (Code + RO Data)               153388 ( 149.79kB)
    Total RW  Size (RW Data + ZI Data)            112068 ( 109.44kB)
    Total ROM Size (Code + RO Data + RW Data)     153824 ( 150.22kB)

==============================================================================

